# latest copy of /work/GRDVULN/tp_qa/correction/logs/02_7564295_24.log
# job 7564295 task 24 on r7n09, exit status 0, copied 2026-10-09 10:15:24
#
==========================================
Node:    r7n09
Job ID:  7564320
CPUs:    16
Started: Fri Oct  9 10:14:32 EDT 2026
==========================================
Loaded module: python/3.11
Python:  Python 3.11.13  (/work/GRDVULN/tp_qa/correction/.venv/bin/python)
------------------------------------------
State: MS  (array index 24 of 51)
Running: python "/work/GRDVULN/tp_qa/correction/scripts/02_feature_engineering.py" --states MS --shard --full-universe
/work/GRDVULN/tp_qa/correction/.venv/lib64/python3.11/site-packages/pyogrio/raw.py:200: RuntimeWarning: organizePolygons() received a polygon with more than 100 parts. The processing may be really slow.  You can skip the processing by setting METHOD=SKIP, or only make it analyze counter-clock wise parts by setting METHOD=ONLY_CCW if you can assume that the outline of holes is counter-clock wise defined
  return ogr_read(
/work/GRDVULN/tp_qa/correction/scripts/02_feature_engineering.py:379: UserWarning: This pattern is interpreted as a regular expression, and has match groups. To actually get the groups, use str.extract.
  df["has_ww_keyword"] = combined_text.str.contains(PARCEL_WW_PATTERN, na=False)
/work/GRDVULN/tp_qa/correction/scripts/02_feature_engineering.py:384: UserWarning: This pattern is interpreted as a regular expression, and has match groups. To actually get the groups, use str.extract.
  owner_clean.str.contains(r"\b(etux|sfr|borrower|surv)\b", regex=True) |
/work/GRDVULN/tp_qa/correction/scripts/02_feature_engineering.py:387: UserWarning: This pattern is interpreted as a regular expression, and has match groups. To actually get the groups, use str.extract.
  df["owner_is_govt"] = owner_clean.str.contains(
/work/GRDVULN/tp_qa/correction/scripts/02_feature_engineering.py:391: UserWarning: This pattern is interpreted as a regular expression, and has match groups. To actually get the groups, use str.extract.
  df["owner_is_utility"] = owner_clean.str.contains(
/work/GRDVULN/tp_qa/correction/scripts/02_feature_engineering.py:395: UserWarning: This pattern is interpreted as a regular expression, and has match groups. To actually get the groups, use str.extract.
  df["owner_is_electric"] = owner_clean.str.contains(
/work/GRDVULN/tp_qa/correction/scripts/02_feature_engineering.py:399: UserWarning: This pattern is interpreted as a regular expression, and has match groups. To actually get the groups, use str.extract.
  df["owner_has_llc_corp"] = owner_clean.str.contains(
=== 02_feature_engineering.py ===
SHARD MODE: writing to /work/GRDVULN/tp_qa/correction/data/feature_shards/state=MS
Run 02b_merge_feature_shards.py once every task has finished.

PART 1: Building plant features
  [population] 02 plants: kept plants serving > 100: 59/66 plants (7 removed)
  Plants loaded: 59
  Loading census geographies...
  Running census spatial joins...
  Plant features combined: 59 rows, 18 cols

PART 2: Building parcel features

--- State MS ---
  Fetching parcel attributes for 286370 parcels...
  has_ww_keyword TRUE: 642
  Computing OSM wastewater features...
  Parcels with OSM wastewater tag: 19

Unioning parcel feature files for this run's 1 state(s)...
  (Cache directory holds 52 state file(s) total, from earlier runs -- using only this run's 1 requested state(s), as it should.)
  (shard mode: 10_parcel_features.parquet is left to the merge step)

Parcel features combined: 286370 rows
  OD plants: 314 part-file(s) found across 51 partition(s); reading and unioning all of them
  19163 duplicate CWNS_ID rows across part-files (same plant processed more than once, e.g. a --limit test followed by a full run) -- kept the most recently written row for each

STEP 14: Building Stage 1 training data
  [population] 02 stage1 labels: kept plants serving > 100: 2789/2941 plants (152 removed)
  Classes: 2789
  NOTE: 2776 labelled plant(s) have no STATE_CODE and are dropped from Stage 1 training: {'Correct': 2069, 'Incorrect': 707}
        They are in the label file but not in PHYSICAL_LOCATION.txt, which is a smaller export. See this function's comment.
  Reported parcels found: 9
  OD features joined -- od_ran True for 7 / 9
  Stage 1 training rows: 9
  Correct: 8
  Incorrect: 1

STEP 15: Building Stage 2 training data
  Corrected parcels found: 5
  Plants for Stage 2: 5
  Stage 2 raw candidates labeled: 33613
  Stage 2 training rows: 33613
  Positive labels: 5
  Negative labels: 33608

=== 02_feature_engineering.py complete ===
Outputs in: /work/GRDVULN/tp_qa/correction/data/features
Finished: Fri Oct  9 10:15:24 EDT 2026
