# latest copy of /work/GRDVULN/tp_qa/correction/logs/02b_merge_7565819.log
# job 7565819 on r7n15, exit status 0, copied 2026-10-09 10:47:32
#
==========================================
Node:    r7n15
Job ID:  7565819
CPUs:    4
Started: Fri Oct  9 10:45:35 EDT 2026
==========================================
Loaded module: python/3.11
Python:  Python 3.11.13  (/work/GRDVULN/tp_qa/correction/.venv/bin/python)
------------------------------------------
Running: python "/work/GRDVULN/tp_qa/correction/scripts/02b_merge_feature_shards.py" --states "AK AL AR AZ CA CO CT DE FL GA HI IA ID IL IN KS KY LA MA MD ME MI MN MO MS MT NC ND NE NH NJ NM NV NY OH OK OR PA PR RI SC SD TN TX UT VA VT WA WI WV WY"
=== 02b_merge_feature_shards.py ===
Shards: /work/GRDVULN/tp_qa/correction/data/feature_shards
Output: /work/GRDVULN/tp_qa/correction/data/features

Merging 51 state(s)

--- 05_plant_features.parquet ---
  51 shard(s) -> 15,543 rows, 18 columns

--- 14_stage1_training.parquet ---
  51 shard(s) -> 2,481 rows, 89 columns

--- 15_stage2_training.parquet ---
  2 state(s) produced zero rows (fine -- e.g. a state with no corrections has no Stage 2 candidates): ['AK', 'RI']
  WARNING: 2 state(s) are missing columns other states have. They will be NaN in the merged table:
    AK: ['centroid_lat', 'centroid_lng', 'h3_index_9']
    RI: ['centroid_lat', 'centroid_lng', 'h3_index_9']
  51 shard(s) -> 7,314,373 rows, 67 columns

--- 10_parcel_features.parquet (from 10_parcel_features_by_state) ---
  cache holds 52 state file(s) from earlier runs; using only this run's 51, as it must
  51 state(s) -> 77,679,378 unique parcels

============================================================
  wrote 05_plant_features.parquet             15,543 rows, 18 cols, 0.8 MB
  wrote 14_stage1_training.parquet             2,481 rows, 89 cols, 0.6 MB
  wrote 15_stage2_training.parquet         7,314,373 rows, 67 cols, 436.6 MB
  wrote 10_parcel_features.parquet         77,679,378 rows, 33 cols, 5826.8 MB

=== merge complete ===
NEXT: sbatch 03_train_stage1.slurm / 04_train_stage2.slurm
      sbatch 06_build_stage2b_training.slurm  -> 07_train_stage2b.slurm
      sbatch 06b_build_rerank_training.slurm -> 07b_train_rerank.slurm
Finished: Fri Oct  9 10:47:32 EDT 2026
