# latest copy of /work/GRDVULN/tp_qa/correction/logs/04_7566078.log
# job 7566078 on r7n15, exit status 0, copied 2026-10-09 10:53:39
#
==========================================
Node:    r7n15
Job ID:  7566078
CPUs:    16
Started: Fri Oct  9 10:51:23 EDT 2026
==========================================
Loaded module: python/3.11
Python:  Python 3.11.13  (/work/GRDVULN/tp_qa/correction/.venv/bin/python)
------------------------------------------
=== 04_train_stage2.py: Stage 2 Model Training (Balanced Random Forest) ===
NEG_RATIO: 50

Loading Stage 2 training data...
  [holdout] stage2a: removed 809382 rows / 50 plants (7314373 -> 6504991)
  Total rows: 6504991
  Positive labels: 602
  Negative labels: 6504389
  Plants: 651

Sampling negatives with hard negative mining...
  Positives: 602
  Hard negatives sampled: 21070
  Easy negatives sampled: 9030
  Total training rows: 30702

  Class distribution after negative sampling (1 : 50 by design, NOT balanced):
    label 1 (this parcel IS the plant) :     602
    label 0 (it is not)                :  30,100

  For scale: the raw table is 1 : 10,805, i.e. about 10,805 candidate
  parcels per plant at inference. Every metric printed below is computed at 1 : 50,
  so it does NOT describe deployment. The scaling is printed with the metrics,
  once the measured false-positive rate is known. 12_score_holdout.py is the honest read.

  NOTE: 49 of 651 plant(s) (7.5%) have NO positive row -- their
  corrected parcel is not among their candidates. They add only negatives.
  This is a candidate-recall ceiling, not a model problem.
  Run 08_diagnose_candidate_coverage.py for the cause split (outside the k-ring /
  no parcel there / lost in a join), then 08b_analyze_ring_misses.py before
  considering K_RINGS. Measured 2026-09-24: 91.4% usable, 7.1% outside the window.
  Model columns: 49

Setting up cross-validation folds...
  Spatial fold 1: train  24,519 (79.9%,   489 pos)  |  test   6,183 (20.1%,   113 pos)
  Spatial fold 2: train  24,682 (80.4%,   479 pos)  |  test   6,020 (19.6%,   123 pos)
  Spatial fold 3: train  24,676 (80.4%,   512 pos)  |  test   6,026 (19.6%,    90 pos)
  Spatial fold 4: train  24,450 (79.6%,   463 pos)  |  test   6,252 (20.4%,   139 pos)
  Spatial fold 5: train  24,481 (79.7%,   465 pos)  |  test   6,221 (20.3%,   137 pos)
  Spatial folds: 5  |  Standard folds: 5

========================================
Tuning with SPATIAL cross-validation...
========================================
  SPATIAL CV complete in 0.8 minutes
  Best SPATIAL ROC AUC: 0.9943

========================================
Tuning with STANDARD cross-validation...
========================================
  STANDARD CV complete in 0.7 minutes
  Best STANDARD ROC AUC: 0.9945

CV Comparison:
         cv   roc_auc
1  Standard  0.994477
0   Spatial  0.994300

========================================
Fitting final model on full training data...
========================================
  Grouped split by CWNS_ID: 486 plant(s) train / 163 test
    train 23,079 rows (452 pos)  |  test 7,623 rows (150 pos)

FINAL RESULTS SUMMARY
Test set metrics:
  roc_auc     : 0.9969
  accuracy    : 0.9694
  sensitivity : 0.9933
  specificity : 0.9690
  brier_class : 0.0244

  Scaled to deployment: 3.1% false-positive rate against ~10,805 candidate
  parcels per plant is roughly 335 false parcel(s) per plant ranked
  above threshold. That is why rank-1 accuracy, not specificity, is the number
  that matters -- see 12_score_holdout.py.

Confusion matrix (rows=truth, cols=predicted; 1=this parcel IS the plant, 0=it is not):
[[7241  232]
 [   1  149]]

Computing feature importance...
Top 20 features:
          Variable  Importance  Importance_std
       log_gisacre    0.001613        0.000627
        ll_gisacre    0.001346        0.000602
     ll_bldg_count    0.001267        0.000169
        distance_m    0.000981        0.000222
      log_distance    0.000979        0.000200
     bldg_per_acre    0.000738        0.000176
      is_municipal    0.000700        0.000190
  name_pool_is_max    0.000604        0.000065
    name_pool_rank    0.000532        0.000161
            osm_ww    0.000500        0.000014
  name_match_score    0.000496        0.000052
    lbcs_ownership    0.000478        0.000183
      total_pixels    0.000387        0.000379
     name_pool_gap    0.000361        0.000051
name_pool_n_at_max    0.000346        0.000065
        within_1km    0.000306        0.000126
    dominant_count    0.000178        0.000280
        pop_served    0.000147        0.000070
     lbcs_activity    0.000142        0.000054
     lbcs_function    0.000106        0.000060

Running threshold analysis...
  Optimal Stage 2 threshold (Youden J): 0.646

CV Comparison:
         cv   roc_auc
1  Standard  0.994477
0   Spatial  0.994300
Optimal threshold: 0.646

Saving model...
  stage2_rf_model.joblib saved: 29.7 MB

=== Stage 2 training complete ===
Finished: Fri Oct  9 10:53:39 EDT 2026
