# latest copy of /work/GRDVULN/tp_qa/correction/logs/05_arr_7568283_15.log
# job 7568283 task 15 on r7n07, exit status 0, copied 2026-10-09 11:51:07
#
==========================================
Node:    r7n07
Job ID:  7568431
CPUs:    8
Started: Fri Oct  9 11:47:54 EDT 2026
==========================================
Loaded module: python/3.11
Python:  Python 3.11.13  (/work/GRDVULN/tp_qa/correction/.venv/bin/python)
------------------------------------------
Processing state: LA  (array index 15 of 48)
Output: /work/GRDVULN/tp_qa/correction/data/inference_shards/state=LA
Running: python /work/GRDVULN/tp_qa/correction/scripts/05_run_inference.py --states LA --out-dir /work/GRDVULN/tp_qa/correction/data/inference_shards/state=LA
/work/GRDVULN/tp_qa/correction/.venv/lib64/python3.11/site-packages/sklearn/impute/_base.py:647: UserWarning: Skipping features without any observed values: ['od_max_conf_drying_bed']. At least one non-missing value is needed for imputation with strategy='median'.
  warnings.warn(
=== 05_run_inference.py ===
States: ['LA']

Loading Stage 1 / Stage 2a models...
  Loaded stage1_rf_model.joblib: 74 feature columns, threshold=0.595
  Loaded stage2_rf_model.joblib: 49 feature columns, threshold=0.646

Loading full-universe plant list...
  Dropped 1 rows with non-numeric/missing coordinates
  [population] 05 universe: kept plants serving > 100: 326/338 plants (12 removed)
  326 plants across 1 state(s)

Loading plant/parcel features (from 02_feature_engineering.py --full-universe)...
  Parcel features narrowed to ['LA']: 77679378 -> 1758701 rows
  Plant features: 15543 rows  |  Parcel features: 1758701 rows

Loading OD features (01b reported-location output)...
  12677 plants with OD output

=== Stage 1: reported-location scoring ===
  Plants: 326  |  reported parcel found: 229  |  no parcel: 97 (29.8%)
  OSM-confirmed (passed by rule, not by the model): 15
  Flagged for Stage 2: 234 (97 no_parcel + 137 low_confidence)

=== Stage 2a: candidate scoring ===
    LA: 100/234 plants (0.1 min elapsed)
    LA: 200/234 plants (0.2 min elapsed)
  LA: 234 flagged plants processed
  Raw candidates (post reported-parcel exclusion): 2349038

=== Summary ===
  Plants scored          : 326
  Flagged for Stage 2     : 234
  Plants with >=1 candidate: 233
  Flagged w/ 0 candidates  : 1 (no parcel survived K_RINGS + reported-parcel exclusion)
  Not flagged (Stage 1 ok) : 92 (no candidates by design -- confirm_reported task in 10)

Written: /work/GRDVULN/tp_qa/correction/data/inference_shards/state=LA/plant_summary.parquet
Written: /work/GRDVULN/tp_qa/correction/data/inference_shards/state=LA/stage2_candidates.parquet
Finished: Fri Oct  9 11:51:07 EDT 2026  (exit 0)
