# latest copy of /work/GRDVULN/tp_qa/correction/logs/05_arr_7568292_40.log
# job 7568292 task 40 on r7n07, exit status 0, copied 2026-10-09 12:09:41
#
==========================================
Node:    r7n07
Job ID:  7568292
CPUs:    8
Started: Fri Oct  9 11:44:44 EDT 2026
==========================================
Loaded module: python/3.11
Python:  Python 3.11.13  (/work/GRDVULN/tp_qa/correction/.venv/bin/python)
------------------------------------------
Processing state: TX  (array index 40 of 48)
Output: /work/GRDVULN/tp_qa/correction/data/inference_shards/state=TX
Running: python /work/GRDVULN/tp_qa/correction/scripts/05_run_inference.py --states TX --out-dir /work/GRDVULN/tp_qa/correction/data/inference_shards/state=TX
/work/GRDVULN/tp_qa/correction/.venv/lib64/python3.11/site-packages/sklearn/impute/_base.py:647: UserWarning: Skipping features without any observed values: ['od_max_conf_drying_bed']. At least one non-missing value is needed for imputation with strategy='median'.
  warnings.warn(
=== 05_run_inference.py ===
States: ['TX']

Loading Stage 1 / Stage 2a models...
  Loaded stage1_rf_model.joblib: 74 feature columns, threshold=0.595
  Loaded stage2_rf_model.joblib: 49 feature columns, threshold=0.646

Loading full-universe plant list...
  Dropped 1 rows with non-numeric/missing coordinates
  [population] 05 universe: kept plants serving > 100: 1434/1468 plants (34 removed)
  1434 plants across 1 state(s)

Loading plant/parcel features (from 02_feature_engineering.py --full-universe)...
  Parcel features narrowed to ['TX']: 77679378 -> 7784885 rows
  Plant features: 15543 rows  |  Parcel features: 7784885 rows

Loading OD features (01b reported-location output)...
  12677 plants with OD output

=== Stage 1: reported-location scoring ===
  Plants: 1434  |  reported parcel found: 1053  |  no parcel: 381 (26.6%)
  OSM-confirmed (passed by rule, not by the model): 77
  Flagged for Stage 2: 1070 (381 no_parcel + 689 low_confidence)

=== Stage 2a: candidate scoring ===
    TX: 100/1070 plants (0.2 min elapsed)
    TX: 200/1070 plants (0.5 min elapsed)
    TX: 300/1070 plants (0.7 min elapsed)
    TX: 400/1070 plants (0.9 min elapsed)
    TX: 500/1070 plants (1.2 min elapsed)
    TX: 600/1070 plants (1.5 min elapsed)
    TX: 700/1070 plants (1.7 min elapsed)
    TX: 800/1070 plants (2.0 min elapsed)
    TX: 900/1070 plants (2.3 min elapsed)
    TX: 1000/1070 plants (2.5 min elapsed)
  TX: 1070 flagged plants processed
  Raw candidates (post reported-parcel exclusion): 18259751

=== Summary ===
  Plants scored          : 1434
  Flagged for Stage 2     : 1070
  Plants with >=1 candidate: 1070
  Flagged w/ 0 candidates  : 0 (no parcel survived K_RINGS + reported-parcel exclusion)
  Not flagged (Stage 1 ok) : 364 (no candidates by design -- confirm_reported task in 10)

Written: /work/GRDVULN/tp_qa/correction/data/inference_shards/state=TX/plant_summary.parquet
Written: /work/GRDVULN/tp_qa/correction/data/inference_shards/state=TX/stage2_candidates.parquet
Finished: Fri Oct  9 12:09:41 EDT 2026  (exit 0)
