# latest copy of /work/GRDVULN/tp_qa/correction/logs/05_arr_7568283_21.log
# job 7568283 task 21 on r7n07, exit status 0, copied 2026-10-09 11:52:35
#
==========================================
Node:    r7n07
Job ID:  7568437
CPUs:    8
Started: Fri Oct  9 11:49:40 EDT 2026
==========================================
Loaded module: python/3.11
Python:  Python 3.11.13  (/work/GRDVULN/tp_qa/correction/.venv/bin/python)
------------------------------------------
Processing state: MO  (array index 21 of 48)
Output: /work/GRDVULN/tp_qa/correction/data/inference_shards/state=MO
Running: python /work/GRDVULN/tp_qa/correction/scripts/05_run_inference.py --states MO --out-dir /work/GRDVULN/tp_qa/correction/data/inference_shards/state=MO
/work/GRDVULN/tp_qa/correction/.venv/lib64/python3.11/site-packages/sklearn/impute/_base.py:647: UserWarning: Skipping features without any observed values: ['od_max_conf_drying_bed']. At least one non-missing value is needed for imputation with strategy='median'.
  warnings.warn(
=== 05_run_inference.py ===
States: ['MO']

Loading Stage 1 / Stage 2a models...
  Loaded stage1_rf_model.joblib: 74 feature columns, threshold=0.595
  Loaded stage2_rf_model.joblib: 49 feature columns, threshold=0.646

Loading full-universe plant list...
  Dropped 1 rows with non-numeric/missing coordinates
  [population] 05 universe: kept plants serving > 100: 804/873 plants (69 removed)
  804 plants across 1 state(s)

Loading plant/parcel features (from 02_feature_engineering.py --full-universe)...
  Parcel features narrowed to ['MO']: 77679378 -> 1804101 rows
  Plant features: 15543 rows  |  Parcel features: 1804101 rows

Loading OD features (01b reported-location output)...
  12677 plants with OD output

=== Stage 1: reported-location scoring ===
  Plants: 804  |  reported parcel found: 681  |  no parcel: 123 (15.3%)
  OSM-confirmed (passed by rule, not by the model): 48
  Flagged for Stage 2: 408 (123 no_parcel + 285 low_confidence)

=== Stage 2a: candidate scoring ===
    MO: 100/408 plants (0.1 min elapsed)
    MO: 200/408 plants (0.1 min elapsed)
    MO: 300/408 plants (0.2 min elapsed)
    MO: 400/408 plants (0.3 min elapsed)
  MO: 408 flagged plants processed
  Raw candidates (post reported-parcel exclusion): 1710500

=== Summary ===
  Plants scored          : 804
  Flagged for Stage 2     : 408
  Plants with >=1 candidate: 408
  Flagged w/ 0 candidates  : 0 (no parcel survived K_RINGS + reported-parcel exclusion)
  Not flagged (Stage 1 ok) : 396 (no candidates by design -- confirm_reported task in 10)

Written: /work/GRDVULN/tp_qa/correction/data/inference_shards/state=MO/plant_summary.parquet
Written: /work/GRDVULN/tp_qa/correction/data/inference_shards/state=MO/stage2_candidates.parquet
Finished: Fri Oct  9 11:52:35 EDT 2026  (exit 0)
