# latest copy of /work/GRDVULN/tp_qa/correction/logs/05_arr_7568283_24.log
# job 7568283 task 24 on r7n07, exit status 0, copied 2026-10-09 11:52:38
#
==========================================
Node:    r7n07
Job ID:  7568440
CPUs:    8
Started: Fri Oct  9 11:50:19 EDT 2026
==========================================
Loaded module: python/3.11
Python:  Python 3.11.13  (/work/GRDVULN/tp_qa/correction/.venv/bin/python)
------------------------------------------
Processing state: NC  (array index 24 of 48)
Output: /work/GRDVULN/tp_qa/correction/data/inference_shards/state=NC
Running: python /work/GRDVULN/tp_qa/correction/scripts/05_run_inference.py --states NC --out-dir /work/GRDVULN/tp_qa/correction/data/inference_shards/state=NC
/work/GRDVULN/tp_qa/correction/.venv/lib64/python3.11/site-packages/sklearn/impute/_base.py:647: UserWarning: Skipping features without any observed values: ['od_max_conf_drying_bed']. At least one non-missing value is needed for imputation with strategy='median'.
  warnings.warn(
=== 05_run_inference.py ===
States: ['NC']

Loading Stage 1 / Stage 2a models...
  Loaded stage1_rf_model.joblib: 74 feature columns, threshold=0.595
  Loaded stage2_rf_model.joblib: 49 feature columns, threshold=0.646

Loading full-universe plant list...
  Dropped 1 rows with non-numeric/missing coordinates
  [population] 05 universe: kept plants serving > 100: 329/341 plants (12 removed)
  329 plants across 1 state(s)

Loading plant/parcel features (from 02_feature_engineering.py --full-universe)...
  Parcel features narrowed to ['NC']: 77679378 -> 2021229 rows
  Plant features: 15543 rows  |  Parcel features: 2021229 rows

Loading OD features (01b reported-location output)...
  12677 plants with OD output

=== Stage 1: reported-location scoring ===
  Plants: 329  |  reported parcel found: 230  |  no parcel: 99 (30.1%)
  OSM-confirmed (passed by rule, not by the model): 49
  Flagged for Stage 2: 217 (99 no_parcel + 118 low_confidence)

=== Stage 2a: candidate scoring ===
    NC: 100/217 plants (0.1 min elapsed)
    NC: 200/217 plants (0.2 min elapsed)
  NC: 217 flagged plants processed
  Raw candidates (post reported-parcel exclusion): 1385336

=== Summary ===
  Plants scored          : 329
  Flagged for Stage 2     : 217
  Plants with >=1 candidate: 217
  Flagged w/ 0 candidates  : 0 (no parcel survived K_RINGS + reported-parcel exclusion)
  Not flagged (Stage 1 ok) : 112 (no candidates by design -- confirm_reported task in 10)

Written: /work/GRDVULN/tp_qa/correction/data/inference_shards/state=NC/plant_summary.parquet
Written: /work/GRDVULN/tp_qa/correction/data/inference_shards/state=NC/stage2_candidates.parquet
Finished: Fri Oct  9 11:52:38 EDT 2026  (exit 0)
