# latest copy of /work/GRDVULN/tp_qa/correction/logs/05_arr_7568283_31.log
# job 7568283 task 31 on r7n07, exit status 0, copied 2026-10-09 11:59:09
#
==========================================
Node:    r7n07
Job ID:  7568447
CPUs:    8
Started: Fri Oct  9 11:52:03 EDT 2026
==========================================
Loaded module: python/3.11
Python:  Python 3.11.13  (/work/GRDVULN/tp_qa/correction/.venv/bin/python)
------------------------------------------
Processing state: NY  (array index 31 of 48)
Output: /work/GRDVULN/tp_qa/correction/data/inference_shards/state=NY
Running: python /work/GRDVULN/tp_qa/correction/scripts/05_run_inference.py --states NY --out-dir /work/GRDVULN/tp_qa/correction/data/inference_shards/state=NY
/work/GRDVULN/tp_qa/correction/.venv/lib64/python3.11/site-packages/sklearn/impute/_base.py:647: UserWarning: Skipping features without any observed values: ['od_max_conf_drying_bed']. At least one non-missing value is needed for imputation with strategy='median'.
  warnings.warn(
=== 05_run_inference.py ===
States: ['NY']

Loading Stage 1 / Stage 2a models...
  Loaded stage1_rf_model.joblib: 74 feature columns, threshold=0.595
  Loaded stage2_rf_model.joblib: 49 feature columns, threshold=0.646

Loading full-universe plant list...
  Dropped 1 rows with non-numeric/missing coordinates
  [population] 05 universe: kept plants serving > 100: 613/659 plants (46 removed)
  613 plants across 1 state(s)

Loading plant/parcel features (from 02_feature_engineering.py --full-universe)...
  Parcel features narrowed to ['NY']: 77679378 -> 3930523 rows
  Plant features: 15543 rows  |  Parcel features: 3930523 rows

Loading OD features (01b reported-location output)...
  12677 plants with OD output

=== Stage 1: reported-location scoring ===
  Plants: 613  |  reported parcel found: 394  |  no parcel: 219 (35.7%)
  OSM-confirmed (passed by rule, not by the model): 50
  Flagged for Stage 2: 423 (219 no_parcel + 204 low_confidence)

=== Stage 2a: candidate scoring ===
    NY: 100/423 plants (0.1 min elapsed)
    NY: 200/423 plants (0.3 min elapsed)
    NY: 300/423 plants (0.4 min elapsed)
    NY: 400/423 plants (0.6 min elapsed)
  NY: 423 flagged plants processed
  Raw candidates (post reported-parcel exclusion): 5020663

=== Summary ===
  Plants scored          : 613
  Flagged for Stage 2     : 423
  Plants with >=1 candidate: 423
  Flagged w/ 0 candidates  : 0 (no parcel survived K_RINGS + reported-parcel exclusion)
  Not flagged (Stage 1 ok) : 190 (no candidates by design -- confirm_reported task in 10)

Written: /work/GRDVULN/tp_qa/correction/data/inference_shards/state=NY/plant_summary.parquet
Written: /work/GRDVULN/tp_qa/correction/data/inference_shards/state=NY/stage2_candidates.parquet
Finished: Fri Oct  9 11:59:09 EDT 2026  (exit 0)
