# latest copy of /work/GRDVULN/tp_qa/correction/logs/05_arr_7568283_6.log
# job 7568283 task 6 on r7n07, exit status 0, copied 2026-10-09 11:45:24
#
==========================================
Node:    r7n07
Job ID:  7568290
CPUs:    8
Started: Fri Oct  9 11:44:27 EDT 2026
==========================================
Loaded module: python/3.11
Python:  Python 3.11.13  (/work/GRDVULN/tp_qa/correction/.venv/bin/python)
------------------------------------------
Processing state: DE  (array index 6 of 48)
Output: /work/GRDVULN/tp_qa/correction/data/inference_shards/state=DE
Running: python /work/GRDVULN/tp_qa/correction/scripts/05_run_inference.py --states DE --out-dir /work/GRDVULN/tp_qa/correction/data/inference_shards/state=DE
/work/GRDVULN/tp_qa/correction/.venv/lib64/python3.11/site-packages/sklearn/impute/_base.py:647: UserWarning: Skipping features without any observed values: ['od_max_conf_drying_bed']. At least one non-missing value is needed for imputation with strategy='median'.
  warnings.warn(
=== 05_run_inference.py ===
States: ['DE']

Loading Stage 1 / Stage 2a models...
  Loaded stage1_rf_model.joblib: 74 feature columns, threshold=0.595
  Loaded stage2_rf_model.joblib: 49 feature columns, threshold=0.646

Loading full-universe plant list...
  Dropped 1 rows with non-numeric/missing coordinates
  [population] 05 universe: kept plants serving > 100: 18/19 plants (1 removed)
  18 plants across 1 state(s)

Loading plant/parcel features (from 02_feature_engineering.py --full-universe)...
  Parcel features narrowed to ['DE']: 77679378 -> 169090 rows
  Plant features: 15543 rows  |  Parcel features: 169090 rows

Loading OD features (01b reported-location output)...
  12677 plants with OD output

=== Stage 1: reported-location scoring ===
  Plants: 18  |  reported parcel found: 16  |  no parcel: 2 (11.1%)
  OSM-confirmed (passed by rule, not by the model): 2
  Flagged for Stage 2: 11 (2 no_parcel + 9 low_confidence)

=== Stage 2a: candidate scoring ===
  DE: 11 flagged plants processed
  Raw candidates (post reported-parcel exclusion): 128685

=== Summary ===
  Plants scored          : 18
  Flagged for Stage 2     : 11
  Plants with >=1 candidate: 11
  Flagged w/ 0 candidates  : 0 (no parcel survived K_RINGS + reported-parcel exclusion)
  Not flagged (Stage 1 ok) : 7 (no candidates by design -- confirm_reported task in 10)

Written: /work/GRDVULN/tp_qa/correction/data/inference_shards/state=DE/plant_summary.parquet
Written: /work/GRDVULN/tp_qa/correction/data/inference_shards/state=DE/stage2_candidates.parquet
Finished: Fri Oct  9 11:45:24 EDT 2026  (exit 0)
