# latest copy of /work/GRDVULN/tp_qa/correction/logs/05_arr_7568283_11.log
# job 7568283 task 11 on r7n07, exit status 0, copied 2026-10-09 11:53:23
#
==========================================
Node:    r7n07
Job ID:  7568426
CPUs:    8
Started: Fri Oct  9 11:46:37 EDT 2026
==========================================
Loaded module: python/3.11
Python:  Python 3.11.13  (/work/GRDVULN/tp_qa/correction/.venv/bin/python)
------------------------------------------
Processing state: IL  (array index 11 of 48)
Output: /work/GRDVULN/tp_qa/correction/data/inference_shards/state=IL
Running: python /work/GRDVULN/tp_qa/correction/scripts/05_run_inference.py --states IL --out-dir /work/GRDVULN/tp_qa/correction/data/inference_shards/state=IL
/work/GRDVULN/tp_qa/correction/.venv/lib64/python3.11/site-packages/sklearn/impute/_base.py:647: UserWarning: Skipping features without any observed values: ['od_max_conf_drying_bed']. At least one non-missing value is needed for imputation with strategy='median'.
  warnings.warn(
=== 05_run_inference.py ===
States: ['IL']

Loading Stage 1 / Stage 2a models...
  Loaded stage1_rf_model.joblib: 74 feature columns, threshold=0.595
  Loaded stage2_rf_model.joblib: 49 feature columns, threshold=0.646

Loading full-universe plant list...
  Dropped 1 rows with non-numeric/missing coordinates
  [population] 05 universe: kept plants serving > 100: 770/792 plants (22 removed)
  770 plants across 1 state(s)

Loading plant/parcel features (from 02_feature_engineering.py --full-universe)...
  Parcel features narrowed to ['IL']: 77679378 -> 3502458 rows
  Plant features: 15543 rows  |  Parcel features: 3502458 rows

Loading OD features (01b reported-location output)...
  12677 plants with OD output

=== Stage 1: reported-location scoring ===
  Plants: 770  |  reported parcel found: 453  |  no parcel: 317 (41.2%)
  OSM-confirmed (passed by rule, not by the model): 27
  Flagged for Stage 2: 616 (317 no_parcel + 299 low_confidence)

=== Stage 2a: candidate scoring ===
    IL: 100/616 plants (0.1 min elapsed)
    IL: 200/616 plants (0.2 min elapsed)
    IL: 300/616 plants (0.3 min elapsed)
    IL: 400/616 plants (0.5 min elapsed)
    IL: 500/616 plants (0.6 min elapsed)
    IL: 600/616 plants (0.7 min elapsed)
  IL: 616 flagged plants processed
  Raw candidates (post reported-parcel exclusion): 4652917

=== Summary ===
  Plants scored          : 770
  Flagged for Stage 2     : 616
  Plants with >=1 candidate: 616
  Flagged w/ 0 candidates  : 0 (no parcel survived K_RINGS + reported-parcel exclusion)
  Not flagged (Stage 1 ok) : 154 (no candidates by design -- confirm_reported task in 10)

Written: /work/GRDVULN/tp_qa/correction/data/inference_shards/state=IL/plant_summary.parquet
Written: /work/GRDVULN/tp_qa/correction/data/inference_shards/state=IL/stage2_candidates.parquet
Finished: Fri Oct  9 11:53:23 EDT 2026  (exit 0)
