# latest copy of /work/GRDVULN/tp_qa/correction/logs/05_arr_7568283_4.log
# job 7568283 task 4 on r7n07, exit status 0, copied 2026-10-09 11:47:53
#
==========================================
Node:    r7n07
Job ID:  7568288
CPUs:    8
Started: Fri Oct  9 11:44:27 EDT 2026
==========================================
Loaded module: python/3.11
Python:  Python 3.11.13  (/work/GRDVULN/tp_qa/correction/.venv/bin/python)
------------------------------------------
Processing state: CO  (array index 4 of 48)
Output: /work/GRDVULN/tp_qa/correction/data/inference_shards/state=CO
Running: python /work/GRDVULN/tp_qa/correction/scripts/05_run_inference.py --states CO --out-dir /work/GRDVULN/tp_qa/correction/data/inference_shards/state=CO
/work/GRDVULN/tp_qa/correction/.venv/lib64/python3.11/site-packages/sklearn/impute/_base.py:647: UserWarning: Skipping features without any observed values: ['od_max_conf_drying_bed']. At least one non-missing value is needed for imputation with strategy='median'.
  warnings.warn(
=== 05_run_inference.py ===
States: ['CO']

Loading Stage 1 / Stage 2a models...
  Loaded stage1_rf_model.joblib: 74 feature columns, threshold=0.595
  Loaded stage2_rf_model.joblib: 49 feature columns, threshold=0.646

Loading full-universe plant list...
  Dropped 1 rows with non-numeric/missing coordinates
  [population] 05 universe: kept plants serving > 100: 382/417 plants (35 removed)
  382 plants across 1 state(s)

Loading plant/parcel features (from 02_feature_engineering.py --full-universe)...
  Parcel features narrowed to ['CO']: 77679378 -> 1962774 rows
  Plant features: 15543 rows  |  Parcel features: 1962774 rows

Loading OD features (01b reported-location output)...
  12677 plants with OD output

=== Stage 1: reported-location scoring ===
  Plants: 382  |  reported parcel found: 299  |  no parcel: 83 (21.7%)
  OSM-confirmed (passed by rule, not by the model): 21
  Flagged for Stage 2: 239 (83 no_parcel + 156 low_confidence)

=== Stage 2a: candidate scoring ===
    CO: 100/239 plants (0.1 min elapsed)
    CO: 200/239 plants (0.2 min elapsed)
  CO: 239 flagged plants processed
  Raw candidates (post reported-parcel exclusion): 1959692

=== Summary ===
  Plants scored          : 382
  Flagged for Stage 2     : 239
  Plants with >=1 candidate: 239
  Flagged w/ 0 candidates  : 0 (no parcel survived K_RINGS + reported-parcel exclusion)
  Not flagged (Stage 1 ok) : 143 (no candidates by design -- confirm_reported task in 10)

Written: /work/GRDVULN/tp_qa/correction/data/inference_shards/state=CO/plant_summary.parquet
Written: /work/GRDVULN/tp_qa/correction/data/inference_shards/state=CO/stage2_candidates.parquet
Finished: Fri Oct  9 11:47:53 EDT 2026  (exit 0)
