# latest copy of /work/GRDVULN/tp_qa/correction/logs/05_arr_7568283_13.log
# job 7568283 task 13 on r7n07, exit status 0, copied 2026-10-09 11:49:02
#
==========================================
Node:    r7n07
Job ID:  7568429
CPUs:    8
Started: Fri Oct  9 11:47:28 EDT 2026
==========================================
Loaded module: python/3.11
Python:  Python 3.11.13  (/work/GRDVULN/tp_qa/correction/.venv/bin/python)
------------------------------------------
Processing state: KS  (array index 13 of 48)
Output: /work/GRDVULN/tp_qa/correction/data/inference_shards/state=KS
Running: python /work/GRDVULN/tp_qa/correction/scripts/05_run_inference.py --states KS --out-dir /work/GRDVULN/tp_qa/correction/data/inference_shards/state=KS
/work/GRDVULN/tp_qa/correction/.venv/lib64/python3.11/site-packages/sklearn/impute/_base.py:647: UserWarning: Skipping features without any observed values: ['od_max_conf_drying_bed']. At least one non-missing value is needed for imputation with strategy='median'.
  warnings.warn(
=== 05_run_inference.py ===
States: ['KS']

Loading Stage 1 / Stage 2a models...
  Loaded stage1_rf_model.joblib: 74 feature columns, threshold=0.595
  Loaded stage2_rf_model.joblib: 49 feature columns, threshold=0.646

Loading full-universe plant list...
  Dropped 1 rows with non-numeric/missing coordinates
  [population] 05 universe: kept plants serving > 100: 581/624 plants (43 removed)
  581 plants across 1 state(s)

Loading plant/parcel features (from 02_feature_engineering.py --full-universe)...
  Parcel features narrowed to ['KS']: 77679378 -> 1169417 rows
  Plant features: 15543 rows  |  Parcel features: 1169417 rows

Loading OD features (01b reported-location output)...
  12677 plants with OD output

=== Stage 1: reported-location scoring ===
  Plants: 581  |  reported parcel found: 423  |  no parcel: 158 (27.2%)
  OSM-confirmed (passed by rule, not by the model): 70
  Flagged for Stage 2: 232 (158 no_parcel + 74 low_confidence)

=== Stage 2a: candidate scoring ===
    KS: 100/232 plants (0.1 min elapsed)
    KS: 200/232 plants (0.1 min elapsed)
  KS: 232 flagged plants processed
  Raw candidates (post reported-parcel exclusion): 932371

=== Summary ===
  Plants scored          : 581
  Flagged for Stage 2     : 232
  Plants with >=1 candidate: 232
  Flagged w/ 0 candidates  : 0 (no parcel survived K_RINGS + reported-parcel exclusion)
  Not flagged (Stage 1 ok) : 349 (no candidates by design -- confirm_reported task in 10)

Written: /work/GRDVULN/tp_qa/correction/data/inference_shards/state=KS/plant_summary.parquet
Written: /work/GRDVULN/tp_qa/correction/data/inference_shards/state=KS/stage2_candidates.parquet
Finished: Fri Oct  9 11:49:02 EDT 2026  (exit 0)
