# latest copy of /work/GRDVULN/tp_qa/correction/logs/05_arr_7568283_10.log
# job 7568283 task 10 on r7n07, exit status 0, copied 2026-10-09 11:47:27
#
==========================================
Node:    r7n07
Job ID:  7568425
CPUs:    8
Started: Fri Oct  9 11:46:36 EDT 2026
==========================================
Loaded module: python/3.11
Python:  Python 3.11.13  (/work/GRDVULN/tp_qa/correction/.venv/bin/python)
------------------------------------------
Processing state: ID  (array index 10 of 48)
Output: /work/GRDVULN/tp_qa/correction/data/inference_shards/state=ID
Running: python /work/GRDVULN/tp_qa/correction/scripts/05_run_inference.py --states ID --out-dir /work/GRDVULN/tp_qa/correction/data/inference_shards/state=ID
/work/GRDVULN/tp_qa/correction/.venv/lib64/python3.11/site-packages/sklearn/impute/_base.py:647: UserWarning: Skipping features without any observed values: ['od_max_conf_drying_bed']. At least one non-missing value is needed for imputation with strategy='median'.
  warnings.warn(
=== 05_run_inference.py ===
States: ['ID']

Loading Stage 1 / Stage 2a models...
  Loaded stage1_rf_model.joblib: 74 feature columns, threshold=0.595
  Loaded stage2_rf_model.joblib: 49 feature columns, threshold=0.646

Loading full-universe plant list...
  Dropped 1 rows with non-numeric/missing coordinates
  [population] 05 universe: kept plants serving > 100: 175/189 plants (14 removed)
  175 plants across 1 state(s)

Loading plant/parcel features (from 02_feature_engineering.py --full-universe)...
  Parcel features narrowed to ['ID']: 77679378 -> 623064 rows
  Plant features: 15543 rows  |  Parcel features: 623064 rows

Loading OD features (01b reported-location output)...
  12677 plants with OD output

=== Stage 1: reported-location scoring ===
  Plants: 175  |  reported parcel found: 141  |  no parcel: 34 (19.4%)
  OSM-confirmed (passed by rule, not by the model): 16
  Flagged for Stage 2: 89 (34 no_parcel + 55 low_confidence)

=== Stage 2a: candidate scoring ===
  ID: 89 flagged plants processed
  Raw candidates (post reported-parcel exclusion): 437996

=== Summary ===
  Plants scored          : 175
  Flagged for Stage 2     : 89
  Plants with >=1 candidate: 89
  Flagged w/ 0 candidates  : 0 (no parcel survived K_RINGS + reported-parcel exclusion)
  Not flagged (Stage 1 ok) : 86 (no candidates by design -- confirm_reported task in 10)

Written: /work/GRDVULN/tp_qa/correction/data/inference_shards/state=ID/plant_summary.parquet
Written: /work/GRDVULN/tp_qa/correction/data/inference_shards/state=ID/stage2_candidates.parquet
Finished: Fri Oct  9 11:47:27 EDT 2026  (exit 0)
