# latest copy of /work/GRDVULN/tp_qa/correction/logs/05_arr_7568283_2.log
# job 7568283 task 2 on r7n07, exit status 0, copied 2026-10-09 11:46:37
#
==========================================
Node:    r7n07
Job ID:  7568286
CPUs:    8
Started: Fri Oct  9 11:44:26 EDT 2026
==========================================
Loaded module: python/3.11
Python:  Python 3.11.13  (/work/GRDVULN/tp_qa/correction/.venv/bin/python)
------------------------------------------
Processing state: AZ  (array index 2 of 48)
Output: /work/GRDVULN/tp_qa/correction/data/inference_shards/state=AZ
Running: python /work/GRDVULN/tp_qa/correction/scripts/05_run_inference.py --states AZ --out-dir /work/GRDVULN/tp_qa/correction/data/inference_shards/state=AZ
/work/GRDVULN/tp_qa/correction/.venv/lib64/python3.11/site-packages/sklearn/impute/_base.py:647: UserWarning: Skipping features without any observed values: ['od_max_conf_drying_bed']. At least one non-missing value is needed for imputation with strategy='median'.
  warnings.warn(
=== 05_run_inference.py ===
States: ['AZ']

Loading Stage 1 / Stage 2a models...
  Loaded stage1_rf_model.joblib: 74 feature columns, threshold=0.595
  Loaded stage2_rf_model.joblib: 49 feature columns, threshold=0.646

Loading full-universe plant list...
  Dropped 1 rows with non-numeric/missing coordinates
  [population] 05 universe: kept plants serving > 100: 130/139 plants (9 removed)
  130 plants across 1 state(s)

Loading plant/parcel features (from 02_feature_engineering.py --full-universe)...
  Parcel features narrowed to ['AZ']: 77679378 -> 1776993 rows
  Plant features: 15543 rows  |  Parcel features: 1776993 rows

Loading OD features (01b reported-location output)...
  12677 plants with OD output

=== Stage 1: reported-location scoring ===
  Plants: 130  |  reported parcel found: 112  |  no parcel: 18 (13.8%)
  OSM-confirmed (passed by rule, not by the model): 15
  Flagged for Stage 2: 76 (18 no_parcel + 58 low_confidence)

=== Stage 2a: candidate scoring ===
  AZ: 76 flagged plants processed
  Raw candidates (post reported-parcel exclusion): 1012327

=== Summary ===
  Plants scored          : 130
  Flagged for Stage 2     : 76
  Plants with >=1 candidate: 74
  Flagged w/ 0 candidates  : 2 (no parcel survived K_RINGS + reported-parcel exclusion)
  Not flagged (Stage 1 ok) : 54 (no candidates by design -- confirm_reported task in 10)

Written: /work/GRDVULN/tp_qa/correction/data/inference_shards/state=AZ/plant_summary.parquet
Written: /work/GRDVULN/tp_qa/correction/data/inference_shards/state=AZ/stage2_candidates.parquet
Finished: Fri Oct  9 11:46:37 EDT 2026  (exit 0)
