# latest copy of /work/GRDVULN/tp_qa/correction/logs/05_arr_7568283_19.log
# job 7568283 task 19 on r7n07, exit status 0, copied 2026-10-09 11:51:41
#
==========================================
Node:    r7n07
Job ID:  7568435
CPUs:    8
Started: Fri Oct  9 11:49:03 EDT 2026
==========================================
Loaded module: python/3.11
Python:  Python 3.11.13  (/work/GRDVULN/tp_qa/correction/.venv/bin/python)
------------------------------------------
Processing state: MI  (array index 19 of 48)
Output: /work/GRDVULN/tp_qa/correction/data/inference_shards/state=MI
Running: python /work/GRDVULN/tp_qa/correction/scripts/05_run_inference.py --states MI --out-dir /work/GRDVULN/tp_qa/correction/data/inference_shards/state=MI
/work/GRDVULN/tp_qa/correction/.venv/lib64/python3.11/site-packages/sklearn/impute/_base.py:647: UserWarning: Skipping features without any observed values: ['od_max_conf_drying_bed']. At least one non-missing value is needed for imputation with strategy='median'.
  warnings.warn(
=== 05_run_inference.py ===
States: ['MI']

Loading Stage 1 / Stage 2a models...
  Loaded stage1_rf_model.joblib: 74 feature columns, threshold=0.595
  Loaded stage2_rf_model.joblib: 49 feature columns, threshold=0.646

Loading full-universe plant list...
  Dropped 1 rows with non-numeric/missing coordinates
  [population] 05 universe: kept plants serving > 100: 391/394 plants (3 removed)
  391 plants across 1 state(s)

Loading plant/parcel features (from 02_feature_engineering.py --full-universe)...
  Parcel features narrowed to ['MI']: 77679378 -> 1995300 rows
  Plant features: 15543 rows  |  Parcel features: 1995300 rows

Loading OD features (01b reported-location output)...
  12677 plants with OD output

=== Stage 1: reported-location scoring ===
  Plants: 391  |  reported parcel found: 271  |  no parcel: 120 (30.7%)
  OSM-confirmed (passed by rule, not by the model): 28
  Flagged for Stage 2: 298 (120 no_parcel + 178 low_confidence)

=== Stage 2a: candidate scoring ===
    MI: 100/298 plants (0.1 min elapsed)
    MI: 200/298 plants (0.2 min elapsed)
  MI: 298 flagged plants processed
  Raw candidates (post reported-parcel exclusion): 1680317

=== Summary ===
  Plants scored          : 391
  Flagged for Stage 2     : 298
  Plants with >=1 candidate: 298
  Flagged w/ 0 candidates  : 0 (no parcel survived K_RINGS + reported-parcel exclusion)
  Not flagged (Stage 1 ok) : 93 (no candidates by design -- confirm_reported task in 10)

Written: /work/GRDVULN/tp_qa/correction/data/inference_shards/state=MI/plant_summary.parquet
Written: /work/GRDVULN/tp_qa/correction/data/inference_shards/state=MI/stage2_candidates.parquet
Finished: Fri Oct  9 11:51:41 EDT 2026  (exit 0)
