# latest copy of /work/GRDVULN/tp_qa/correction/logs/05_arr_7568283_3.log
# job 7568283 task 3 on r7n07, exit status 0, copied 2026-10-09 11:52:25
#
==========================================
Node:    r7n07
Job ID:  7568287
CPUs:    8
Started: Fri Oct  9 11:44:27 EDT 2026
==========================================
Loaded module: python/3.11
Python:  Python 3.11.13  (/work/GRDVULN/tp_qa/correction/.venv/bin/python)
------------------------------------------
Processing state: CA  (array index 3 of 48)
Output: /work/GRDVULN/tp_qa/correction/data/inference_shards/state=CA
Running: python /work/GRDVULN/tp_qa/correction/scripts/05_run_inference.py --states CA --out-dir /work/GRDVULN/tp_qa/correction/data/inference_shards/state=CA
/work/GRDVULN/tp_qa/correction/.venv/lib64/python3.11/site-packages/sklearn/impute/_base.py:647: UserWarning: Skipping features without any observed values: ['od_max_conf_drying_bed']. At least one non-missing value is needed for imputation with strategy='median'.
  warnings.warn(
=== 05_run_inference.py ===
States: ['CA']

Loading Stage 1 / Stage 2a models...
  Loaded stage1_rf_model.joblib: 74 feature columns, threshold=0.595
  Loaded stage2_rf_model.joblib: 49 feature columns, threshold=0.646

Loading full-universe plant list...
  Dropped 1 rows with non-numeric/missing coordinates
  [population] 05 universe: kept plants serving > 100: 476/494 plants (18 removed)
  476 plants across 1 state(s)

Loading plant/parcel features (from 02_feature_engineering.py --full-universe)...
  Parcel features narrowed to ['CA']: 77679378 -> 5795330 rows
  Plant features: 15543 rows  |  Parcel features: 5795330 rows

Loading OD features (01b reported-location output)...
  12677 plants with OD output

=== Stage 1: reported-location scoring ===
  Plants: 476  |  reported parcel found: 362  |  no parcel: 114 (23.9%)
  OSM-confirmed (passed by rule, not by the model): 59
  Flagged for Stage 2: 322 (114 no_parcel + 208 low_confidence)

=== Stage 2a: candidate scoring ===
    CA: 100/322 plants (0.2 min elapsed)
    CA: 200/322 plants (0.4 min elapsed)
    CA: 300/322 plants (0.6 min elapsed)
  CA: 322 flagged plants processed
  Raw candidates (post reported-parcel exclusion): 4951793

=== Summary ===
  Plants scored          : 476
  Flagged for Stage 2     : 322
  Plants with >=1 candidate: 322
  Flagged w/ 0 candidates  : 0 (no parcel survived K_RINGS + reported-parcel exclusion)
  Not flagged (Stage 1 ok) : 154 (no candidates by design -- confirm_reported task in 10)

Written: /work/GRDVULN/tp_qa/correction/data/inference_shards/state=CA/plant_summary.parquet
Written: /work/GRDVULN/tp_qa/correction/data/inference_shards/state=CA/stage2_candidates.parquet
Finished: Fri Oct  9 11:52:25 EDT 2026  (exit 0)
