# latest copy of /work/GRDVULN/tp_qa/correction/logs/07b_rerank_7568966.log
# job 7568966 on r5n14, exit status 0, copied 2026-10-09 15:20:08
#
==========================================
Node:    r5n14
Job ID:  7568966
CPUs:    16
Started: Fri Oct  9 15:14:56 EDT 2026
==========================================
Loaded module: python/3.11
Python:  Python 3.11.13  (/work/GRDVULN/tp_qa/correction/.venv/bin/python)
------------------------------------------
Running: python /work/GRDVULN/tp_qa/correction/scripts/07b_train_rerank.py
/work/GRDVULN/tp_qa/correction/scripts/07b_train_rerank.py:197: UserWarning: you are shuffling a 'ArrowStringArray' object which is not a subclass of 'Sequence'; `shuffle` is not guaranteed to behave correctly. E.g., non-numpy array/tensor objects with view semantics may contain duplicates after shuffling.
  rng.shuffle(plants)
=== 07b_train_rerank.py: Stage 2a Re-ranker ===

Loading re-rank training data...
  [holdout] rerank: removed 0 rows / 0 plants (12495 -> 12495)
  Rows: 12495  |  plants: 625
  Label=1 (true parcel): 552
  Label=0 (competitor) : 11943
  Pools containing the true parcel: 552/625 (88%)

  Split by plant: 469 train / 156 test plant(s)
  Dropping leaking columns: ['true_ll_uuid', 'pool_has_positive']
  Dropping 1 all-NaN columns: ['od_max_conf_drying_bed']
  Model columns: 84
  Class balance 1:22  |  weights true 0.956 / competitor 0.044

Setting up cross-validation folds...
  Spatial folds: 5  |  Standard (grouped): 5

========================================
Tuning with SPATIAL cross-validation...
========================================
  SPATIAL CV complete in 2.4 minutes
  Best SPATIAL ROC AUC: 0.9834
    across 20 configs: mean 0.9804, sd 0.0020

========================================
Tuning with STANDARD (grouped) cross-validation...
========================================
  STANDARD (grouped) CV complete in 2.3 minutes
  Best STANDARD (grouped) ROC AUC: 0.9824
    across 20 configs: mean 0.9803, sd 0.0015

CV Comparison:
         cv   roc_auc
0   Spatial  0.983407
1  Standard  0.982419

========================================
Fitting final model...
========================================

========================================
Ranking performance on held-out plants
========================================
  recall@1:  Stage 2a 63.8% (88/138)   re-rank 83.3% (115/138)   +19.6%
  recall@3:  Stage 2a 83.3% (115/138)   re-rank 97.8% (135/138)   +14.5%
  recall@5:  Stage 2a 89.9% (124/138)   re-rank 98.6% (136/138)   +8.7%

  Denominator is the 138 test plant(s) whose pool contains
  the true parcel, of 156 total. The other 18 cannot be
  found by ANY ranking -- that gap belongs to candidate generation
  (see 08_diagnose_candidate_coverage.py), not to this model.

Computing feature importance...
              Variable  Importance  Importance_std
          stage2a_rank    0.009760        0.000643
   stage2_prob_correct    0.009035        0.001554
                osm_ww    0.004695        0.000501
            distance_m    0.001821        0.000096
          log_distance    0.001650        0.000106
  od_any_fired_in_pool    0.001536        0.000522
         lbcs_activity    0.001514        0.000052
          is_municipal    0.001390        0.000487
od_fired_share_of_pool    0.001314        0.000312
       od_pool_n_fired    0.001081        0.000097
        lbcs_ownership    0.000964        0.000351
        dominant_count    0.000667        0.000077
     od_max_confidence    0.000524        0.000039
    name_pool_n_at_max    0.000504        0.000347
         bldg_per_acre    0.000493        0.000171
          od_n_objects    0.000477        0.000149
            ll_gisacre    0.000418        0.000177
   od_n_detections_raw    0.000415        0.000167
  dominant_class_group    0.000399        0.000161
            within_1km    0.000393        0.000121

Saved: rerank_rf_model.joblib

Next: 05b_rerank_candidates.py, then score the holdout.
Finished: Fri Oct  9 15:20:08 EDT 2026  (exit 0)
