==========================================
Node:    r4n10
Job ID:  7514049
CPUs:    32
Started: Mon Sep 28 22:31:39 EDT 2026
==========================================
Loaded module: python/3.11
Python:  Python 3.11.13  (/work/GRDVULN/tp_qa/correction/.venv/bin/python)
------------------------------------------
Processing state: OH  (array index 34 of 51)
Checking outbound HTTPS to Planetary Computer...
  STAC API HTTP status: 200
Running: python /work/GRDVULN/tp_qa/correction/scripts/01b_run_object_detection.py --states OH --workers 32 --full-universe --no-resume
/work/GRDVULN/tp_qa/correction/.venv/lib64/python3.11/site-packages/torch/serialization.py:1831: SourceChangeWarning: source code of class 'ultralytics.nn.tasks.DetectionModel' has changed. you can retrieve the original source code by accessing the object's source attribute or set `torch.nn.Module.dump_patches = True` and use the patch tool to revert the changes.
  _check_container_source(*data)
/work/GRDVULN/tp_qa/correction/.venv/lib64/python3.11/site-packages/torch/serialization.py:1831: SourceChangeWarning: source code of class 'torch.nn.modules.container.Sequential' has changed. you can retrieve the original source code by accessing the object's source attribute or set `torch.nn.Module.dump_patches = True` and use the patch tool to revert the changes.
  _check_container_source(*data)
/work/GRDVULN/tp_qa/correction/.venv/lib64/python3.11/site-packages/torch/serialization.py:1831: SourceChangeWarning: source code of class 'torch.nn.modules.batchnorm.BatchNorm2d' has changed. you can retrieve the original source code by accessing the object's source attribute or set `torch.nn.Module.dump_patches = True` and use the patch tool to revert the changes.
  _check_container_source(*data)
/work/GRDVULN/tp_qa/correction/.venv/lib64/python3.11/site-packages/torch/serialization.py:1831: SourceChangeWarning: source code of class 'ultralytics.nn.modules.head.Detect' has changed. you can retrieve the original source code by accessing the object's source attribute or set `torch.nn.Module.dump_patches = True` and use the patch tool to revert the changes.
  _check_container_source(*data)
=== 01b_run_object_detection_hpc.py ===
Device: cpu  |  fetch workers: 32  |  tile=500m imgsz=864px  |  imagery: Planetary Computer NAIP (streamed, no local download)

  Using weights: best.pt
Model: best.pt  |  Classes: {0: 'aeration_basin', 1: 'chlorine_contact', 2: 'clarifier', 3: 'digester', 4: 'drying_bed', 5: 'oxidation_pond'}

Connecting to Planetary Computer STAC API...
Connected.

  Dropped 1 rows with non-numeric/missing coordinates
Treatment plants loaded: 844

--- State OH: 844 plants ---
  No containing parcel found for 224 plants -- skipped, not written to any table (rerun later if parcel coverage improves)
  29 plants matched >1 parcel (boundary edge case) -- kept one match each
    Transient error (You have exceeded a rate limit. Contact planetarycomputer@microsoft.com) -- retrying in 8s (attempt 1/5)
    Transient error (You have exceeded a rate limit. Contact planetarycomputer@microsoft.com) -- retrying in 15s (attempt 1/5)
    Transient error (You have exceeded a rate limit. Contact planetarycomputer@microsoft.com) -- retrying in 17s (attempt 2/5)
    WARNING: prepare_plant failed for 39008323003 after retries ({"error":"Service is unavailable."}) -- skipping, will retry on next run
    Transient error (You have exceeded a rate limit. Contact planetarycomputer@microsoft.com) -- retrying in 13s (attempt 1/5)
    Transient error (You have exceeded a rate limit. Contact planetarycomputer@microsoft.com) -- retrying in 14s (attempt 1/5)
    Transient error (You have exceeded a rate limit. Contact planetarycomputer@microsoft.com) -- retrying in 8s (attempt 1/5)
    Transient error (You have exceeded a rate limit. Contact planetarycomputer@microsoft.com) -- retrying in 9s (attempt 1/5)
    Transient error (You have exceeded a rate limit. Contact planetarycomputer@microsoft.com) -- retrying in 13s (attempt 1/5)
    Transient error (You have exceeded a rate limit. Contact planetarycomputer@microsoft.com) -- retrying in 13s (attempt 1/5)
    Transient error (You have exceeded a rate limit. Contact planetarycomputer@microsoft.com) -- retrying in 22s (attempt 2/5)
    Transient error (You have exceeded a rate limit. Contact planetarycomputer@microsoft.com) -- retrying in 9s (attempt 1/5)
    ...199 plants done (2.7 min elapsed, batch of 200)
    flushed 199 plants (resume point advanced)
    Transient error (You have exceeded a rate limit. Contact planetarycomputer@microsoft.com) -- retrying in 14s (attempt 1/5)
    ...399 plants done (4.8 min elapsed, batch of 200)
    flushed 200 plants (resume point advanced)
    Transient error (You have exceeded a rate limit. Contact planetarycomputer@microsoft.com) -- retrying in 16s (attempt 1/5)
    WARNING: prepare_plant failed for 39002394001 after retries ({"error":"Service is unavailable."}) -- skipping, will retry on next run
    WARNING: prepare_plant failed for 39006611003 after retries ({"error":"Service is unavailable."}) -- skipping, will retry on next run
    Transient error (You have exceeded a rate limit. Contact planetarycomputer@microsoft.com) -- retrying in 15s (attempt 1/5)
    Transient error (You have exceeded a rate limit. Contact planetarycomputer@microsoft.com) -- retrying in 11s (attempt 1/5)
    ...597 plants done (6.9 min elapsed, batch of 200)
    flushed 198 plants (resume point advanced)
    ...617 plants done (24.5 min elapsed, batch of 20)
    flushed 20 plants (resume point advanced)
  State OH done

=== Summary ===
  Plants processed : 617
  No parcel found  : 224
  Parcels capped (area > 2.0 km2, OR still >150 tiles after real-polygon-filtered tiling -- used point-fallback footprint instead): 8
  Tiles w/ detections   : 297
  Tiles empty           : 722
  Fetch failures        : 88  <-- check for rate-limiting if this is high relative to plants processed
  Elapsed               : 24.5 min
  Mean fetch time  : 4.899s/tile (network, concurrent across 32 workers)
  Mean infer time  : 0.091s/tile (device=cpu, sequential in main thread)

Outputs (Parquet, partitioned by state) in: /work/GRDVULN/tp_qa/correction/data/od_features
Finished: Mon Sep 28 22:56:17 EDT 2026

