==========================================
Node:    r7n15
Job ID:  7532596
CPUs:    16
Started: Sun Oct  4 14:41:34 EDT 2026
==========================================
Loaded module: python/3.11
Python:  Python 3.11.13  (/work/GRDVULN/tp_qa/correction/.venv/bin/python)
------------------------------------------
Processing state: SD  (array index 41 of 51)
Running: python /work/GRDVULN/tp_qa/correction/scripts/01e_run_od_candidates.py --all --states SD --workers 8
/work/GRDVULN/tp_qa/correction/.venv/lib64/python3.11/site-packages/torch/serialization.py:1831: SourceChangeWarning: source code of class 'ultralytics.nn.tasks.DetectionModel' has changed. you can retrieve the original source code by accessing the object's source attribute or set `torch.nn.Module.dump_patches = True` and use the patch tool to revert the changes.
  _check_container_source(*data)
/work/GRDVULN/tp_qa/correction/.venv/lib64/python3.11/site-packages/torch/serialization.py:1831: SourceChangeWarning: source code of class 'torch.nn.modules.container.Sequential' has changed. you can retrieve the original source code by accessing the object's source attribute or set `torch.nn.Module.dump_patches = True` and use the patch tool to revert the changes.
  _check_container_source(*data)
/work/GRDVULN/tp_qa/correction/.venv/lib64/python3.11/site-packages/torch/serialization.py:1831: SourceChangeWarning: source code of class 'torch.nn.modules.batchnorm.BatchNorm2d' has changed. you can retrieve the original source code by accessing the object's source attribute or set `torch.nn.Module.dump_patches = True` and use the patch tool to revert the changes.
  _check_container_source(*data)
/work/GRDVULN/tp_qa/correction/.venv/lib64/python3.11/site-packages/torch/serialization.py:1831: SourceChangeWarning: source code of class 'ultralytics.nn.modules.head.Detect' has changed. you can retrieve the original source code by accessing the object's source attribute or set `torch.nn.Module.dump_patches = True` and use the patch tool to revert the changes.
  _check_container_source(*data)
=== 01e_run_od_candidates.py ===
output: /work/GRDVULN/tp_qa/correction/data/od_features_candidates

Loading Stage 2a candidates...
  123838 candidate(s) across 6196 plant(s) (top 20 each)
  --all: no scope restriction
  Restricted to ['SD']: 280 candidate(s)

--- work plan ---
  SD: 280 candidate parcel(s), 14 plant(s)
  TOTAL: 280 candidate parcel(s)
  Each is tiled by 01b's generate_tile_grid -- most parcels are one tile, large ones more.
  Using weights: best.pt

Weights: /work/GRDVULN/tp_qa/correction/models/object_detection/best.pt
Classes: {0: 'aeration_basin', 1: 'chlorine_contact', 2: 'clarifier', 3: 'digester', 4: 'drying_bed', 5: 'oxidation_pond'}

Connecting to Planetary Computer STAC API...
Connected.

--- State SD: 280 candidate(s) ---
    Transient error (You have exceeded a rate limit. Contact planetarycomputer@microsoft.com) -- retrying in 8s (attempt 1/5)
    Transient error (You have exceeded a rate limit. Contact planetarycomputer@microsoft.com) -- retrying in 11s (attempt 1/5)
    Transient error (You have exceeded a rate limit. Contact planetarycomputer@microsoft.com) -- retrying in 15s (attempt 1/5)
    ...200 candidate(s) done (2.1 min elapsed)
    ...280 candidate(s) done (2.7 min elapsed)
  Flushed 280 candidate row(s)

=== Summary ===
  Candidates processed : 280
  Skipped (resume)     : 0
  No parcel geometry   : 0
  Elapsed              : 2.7 min

Outputs in: /work/GRDVULN/tp_qa/correction/data/od_features_candidates
Next: score these with stage2b_rf_model.joblib and compare rank-1 accuracy against Stage 2a alone, on the holdout's known truth.
Finished: Sun Oct  4 14:44:20 EDT 2026  (exit 0, 2 min)
THROUGHPUT NOTE: divide this task's 'Candidates processed' by 2
  min, then SUM across concurrent tasks to get aggregate rate. Compare
  that against the 39/min single-job baseline before raising the throttle.

