==========================================
Node:    r7n11
Job ID:  7523560
CPUs:    4
Started: Tue Sep 29 18:55:12 EDT 2026
==========================================
Loaded module: python/3.11
Python:  Python 3.11.13  (/work/GRDVULN/tp_qa/correction/.venv/bin/python)
------------------------------------------
Running: python "/work/GRDVULN/tp_qa/correction/scripts/02b_merge_feature_shards.py" --states "AK AL AR AZ CA CO CT DE FL GA HI IA ID IL IN KS KY LA MA MD ME MI MN MO MS MT NC ND NE NH NJ NM NV NY OH OK OR PA PR RI SC SD TN TX UT VA VT WA WI WV WY"
=== 02b_merge_feature_shards.py ===
Shards: /work/GRDVULN/tp_qa/correction/data/feature_shards
Output: /work/GRDVULN/tp_qa/correction/data/features

Merging 51 state(s)

--- 05_plant_features.parquet ---
  51 shard(s) -> 9,673 rows, 18 columns

--- 14_stage1_training.parquet ---
  51 shard(s) -> 1,940 rows, 88 columns
  ERROR: 77 duplicate CWNS_ID value(s). States are disjoint, so this means a task ran with the wrong state or a stale shard survived. Examples: ['01200100002', '01200100006', '06009074002', '09000520001', '15000003021']
  27 CWNS_ID(s) duplicated: 27 within a single shard, 0 across shards
  by shard: {'OH': 4, 'NJ': 3, 'MA': 3, 'NH': 2, 'OR': 2, 'NC': 2, 'AL': 2, 'PR': 2, 'HI': 1, 'CA': 1}
  rows per duplicated CWNS_ID: {2: 18, 3: 4, 9: 2, 5: 1, 29: 1, 4: 1}
  columns that differ between duplicate rows (count of CWNS_IDs): {'ll_uuid': 27, 'lbcs_site': 9, 'lbcs_activity': 8, 'lbcs_function': 8, 'lbcs_structure': 8, 'owner_has_llc_corp': 3, 'name_match_score': 3, 'is_municipal': 3, 'any_geo_match': 3, 'owner_is_govt': 3, 'lbcs_ownership': 2, 'sd_match': 2}

--- 15_stage2_training.parquet ---
  7 state(s) produced zero rows (fine -- e.g. a state with no corrections has no Stage 2 candidates): ['AK', 'AL', 'AZ', 'ME', 'NJ', 'RI', 'VT']
  WARNING: 7 state(s) are missing columns other states have. They will be NaN in the merged table:
    AK: ['centroid_lat', 'centroid_lng', 'h3_index_9']
    AL: ['centroid_lat', 'centroid_lng', 'h3_index_9']
    AZ: ['centroid_lat', 'centroid_lng', 'h3_index_9']
    ME: ['centroid_lat', 'centroid_lng', 'h3_index_9']
    NJ: ['centroid_lat', 'centroid_lng', 'h3_index_9']
  51 shard(s) -> 4,680,229 rows, 66 columns

--- 10_parcel_features.parquet (from 10_parcel_features_by_state) ---
  cache holds 52 state file(s) from earlier runs; using only this run's 51, as it must
  51 state(s) -> 77,679,378 unique parcels

============================================================
=== merge FAILED -- NOTHING WAS WRITTEN ===
The existing flat files are untouched, so they are still
whatever the last good run left. Fix the shards and re-run.
Nothing downstream should run until this is clean: no
training script checks whether its inputs cover every state.
Finished: Tue Sep 29 18:56:10 EDT 2026

