==========================================
Node:    r7n11
Job ID:  7523614
CPUs:    4
Started: Tue Sep 29 19:20:19 EDT 2026
==========================================
Loaded module: python/3.11
Python:  Python 3.11.13  (/work/GRDVULN/tp_qa/correction/.venv/bin/python)
------------------------------------------
Running: python "/work/GRDVULN/tp_qa/correction/scripts/02b_merge_feature_shards.py" --states "AK AL AR AZ CA CO CT DE FL GA HI IA ID IL IN KS KY LA MA MD ME MI MN MO MS MT NC ND NE NH NJ NM NV NY OH OK OR PA PR RI SC SD TN TX UT VA VT WA WI WV WY"
=== 02b_merge_feature_shards.py ===
Shards: /work/GRDVULN/tp_qa/correction/data/feature_shards
Output: /work/GRDVULN/tp_qa/correction/data/features

Merging 51 state(s)

--- 05_plant_features.parquet ---
  51 shard(s) -> 9,673 rows, 18 columns

--- 14_stage1_training.parquet ---
  51 shard(s) -> 1,863 rows, 88 columns

--- 15_stage2_training.parquet ---
  7 state(s) produced zero rows (fine -- e.g. a state with no corrections has no Stage 2 candidates): ['AK', 'AL', 'AZ', 'ME', 'NJ', 'RI', 'VT']
  WARNING: 7 state(s) are missing columns other states have. They will be NaN in the merged table:
    AK: ['centroid_lat', 'centroid_lng', 'h3_index_9']
    AL: ['centroid_lat', 'centroid_lng', 'h3_index_9']
    AZ: ['centroid_lat', 'centroid_lng', 'h3_index_9']
    ME: ['centroid_lat', 'centroid_lng', 'h3_index_9']
    NJ: ['centroid_lat', 'centroid_lng', 'h3_index_9']
  51 shard(s) -> 4,680,229 rows, 66 columns

--- 10_parcel_features.parquet (from 10_parcel_features_by_state) ---
  cache holds 52 state file(s) from earlier runs; using only this run's 51, as it must
  51 state(s) -> 77,679,378 unique parcels

============================================================
  wrote 05_plant_features.parquet              9,673 rows, 18 cols, 0.6 MB
  wrote 14_stage1_training.parquet             1,863 rows, 88 cols, 0.5 MB
  wrote 15_stage2_training.parquet         4,680,229 rows, 66 cols, 273.1 MB
  wrote 10_parcel_features.parquet         77,679,378 rows, 32 cols, 5825.8 MB

=== merge complete ===
NEXT: sbatch 03_train_stage1.slurm / 04_train_stage2.slurm
      sbatch 06_build_stage2b_training.slurm  -> 07_train_stage2b.slurm
      sbatch 06b_build_rerank_training.slurm -> 07b_train_rerank.slurm
Finished: Tue Sep 29 19:22:10 EDT 2026

