==========================================
Node:    r7n24
Job ID:  7525727
CPUs:    16
Started: Wed Sep 30 09:53:19 EDT 2026
==========================================
Loaded module: python/3.11
Python:  Python 3.11.13  (/work/GRDVULN/tp_qa/correction/.venv/bin/python)
------------------------------------------
=== 03_train_stage1.py: Stage 1 Model Training (Random Forest) ===

Loading Stage 1 training data...
  [holdout] stage1: removed 260 rows / 260 plants (1863 -> 1603)
  Rows: 1603
  Correct: 1413
  Incorrect: 190
  Model columns: 74

  1 feature(s) have NO observed values and cannot be imputed:
    od_max_conf_drying_bed
  sklearn skips them. They stay in the schema so a later retrain picks them
  up automatically -- but a feature that is never populated is carrying no
  signal today, and if it is an od_* column that means the class never fired.
  Class weights -- Correct: 0.119 | Incorrect: 0.881

Setting up cross-validation folds...
  Spatial fold 1: train   1,280 (79.9%,  1137 pos)  |  test     323 (20.1%,   276 pos)
  Spatial fold 2: train   1,280 (79.9%,  1123 pos)  |  test     323 (20.1%,   290 pos)
  Spatial fold 3: train   1,281 (79.9%,  1116 pos)  |  test     322 (20.1%,   297 pos)
  Spatial fold 4: train   1,283 (80.0%,  1136 pos)  |  test     320 (20.0%,   277 pos)
  Spatial fold 5: train   1,288 (80.3%,  1140 pos)  |  test     315 (19.7%,   273 pos)
  Spatial folds: 5  |  Standard folds: 5

========================================
Tuning with SPATIAL cross-validation...
========================================
  SPATIAL CV complete in 1.2 minutes
  Best SPATIAL ROC AUC: 0.9665

========================================
Tuning with STANDARD cross-validation...
========================================
  STANDARD CV complete in 1.1 minutes
  Best STANDARD ROC AUC: 0.9657

CV Comparison:
         cv   roc_auc
0   Spatial  0.966547
1  Standard  0.965740

========================================
Fitting final model on full training data...
========================================
Test set metrics:
  roc_auc     : 0.9686
  accuracy    : 0.9077
  sensitivity : 0.9065
  specificity : 0.9167
  brier_class : 0.0635

Confusion matrix (rows=truth, cols=predicted; 1=Correct, 0=Incorrect):
[[ 44   4]
 [ 33 320]]

Computing feature importance...
Top 20 features:
            Variable  Importance  Importance_std
              osm_ww    0.344680        0.053893
       ll_bldg_count    0.015958        0.004230
    od_has_detection    0.010517        0.002680
        is_municipal    0.006427        0.001394
 od_n_detections_raw    0.003482        0.001741
    name_match_score    0.003458        0.001166
   od_dominant_class    0.002998        0.001304
        od_n_objects    0.002951        0.001522
        od_n_classes    0.002620        0.001431
   od_max_confidence    0.001440        0.000171
    od_has_clarifier    0.001375        0.000637
       any_geo_match    0.001056        0.000735
       owner_is_govt    0.000891        0.000237
          pop_served    0.000844        0.000302
      od_n_clarifier    0.000773        0.000281
       bldg_per_acre    0.000655        0.000583
  owner_has_llc_corp    0.000596        0.000056
      lbcs_ownership    0.000525        0.000466
dominant_class_group    0.000437        0.000256
          ll_gisacre    0.000313        0.000343

Running threshold analysis...
  Optimal Stage 1 threshold (Youden J): 0.496

Saving model...
  stage1_rf_model.joblib saved: 2.7 MB

=== Stage 1 training complete ===

FINAL RESULTS SUMMARY
  Test roc_auc: 0.9686
  Optimal threshold: 0.496
  CV comparison:
         cv   roc_auc
0   Spatial  0.966547
1  Standard  0.965740
Finished: Wed Sep 30 09:56:06 EDT 2026

