==========================================
Node:    r7n23
Job ID:  7480611
CPUs:    16
Started: Wed Sep 23 20:44:47 EDT 2026
==========================================
Loaded module: python/3.11
Python:  Python 3.11.13  (/work/GRDVULN/tp_qa/correction/.venv/bin/python)
------------------------------------------
=== 04_train_stage2.py: Stage 2 Model Training (Balanced Random Forest) ===
NEG_RATIO: 50

Loading Stage 2 training data...
  [holdout] stage2a: removed 809382 rows / 50 plants (4528534 -> 3719152)
  Total rows: 3719152
  Positive labels: 353
  Negative labels: 3718799
  Plants: 395

Sampling negatives with hard negative mining...
  Positives: 353
  Hard negatives sampled: 12355
  Easy negatives sampled: 5295
  Total training rows: 18003

  Balanced class distribution:
label
0    17650
1      353
Name: count, dtype: int64
  Model columns: 42

Setting up cross-validation folds...
  Spatial fold 1 train -- Correct: 145, Incorrect: 7137
  Spatial fold 2 train -- Correct: 310, Incorrect: 15497
  Spatial fold 3 train -- Correct: 343, Incorrect: 17015
  Spatial fold 4 train -- Correct: 285, Incorrect: 15136
  Spatial fold 5 train -- Correct: 329, Incorrect: 15815
  Spatial folds: 5  |  Standard folds: 5

========================================
Tuning with SPATIAL cross-validation...
========================================
  SPATIAL CV complete in 0.5 minutes
  Best SPATIAL ROC AUC: 0.9852

========================================
Tuning with STANDARD cross-validation...
========================================
  STANDARD CV complete in 0.5 minutes
  Best STANDARD ROC AUC: 0.9909

CV Comparison:
         cv   roc_auc
1  Standard  0.990885
0   Spatial  0.985203

========================================
Fitting final model on full training data...
========================================

FINAL RESULTS SUMMARY
Test set metrics:
  roc_auc     : 0.9911
  accuracy    : 0.9636
  sensitivity : 0.9545
  specificity : 0.9637
  brier_class : 0.0300

Confusion matrix (rows=truth, cols=predicted; 1=Correct, 0=Incorrect):
[[4253  160]
 [   4   84]]

Computing feature importance...
Top 20 features:
            Variable  Importance  Importance_std
       ll_bldg_count    0.003783        0.000769
        is_municipal    0.003044        0.000628
         log_gisacre    0.002103        0.000714
          ll_gisacre    0.002013        0.000601
      lbcs_ownership    0.001907        0.000447
        log_distance    0.001127        0.000747
          distance_m    0.001050        0.000777
       bldg_per_acre    0.001005        0.000333
          pop_served    0.000866        0.000118
        total_pixels    0.000641        0.000305
  data_quality_score    0.000612        0.000154
              osm_ww    0.000519        0.000030
           has_water    0.000504        0.000090
      dominant_count    0.000441        0.000168
       lbcs_activity    0.000420        0.000091
           lbcs_site    0.000357        0.000085
dominant_class_group    0.000340        0.000046
     water_pixel_pct    0.000311        0.000032
        water_pixels    0.000276        0.000065
       lbcs_function    0.000184        0.000036

Running threshold analysis...
  Optimal Stage 2 threshold (Youden J): 0.439

CV Comparison:
         cv   roc_auc
1  Standard  0.990885
0   Spatial  0.985203
Optimal threshold: 0.439

Saving model...
  stage2_rf_model.joblib saved: 20.6 MB

=== Stage 2 training complete ===
Finished: Wed Sep 23 20:46:11 EDT 2026

