==========================================
Node:    r7n24
Job ID:  7526004
CPUs:    16
Started: Wed Sep 30 09:59:29 EDT 2026
==========================================
Loaded module: python/3.11
Python:  Python 3.11.13  (/work/GRDVULN/tp_qa/correction/.venv/bin/python)
------------------------------------------
=== 04_train_stage2.py: Stage 2 Model Training (Balanced Random Forest) ===
NEG_RATIO: 50

Loading Stage 2 training data...
  [holdout] stage2a: removed 777795 rows / 35 plants (4680229 -> 3902434)
  Total rows: 3902434
  Positive labels: 297
  Negative labels: 3902137
  Plants: 332

Sampling negatives with hard negative mining...
  Positives: 297
  Hard negatives sampled: 10395
  Easy negatives sampled: 4455
  Total training rows: 15147

  Class distribution after negative sampling (1 : 50 by design, NOT balanced):
    label 1 (this parcel IS the plant) :     297
    label 0 (it is not)                :  14,850

  For scale: the raw table is 1 : 13,139, i.e. about 13,139 candidate
  parcels per plant at inference. Every metric printed below is computed at 1 : 50,
  so it does NOT describe deployment. The scaling is printed with the metrics,
  once the measured false-positive rate is known. 12_score_holdout.py is the honest read.

  NOTE: 35 of 332 plant(s) (10.5%) have NO positive row -- their
  corrected parcel is not among their candidates. They add only negatives.
  This is a candidate-recall ceiling, not a model problem.
  Run 08_diagnose_candidate_coverage.py for the cause split (outside the k-ring /
  no parcel there / lost in a join), then 08b_analyze_ring_misses.py before
  considering K_RINGS. Measured 2026-09-24: 91.4% usable, 7.1% outside the window.
  Model columns: 48

Setting up cross-validation folds...
  Spatial fold 1: train  12,125 (80.0%,   245 pos)  |  test   3,022 (20.0%,    52 pos)
  Spatial fold 2: train  12,130 (80.1%,   250 pos)  |  test   3,017 (19.9%,    47 pos)
  Spatial fold 3: train  12,131 (80.1%,   232 pos)  |  test   3,016 (19.9%,    65 pos)
  Spatial fold 4: train  12,145 (80.2%,   231 pos)  |  test   3,002 (19.8%,    66 pos)
  Spatial fold 5: train  12,057 (79.6%,   230 pos)  |  test   3,090 (20.4%,    67 pos)
  Spatial folds: 5  |  Standard folds: 5

========================================
Tuning with SPATIAL cross-validation...
========================================
  SPATIAL CV complete in 0.5 minutes
  Best SPATIAL ROC AUC: 0.9939

========================================
Tuning with STANDARD cross-validation...
========================================
  STANDARD CV complete in 0.4 minutes
  Best STANDARD ROC AUC: 0.9938

CV Comparison:
         cv   roc_auc
0   Spatial  0.993876
1  Standard  0.993829

========================================
Fitting final model on full training data...
========================================
  Grouped split by CWNS_ID: 246 plant(s) train / 83 test
    train 11,349 rows (215 pos)  |  test 3,798 rows (82 pos)

FINAL RESULTS SUMMARY
Test set metrics:
  roc_auc     : 0.9930
  accuracy    : 0.9616
  sensitivity : 0.9512
  specificity : 0.9618
  brier_class : 0.0313

  Scaled to deployment: 3.8% false-positive rate against ~13,139 candidate
  parcels per plant is roughly 502 false parcel(s) per plant ranked
  above threshold. That is why rank-1 accuracy, not specificity, is the number
  that matters -- see 12_score_holdout.py.

Confusion matrix (rows=truth, cols=predicted; 1=this parcel IS the plant, 0=it is not):
[[3574  142]
 [   4   78]]

Computing feature importance...
Top 20 features:
            Variable  Importance  Importance_std
          ll_gisacre    0.002882        0.000944
         log_gisacre    0.002757        0.000894
       ll_bldg_count    0.002184        0.000377
        log_distance    0.001514        0.000380
          distance_m    0.001435        0.000400
              osm_ww    0.001260        0.000023
        is_municipal    0.001138        0.000276
       bldg_per_acre    0.000849        0.000365
        total_pixels    0.000454        0.000563
          within_1km    0.000361        0.000165
       lbcs_function    0.000239        0.000073
       lbcs_activity    0.000221        0.000094
      lbcs_ownership    0.000199        0.000251
     water_pixel_pct    0.000176        0.000011
           has_water    0.000129        0.000023
           lbcs_site    0.000123        0.000038
  owner_has_llc_corp    0.000097        0.000122
          pop_served    0.000096        0.000080
name_match_available    0.000069        0.000002
        water_pixels    0.000059        0.000005

Running threshold analysis...
  Optimal Stage 2 threshold (Youden J): 0.332

CV Comparison:
         cv   roc_auc
0   Spatial  0.993876
1  Standard  0.993829
Optimal threshold: 0.332

Saving model...
  stage2_rf_model.joblib saved: 15.8 MB

=== Stage 2 training complete ===
Finished: Wed Sep 30 10:00:47 EDT 2026

