==========================================
Node:    r7n07
Job ID:  7532446
CPUs:    8
Started: Fri Oct  2 21:59:35 EDT 2026
==========================================
Loaded module: python/3.11
Python:  Python 3.11.13  (/work/GRDVULN/tp_qa/correction/.venv/bin/python)
------------------------------------------
Processing state: OH  (array index 32 of 48)
Output: /work/GRDVULN/tp_qa/correction/data/inference_shards/state=OH
Running: python /work/GRDVULN/tp_qa/correction/scripts/05_run_inference.py --states OH --out-dir /work/GRDVULN/tp_qa/correction/data/inference_shards/state=OH
/work/GRDVULN/tp_qa/correction/.venv/lib64/python3.11/site-packages/sklearn/impute/_base.py:647: UserWarning: Skipping features without any observed values: ['od_max_conf_drying_bed']. At least one non-missing value is needed for imputation with strategy='median'.
  warnings.warn(
=== 05_run_inference.py ===
States: ['OH']

Loading Stage 1 / Stage 2a models...
  Loaded stage1_rf_model.joblib: 74 feature columns, threshold=0.743
  Loaded stage2_rf_model.joblib: 49 feature columns, threshold=0.627

Loading full-universe plant list...
  Dropped 1 rows with non-numeric/missing coordinates
  [population] 05 universe: kept plants serving > 1,000: 484/844 plants (360 removed)
  484 plants across 1 state(s)

Loading plant/parcel features (from 02_feature_engineering.py --full-universe)...
  Parcel features narrowed to ['OH']: 77679378 -> 4417789 rows
  Plant features: 9673 rows  |  Parcel features: 4417789 rows

Loading OD features (01b reported-location output)...
  12676 plants with OD output

=== Stage 1: reported-location scoring ===
  Plants: 484  |  reported parcel found: 339  |  no parcel: 145 (30.0%)
  OSM-confirmed (passed by rule, not by the model): 42
  Flagged for Stage 2: 336 (145 no_parcel + 191 low_confidence)

=== Stage 2a: candidate scoring ===
    OH: 100/336 plants (0.2 min elapsed)
    OH: 200/336 plants (0.3 min elapsed)
    OH: 300/336 plants (0.5 min elapsed)
  OH: 336 flagged plants processed
  Raw candidates (post reported-parcel exclusion): 3781296

=== Summary ===
  Plants scored          : 484
  Flagged for Stage 2     : 336
  Plants with >=1 candidate: 336
  Flagged w/ 0 candidates  : 0 (no parcel survived K_RINGS + reported-parcel exclusion)
  Not flagged (Stage 1 ok) : 148 (no candidates by design -- confirm_reported task in 10)

Written: /work/GRDVULN/tp_qa/correction/data/inference_shards/state=OH/plant_summary.parquet
Written: /work/GRDVULN/tp_qa/correction/data/inference_shards/state=OH/stage2_candidates.parquet
Finished: Fri Oct  2 22:05:05 EDT 2026  (exit 0)

