==========================================
Node:    r7n07
Job ID:  7532434
CPUs:    8
Started: Fri Oct  2 21:57:14 EDT 2026
==========================================
Loaded module: python/3.11
Python:  Python 3.11.13  (/work/GRDVULN/tp_qa/correction/.venv/bin/python)
------------------------------------------
Processing state: MN  (array index 20 of 48)
Output: /work/GRDVULN/tp_qa/correction/data/inference_shards/state=MN
Running: python /work/GRDVULN/tp_qa/correction/scripts/05_run_inference.py --states MN --out-dir /work/GRDVULN/tp_qa/correction/data/inference_shards/state=MN
/work/GRDVULN/tp_qa/correction/.venv/lib64/python3.11/site-packages/sklearn/impute/_base.py:647: UserWarning: Skipping features without any observed values: ['od_max_conf_drying_bed']. At least one non-missing value is needed for imputation with strategy='median'.
  warnings.warn(
=== 05_run_inference.py ===
States: ['MN']

Loading Stage 1 / Stage 2a models...
  Loaded stage1_rf_model.joblib: 74 feature columns, threshold=0.743
  Loaded stage2_rf_model.joblib: 49 feature columns, threshold=0.627

Loading full-universe plant list...
  Dropped 1 rows with non-numeric/missing coordinates
  [population] 05 universe: kept plants serving > 1,000: 239/559 plants (320 removed)
  239 plants across 1 state(s)

Loading plant/parcel features (from 02_feature_engineering.py --full-universe)...
  Parcel features narrowed to ['MN']: 77679378 -> 1189207 rows
  Plant features: 9673 rows  |  Parcel features: 1189207 rows

Loading OD features (01b reported-location output)...
  12676 plants with OD output

=== Stage 1: reported-location scoring ===
  Plants: 239  |  reported parcel found: 191  |  no parcel: 48 (20.1%)
  OSM-confirmed (passed by rule, not by the model): 21
  Flagged for Stage 2: 144 (48 no_parcel + 96 low_confidence)

=== Stage 2a: candidate scoring ===
    MN: 100/144 plants (0.1 min elapsed)
  MN: 144 flagged plants processed
  Raw candidates (post reported-parcel exclusion): 561508

=== Summary ===
  Plants scored          : 239
  Flagged for Stage 2     : 144
  Plants with >=1 candidate: 144
  Flagged w/ 0 candidates  : 0 (no parcel survived K_RINGS + reported-parcel exclusion)
  Not flagged (Stage 1 ok) : 95 (no candidates by design -- confirm_reported task in 10)

Written: /work/GRDVULN/tp_qa/correction/data/inference_shards/state=MN/plant_summary.parquet
Written: /work/GRDVULN/tp_qa/correction/data/inference_shards/state=MN/stage2_candidates.parquet
Finished: Fri Oct  2 21:58:17 EDT 2026  (exit 0)

