==========================================
Node:    r7n07
Job ID:  7532442
CPUs:    8
Started: Fri Oct  2 21:58:42 EDT 2026
==========================================
Loaded module: python/3.11
Python:  Python 3.11.13  (/work/GRDVULN/tp_qa/correction/.venv/bin/python)
------------------------------------------
Processing state: NJ  (array index 28 of 48)
Output: /work/GRDVULN/tp_qa/correction/data/inference_shards/state=NJ
Running: python /work/GRDVULN/tp_qa/correction/scripts/05_run_inference.py --states NJ --out-dir /work/GRDVULN/tp_qa/correction/data/inference_shards/state=NJ
/work/GRDVULN/tp_qa/correction/.venv/lib64/python3.11/site-packages/sklearn/impute/_base.py:647: UserWarning: Skipping features without any observed values: ['od_max_conf_drying_bed']. At least one non-missing value is needed for imputation with strategy='median'.
  warnings.warn(
=== 05_run_inference.py ===
States: ['NJ']

Loading Stage 1 / Stage 2a models...
  Loaded stage1_rf_model.joblib: 74 feature columns, threshold=0.743
  Loaded stage2_rf_model.joblib: 49 feature columns, threshold=0.627

Loading full-universe plant list...
  Dropped 1 rows with non-numeric/missing coordinates
  [population] 05 universe: kept plants serving > 1,000: 150/164 plants (14 removed)
  150 plants across 1 state(s)

Loading plant/parcel features (from 02_feature_engineering.py --full-universe)...
  Parcel features narrowed to ['NJ']: 77679378 -> 1896095 rows
  Plant features: 9673 rows  |  Parcel features: 1896095 rows

Loading OD features (01b reported-location output)...
  12676 plants with OD output

=== Stage 1: reported-location scoring ===
  Plants: 150  |  reported parcel found: 140  |  no parcel: 10 (6.7%)
  OSM-confirmed (passed by rule, not by the model): 42
  Flagged for Stage 2: 46 (10 no_parcel + 36 low_confidence)

=== Stage 2a: candidate scoring ===
  NJ: 46 flagged plants processed
  Raw candidates (post reported-parcel exclusion): 917210

=== Summary ===
  Plants scored          : 150
  Flagged for Stage 2     : 46
  Plants with >=1 candidate: 46
  Flagged w/ 0 candidates  : 0 (no parcel survived K_RINGS + reported-parcel exclusion)
  Not flagged (Stage 1 ok) : 104 (no candidates by design -- confirm_reported task in 10)

Written: /work/GRDVULN/tp_qa/correction/data/inference_shards/state=NJ/plant_summary.parquet
Written: /work/GRDVULN/tp_qa/correction/data/inference_shards/state=NJ/stage2_candidates.parquet
Finished: Fri Oct  2 22:00:05 EDT 2026  (exit 0)

