==========================================
Node:    r7n07
Job ID:  7532451
CPUs:    8
Started: Fri Oct  2 22:00:23 EDT 2026
==========================================
Loaded module: python/3.11
Python:  Python 3.11.13  (/work/GRDVULN/tp_qa/correction/.venv/bin/python)
------------------------------------------
Processing state: SC  (array index 37 of 48)
Output: /work/GRDVULN/tp_qa/correction/data/inference_shards/state=SC
Running: python /work/GRDVULN/tp_qa/correction/scripts/05_run_inference.py --states SC --out-dir /work/GRDVULN/tp_qa/correction/data/inference_shards/state=SC
/work/GRDVULN/tp_qa/correction/.venv/lib64/python3.11/site-packages/sklearn/impute/_base.py:647: UserWarning: Skipping features without any observed values: ['od_max_conf_drying_bed']. At least one non-missing value is needed for imputation with strategy='median'.
  warnings.warn(
=== 05_run_inference.py ===
States: ['SC']

Loading Stage 1 / Stage 2a models...
  Loaded stage1_rf_model.joblib: 74 feature columns, threshold=0.743
  Loaded stage2_rf_model.joblib: 49 feature columns, threshold=0.627

Loading full-universe plant list...
  Dropped 1 rows with non-numeric/missing coordinates
  [population] 05 universe: kept plants serving > 1,000: 41/43 plants (2 removed)
  41 plants across 1 state(s)

Loading plant/parcel features (from 02_feature_engineering.py --full-universe)...
  Parcel features narrowed to ['SC']: 77679378 -> 386311 rows
  Plant features: 9673 rows  |  Parcel features: 386311 rows

Loading OD features (01b reported-location output)...
  12676 plants with OD output

=== Stage 1: reported-location scoring ===
  Plants: 41  |  reported parcel found: 34  |  no parcel: 7 (17.1%)
  OSM-confirmed (passed by rule, not by the model): 3
  Flagged for Stage 2: 29 (7 no_parcel + 22 low_confidence)

=== Stage 2a: candidate scoring ===
  SC: 29 flagged plants processed
  Raw candidates (post reported-parcel exclusion): 317305

=== Summary ===
  Plants scored          : 41
  Flagged for Stage 2     : 29
  Plants with >=1 candidate: 29
  Flagged w/ 0 candidates  : 0 (no parcel survived K_RINGS + reported-parcel exclusion)
  Not flagged (Stage 1 ok) : 12 (no candidates by design -- confirm_reported task in 10)

Written: /work/GRDVULN/tp_qa/correction/data/inference_shards/state=SC/plant_summary.parquet
Written: /work/GRDVULN/tp_qa/correction/data/inference_shards/state=SC/stage2_candidates.parquet
Finished: Fri Oct  2 22:01:04 EDT 2026  (exit 0)

