==========================================
Node:    r7n07
Job ID:  7532435
CPUs:    8
Started: Fri Oct  2 21:57:28 EDT 2026
==========================================
Loaded module: python/3.11
Python:  Python 3.11.13  (/work/GRDVULN/tp_qa/correction/.venv/bin/python)
------------------------------------------
Processing state: MO  (array index 21 of 48)
Output: /work/GRDVULN/tp_qa/correction/data/inference_shards/state=MO
Running: python /work/GRDVULN/tp_qa/correction/scripts/05_run_inference.py --states MO --out-dir /work/GRDVULN/tp_qa/correction/data/inference_shards/state=MO
/work/GRDVULN/tp_qa/correction/.venv/lib64/python3.11/site-packages/sklearn/impute/_base.py:647: UserWarning: Skipping features without any observed values: ['od_max_conf_drying_bed']. At least one non-missing value is needed for imputation with strategy='median'.
  warnings.warn(
=== 05_run_inference.py ===
States: ['MO']

Loading Stage 1 / Stage 2a models...
  Loaded stage1_rf_model.joblib: 74 feature columns, threshold=0.743
  Loaded stage2_rf_model.joblib: 49 feature columns, threshold=0.627

Loading full-universe plant list...
  Dropped 1 rows with non-numeric/missing coordinates
  [population] 05 universe: kept plants serving > 1,000: 351/873 plants (522 removed)
  351 plants across 1 state(s)

Loading plant/parcel features (from 02_feature_engineering.py --full-universe)...
  Parcel features narrowed to ['MO']: 77679378 -> 1804101 rows
  Plant features: 9673 rows  |  Parcel features: 1804101 rows

Loading OD features (01b reported-location output)...
  12676 plants with OD output

=== Stage 1: reported-location scoring ===
  Plants: 351  |  reported parcel found: 299  |  no parcel: 52 (14.8%)
  OSM-confirmed (passed by rule, not by the model): 42
  Flagged for Stage 2: 181 (52 no_parcel + 129 low_confidence)

=== Stage 2a: candidate scoring ===
    MO: 100/181 plants (0.1 min elapsed)
  MO: 181 flagged plants processed
  Raw candidates (post reported-parcel exclusion): 1067305

=== Summary ===
  Plants scored          : 351
  Flagged for Stage 2     : 181
  Plants with >=1 candidate: 181
  Flagged w/ 0 candidates  : 0 (no parcel survived K_RINGS + reported-parcel exclusion)
  Not flagged (Stage 1 ok) : 170 (no candidates by design -- confirm_reported task in 10)

Written: /work/GRDVULN/tp_qa/correction/data/inference_shards/state=MO/plant_summary.parquet
Written: /work/GRDVULN/tp_qa/correction/data/inference_shards/state=MO/stage2_candidates.parquet
Finished: Fri Oct  2 21:59:09 EDT 2026  (exit 0)

