==========================================
Node:    r7n07
Job ID:  7532454
CPUs:    8
Started: Fri Oct  2 22:00:46 EDT 2026
==========================================
Loaded module: python/3.11
Python:  Python 3.11.13  (/work/GRDVULN/tp_qa/correction/.venv/bin/python)
------------------------------------------
Processing state: UT  (array index 41 of 48)
Output: /work/GRDVULN/tp_qa/correction/data/inference_shards/state=UT
Running: python /work/GRDVULN/tp_qa/correction/scripts/05_run_inference.py --states UT --out-dir /work/GRDVULN/tp_qa/correction/data/inference_shards/state=UT
/work/GRDVULN/tp_qa/correction/.venv/lib64/python3.11/site-packages/sklearn/impute/_base.py:647: UserWarning: Skipping features without any observed values: ['od_max_conf_drying_bed']. At least one non-missing value is needed for imputation with strategy='median'.
  warnings.warn(
=== 05_run_inference.py ===
States: ['UT']

Loading Stage 1 / Stage 2a models...
  Loaded stage1_rf_model.joblib: 74 feature columns, threshold=0.743
  Loaded stage2_rf_model.joblib: 49 feature columns, threshold=0.627

Loading full-universe plant list...
  Dropped 1 rows with non-numeric/missing coordinates
  [population] 05 universe: kept plants serving > 1,000: 81/114 plants (33 removed)
  81 plants across 1 state(s)

Loading plant/parcel features (from 02_feature_engineering.py --full-universe)...
  Parcel features narrowed to ['UT']: 77679378 -> 765004 rows
  Plant features: 9673 rows  |  Parcel features: 765004 rows

Loading OD features (01b reported-location output)...
  12676 plants with OD output

=== Stage 1: reported-location scoring ===
  Plants: 81  |  reported parcel found: 54  |  no parcel: 27 (33.3%)
  OSM-confirmed (passed by rule, not by the model): 3
  Flagged for Stage 2: 64 (27 no_parcel + 37 low_confidence)

=== Stage 2a: candidate scoring ===
  UT: 64 flagged plants processed
  Raw candidates (post reported-parcel exclusion): 510209

=== Summary ===
  Plants scored          : 81
  Flagged for Stage 2     : 64
  Plants with >=1 candidate: 64
  Flagged w/ 0 candidates  : 0 (no parcel survived K_RINGS + reported-parcel exclusion)
  Not flagged (Stage 1 ok) : 17 (no candidates by design -- confirm_reported task in 10)

Written: /work/GRDVULN/tp_qa/correction/data/inference_shards/state=UT/plant_summary.parquet
Written: /work/GRDVULN/tp_qa/correction/data/inference_shards/state=UT/stage2_candidates.parquet
Finished: Fri Oct  2 22:01:39 EDT 2026  (exit 0)

