==========================================
Node:    r7n15
Job ID:  7529741
CPUs:    8
Started: Wed Sep 30 15:30:42 EDT 2026
==========================================
Loaded module: python/3.11
Python:  Python 3.11.13  (/work/GRDVULN/tp_qa/correction/.venv/bin/python)
------------------------------------------
Running: python /work/GRDVULN/tp_qa/correction/scripts/05b_rerank_candidates.py --states AK,AL,AR,AZ,CA,CO,CT,DE,FL,GA,HI,IA,ID,IL,IN,KS,KY,LA,MA,MD,ME,MI,MN,MO,MS,MT,NC,ND,NE,NH,NJ,NM,NV,NY,OH,OK,OR,PA,PR,RI,SC,SD,TN,TX,UT,VA,VT,WA,WI,WV,WY
=== 05b_rerank_candidates.py ===

Loading re-ranker...
  Loaded rerank_rf_model.joblib: 83 feature columns

Loading Stage 2a candidates...
  Restricted to ['AK', 'AL', 'AR', 'AZ', 'CA', 'CO', 'CT', 'DE', 'FL', 'GA', 'HI', 'IA', 'ID', 'IL', 'IN', 'KS', 'KY', 'LA', 'MA', 'MD', 'ME', 'MI', 'MN', 'MO', 'MS', 'MT', 'NC', 'ND', 'NE', 'NH', 'NJ', 'NM', 'NV', 'NY', 'OH', 'OK', 'OR', 'PA', 'PR', 'RI', 'SC', 'SD', 'TN', 'TX', 'UT', 'VA', 'VT', 'WA', 'WI', 'WV', 'WY']
  126878 candidate(s) across 6348 plant(s)

Loading candidate OD features (01e --all)...
  240871 candidate(s) with OD across 12032 plant(s)
  OD coverage: 68165/126878 candidate(s) (53.7%)

Deriving features...
Scoring...

  Fallback to Stage 2a ordering for 2344 plant(s) where no candidate fired

  Candidates whose rank changed : 68761 (54.2%)
  Plants with a NEW top pick    : 1740 (27.4%)
  Median Stage 2a rank of the promoted candidate: 3

Written: /work/GRDVULN/tp_qa/correction/data/inference/stage2_candidates_reranked.parquet
Written: /work/GRDVULN/tp_qa/correction/data/inference/plant_summary_reranked.parquet

Next: point 10_build_review_queue.py at the reranked table. Both scores are
preserved per candidate, so a reviewer can compare Stage 2a against the re-rank.
Finished: Wed Sep 30 15:30:51 EDT 2026  (exit 0)

