==========================================
Node:    r7n15
Job ID:  7529735
CPUs:    16
Started: Wed Sep 30 15:24:47 EDT 2026
==========================================
Loaded module: python/3.11
Python:  Python 3.11.13  (/work/GRDVULN/tp_qa/correction/.venv/bin/python)
------------------------------------------
Running: python /work/GRDVULN/tp_qa/correction/scripts/07b_train_rerank.py
/work/GRDVULN/tp_qa/correction/scripts/07b_train_rerank.py:197: UserWarning: you are shuffling a 'ArrowStringArray' object which is not a subclass of 'Sequence'; `shuffle` is not guaranteed to behave correctly. E.g., non-numpy array/tensor objects with view semantics may contain duplicates after shuffling.
  rng.shuffle(plants)
=== 07b_train_rerank.py: Stage 2a Re-ranker ===

Loading re-rank training data...
  [holdout] rerank: removed 0 rows / 0 plants (6095 -> 6095)
  Rows: 6095  |  plants: 305
  Label=1 (true parcel): 262
  Label=0 (competitor) : 5833
  Pools containing the true parcel: 262/305 (86%)

  Split by plant: 229 train / 76 test plant(s)
  Dropping leaking columns: ['true_ll_uuid', 'pool_has_positive']
  Dropping 1 all-NaN columns: ['od_max_conf_drying_bed']
  Model columns: 83
  Class balance 1:22  |  weights true 0.957 / competitor 0.043

Setting up cross-validation folds...
  Spatial folds: 5  |  Standard (grouped): 5

========================================
Tuning with SPATIAL cross-validation...
========================================
  SPATIAL CV complete in 1.0 minutes
  Best SPATIAL ROC AUC: 0.9755
    across 20 configs: mean 0.9736, sd 0.0012

========================================
Tuning with STANDARD (grouped) cross-validation...
========================================
  STANDARD (grouped) CV complete in 0.9 minutes
  Best STANDARD (grouped) ROC AUC: 0.9764
    across 20 configs: mean 0.9742, sd 0.0017

CV Comparison:
         cv   roc_auc
1  Standard  0.976395
0   Spatial  0.975471

========================================
Fitting final model...
========================================

========================================
Ranking performance on held-out plants
========================================
  recall@1:  Stage 2a 61.5% (40/65)   re-rank 84.6% (55/65)   +23.1%
  recall@3:  Stage 2a 87.7% (57/65)   re-rank 95.4% (62/65)   +7.7%
  recall@5:  Stage 2a 96.9% (63/65)   re-rank 98.5% (64/65)   +1.5%

  Denominator is the 65 test plant(s) whose pool contains
  the true parcel, of 76 total. The other 11 cannot be
  found by ANY ranking -- that gap belongs to candidate generation
  (see 08_diagnose_candidate_coverage.py), not to this model.

Computing feature importance...
                  Variable  Importance  Importance_std
              stage2a_rank    0.017330        0.003076
       stage2_prob_correct    0.012191        0.001320
                    osm_ww    0.010614        0.000520
           od_pool_n_fired    0.001138        0.000072
      od_any_fired_in_pool    0.000945        0.000071
      dominant_class_group    0.000738        0.000397
         od_max_confidence    0.000677        0.000053
               log_gisacre    0.000651        0.000218
                ll_gisacre    0.000626        0.000263
            lbcs_ownership    0.000271        0.000186
           water_pixel_pct    0.000258        0.000096
                    od_ran    0.000243        0.000101
od_max_conf_oxidation_pond    0.000178        0.000040
          owner_is_utility    0.000171        0.000040
            name_pool_rank    0.000165        0.000056
            has_ww_keyword    0.000156        0.000017
              is_municipal    0.000154        0.000076
        name_pool_n_at_max    0.000152        0.000202
              water_pixels    0.000125        0.000116
           name_top20_rank    0.000121        0.000017

Saved: rerank_rf_model.joblib

Next: 05b_rerank_candidates.py, then score the holdout.
Finished: Wed Sep 30 15:27:11 EDT 2026  (exit 0)

