==========================================
Node:    r7n15
Job ID:  7493164
CPUs:    16
Started: Thu Sep 24 17:15:32 EDT 2026
==========================================
Loaded module: python/3.11
Python:  Python 3.11.13  (/work/GRDVULN/tp_qa/correction/.venv/bin/python)
------------------------------------------
Running: python /work/GRDVULN/tp_qa/correction/scripts/07b_train_rerank.py
/work/GRDVULN/tp_qa/correction/scripts/07b_train_rerank.py:197: UserWarning: you are shuffling a 'ArrowStringArray' object which is not a subclass of 'Sequence'; `shuffle` is not guaranteed to behave correctly. E.g., non-numpy array/tensor objects with view semantics may contain duplicates after shuffling.
  rng.shuffle(plants)
=== 07b_train_rerank.py: Stage 2a Re-ranker ===

Loading re-rank training data...
  [holdout] rerank: removed 0 rows / 0 plants (7395 -> 7395)
  Rows: 7395  |  plants: 370
  Label=1 (true parcel): 311
  Label=0 (competitor) : 7084
  Pools containing the true parcel: 311/370 (84%)

  Split by plant: 278 train / 92 test plant(s)
  Dropping leaking columns: ['true_ll_uuid', 'pool_has_positive']
  Dropping 2 all-NaN columns: ['od_max_conf_chlorine_contact', 'od_max_conf_drying_bed']
  Model columns: 72
  Class balance 1:23  |  weights true 0.958 / competitor 0.042

Setting up cross-validation folds...
  Spatial folds: 5  |  Standard (grouped): 5

========================================
Tuning with SPATIAL cross-validation...
========================================
  SPATIAL CV complete in 1.1 minutes
  Best SPATIAL ROC AUC: 0.9713
    across 20 configs: mean 0.9665, sd 0.0041

========================================
Tuning with STANDARD (grouped) cross-validation...
========================================
  STANDARD (grouped) CV complete in 1.1 minutes
  Best STANDARD (grouped) ROC AUC: 0.9746
    across 20 configs: mean 0.9692, sd 0.0042

CV Comparison:
         cv   roc_auc
1  Standard  0.974575
0   Spatial  0.971252

========================================
Fitting final model...
========================================

========================================
Ranking performance on held-out plants
========================================
  recall@1:  Stage 2a 62.8% (49/78)   re-rank 79.5% (62/78)   +16.7%
  recall@3:  Stage 2a 79.5% (62/78)   re-rank 89.7% (70/78)   +10.3%
  recall@5:  Stage 2a 91.0% (71/78)   re-rank 94.9% (74/78)   +3.8%

  Denominator is the 78 test plant(s) whose pool contains
  the true parcel, of 92 total. The other 14 cannot be
  found by ANY ranking -- that gap belongs to candidate generation
  (see 08_diagnose_candidate_coverage.py), not to this model.

Computing feature importance...
               Variable  Importance  Importance_std
           stage2a_rank    0.020246        0.003600
    stage2_prob_correct    0.015904        0.002265
                 osm_ww    0.009387        0.004254
   od_any_fired_in_pool    0.003643        0.000653
             pop_served    0.002433        0.000809
          lbcs_function    0.001591        0.000106
        od_pool_n_fired    0.001521        0.000417
           is_municipal    0.001134        0.000450
          owner_is_govt    0.000530        0.000122
          bldg_per_acre    0.000482        0.002082
   dominant_class_group    0.000443        0.000250
         has_ww_keyword    0.000286        0.000063
            place_match    0.000136        0.000064
         lbcs_ownership    0.000134        0.001458
     owner_has_llc_corp    0.000099        0.000058
         lbcs_structure    0.000096        0.000168
  od_max_conf_clarifier    0.000080        0.000013
surface_water_discharge    0.000054        0.000035
              lbcs_site    0.000053        0.000078
         requires_npdes    0.000051        0.000007

Saved: rerank_rf_model.joblib

Next: 05b_rerank_candidates.py, then score the holdout.
Finished: Thu Sep 24 17:18:12 EDT 2026  (exit 0)

