==========================================
Node:    r7n07
Job ID:  7481289
CPUs:    8
Started: Thu Sep 24 00:43:36 EDT 2026
==========================================
Loaded module: python/3.11
Python:  Python 3.11.13  (/work/GRDVULN/tp_qa/correction/.venv/bin/python)
------------------------------------------
Running: python /work/GRDVULN/tp_qa/correction/scripts/08_diagnose_candidate_coverage.py
=== 08_diagnose_candidate_coverage.py ===
K rings: 18

Corrections with both coordinate pairs: 452

--- Q1: correction distance distribution (km) ---
  n=452  mean=3.90  median=0.91  p90=7.40  p95=13.63  max=331.30
  Observed median meters per H3 ring step: 309 m
  => effective k=18 search RADIUS is about 5.6 km
     (config.py's comment says '~10km' -- if the number above is ~5.4, that comment is describing the diameter.)
  Corrections beyond their own k=18 ring: 53 / 452 (11.7%)

  Dropped 1 rows with non-numeric/missing LATITUDE or LONGITUDE
  Training plant universe: 2616 classes + 452 corrections -> 2616 unique CWNS_IDs
  Restricted to training-labeled plants: 16453 -> 2504
--- AR: 2 corrections ---
--- CA: 5 corrections ---
--- CO: 3 corrections ---
--- CT: 1 corrections ---
--- DC: 1 corrections ---
--- DE: 1 corrections ---
--- FL: 16 corrections ---
--- GA: 6 corrections ---
--- HI: 14 corrections ---
--- IA: 6 corrections ---
--- ID: 2 corrections ---
--- IL: 17 corrections ---
--- IN: 9 corrections ---
--- KS: 38 corrections ---
--- KY: 21 corrections ---
--- LA: 2 corrections ---
--- MA: 3 corrections ---
--- MD: 5 corrections ---
--- MI: 10 corrections ---
--- MN: 6 corrections ---
--- MO: 11 corrections ---
--- MS: 6 corrections ---
--- MT: 3 corrections ---
--- NC: 14 corrections ---
--- ND: 4 corrections ---
--- NE: 6 corrections ---
--- NH: 1 corrections ---
--- NM: 5 corrections ---
--- NV: 1 corrections ---
--- NY: 27 corrections ---
--- OH: 90 corrections ---
--- OK: 5 corrections ---
--- OR: 27 corrections ---
--- PA: 6 corrections ---
--- PR: 2 corrections ---
--- SC: 1 corrections ---
--- SD: 3 corrections ---
--- TN: 1 corrections ---
--- TX: 17 corrections ---
--- UT: 3 corrections ---
--- VA: 2 corrections ---
--- VT: 1 corrections ---
--- WA: 9 corrections ---
--- WI: 35 corrections ---
--- WV: 2 corrections ---
--- WY: 2 corrections ---

--- Q2/Q3: corrected-parcel coverage ---
  ok_usable                            413  ( 91.4%)
  a_outside_search_window               32  (  7.1%)
  b_no_parcel_at_corrected_point         6  (  1.3%)
  d_lost_in_02_join                      1  (  0.2%)

  CEILING: 413/452 (91.4%) of known corrections can currently contribute a positive Stage 2b row.
  Of the 32 outside the window, ring distances run 20-948; k=238 would capture 95% of them (candidate count scales ~k^2, so k=238 is roughly 174.8x the current pool).

--- Q4: reported-side (negative row) availability ---
  reported point hits NO parcel        : 185  (expected -- these plants legitimately have no negative row)
  reported parcel exists but not in 10_parcel_features: 1  (join loss -- these are FREE hard negatives if recovered)
  usable negative rows                 : 266

Written: /work/GRDVULN/tp_qa/correction/data/diagnostics/correction_coverage.parquet
Written: /work/GRDVULN/tp_qa/correction/data/diagnostics/missing_parcels_topup.csv  (2 parcels for 01d)

NOTE: parcels classified 'a_outside_search_window' are NOT in that file -- a top-up can compute their NLCD stats, but they would still be absent from Stage 2a's candidate pool at inference, so the honest fix is K_RINGS, not a top-up. Decide that from the numbers above.

=== complete ===
Finished: Thu Sep 24 00:58:00 EDT 2026

