==========================================
Node:    r7n15
Job ID:  7493185
CPUs:    4
Started: Thu Sep 24 17:41:55 EDT 2026
==========================================
Loaded module: python/3.11
Python:  Python 3.11.13  (/work/GRDVULN/tp_qa/correction/.venv/bin/python)
------------------------------------------
Prior-round review files copied into /work/GRDVULN/tp_qa/correction/data/review_log_incoming: 3
Running: python /work/GRDVULN/tp_qa/correction/scripts/10_build_review_queue.py --states AL,AR,AZ,CA,CO,CT,DE,FL,GA,IA,ID,IL,IN,KS,KY,LA,MA,MD,ME,MI,MN,MO,MS,MT,NC,ND,NE,NH,NJ,NM,NV,NY,OH,OK,OR,PA,RI,SC,SD,TN,TX,UT,VA,VT,WA,WI,WV,WY --round 3
=== 10_build_review_queue.py ===
States: AL,AR,AZ,CA,CO,CT,DE,FL,GA,IA,ID,IL,IN,KS,KY,LA,MA,MD,ME,MI,MN,MO,MS,MT,NC,ND,NE,NH,NJ,NM,NV,NY,OH,OK,OR,PA,RI,SC,SD,TN,TX,UT,VA,VT,WA,WI,WV,WY  |  Round: 3  |  Model version tag: unversioned-2026-09-24
Using re-ranked (OD-aware) inference output

Loaded 16198 scored plants, 214986 candidate rows
  Excluding 300 plant(s) already reviewed in a prior round (300 total prior reviews found across all uploaded review_log/holdout_truth files)

Loading plant display info (address/city/county, pop_served, discharge facts)...
Traceback (most recent call last):
  File "/work/GRDVULN/tp_qa/correction/.venv/lib64/python3.11/site-packages/pandas/core/indexes/base.py", line 3641, in get_loc
    return self._engine.get_loc(casted_key)
           ^^^^^^^^^^^^^^^^^^^^^^^^^^^^^^^^
  File "pandas/_libs/index.pyx", line 168, in pandas._libs.index.IndexEngine.get_loc
  File "pandas/_libs/index.pyx", line 197, in pandas._libs.index.IndexEngine.get_loc
  File "pandas/_libs/hashtable_class_helper.pxi", line 7668, in pandas._libs.hashtable.PyObjectHashTable.get_item
  File "pandas/_libs/hashtable_class_helper.pxi", line 7676, in pandas._libs.hashtable.PyObjectHashTable.get_item
KeyError: 'od_has_detection'

The above exception was the direct cause of the following exception:

Traceback (most recent call last):
  File "/work/GRDVULN/tp_qa/correction/scripts/10_build_review_queue.py", line 528, in <module>
    main()
  File "/work/GRDVULN/tp_qa/correction/scripts/10_build_review_queue.py", line 416, in main
    cand_pick_rows = build_candidate_pick_rows(
                     ^^^^^^^^^^^^^^^^^^^^^^^^^^
  File "/work/GRDVULN/tp_qa/correction/scripts/10_build_review_queue.py", line 130, in build_candidate_pick_rows
    cand = attach_candidate_od(cand)
           ^^^^^^^^^^^^^^^^^^^^^^^^^
  File "/work/GRDVULN/tp_qa/correction/scripts/10_build_review_queue.py", line 211, in attach_candidate_od
    n_hit = int(cand["od_has_detection"].fillna(False).astype(bool).sum())
                ~~~~^^^^^^^^^^^^^^^^^^^^
  File "/work/GRDVULN/tp_qa/correction/.venv/lib64/python3.11/site-packages/pandas/core/frame.py", line 4378, in __getitem__
    indexer = self.columns.get_loc(key)
              ^^^^^^^^^^^^^^^^^^^^^^^^^
  File "/work/GRDVULN/tp_qa/correction/.venv/lib64/python3.11/site-packages/pandas/core/indexes/base.py", line 3648, in get_loc
    raise KeyError(key) from err
KeyError: 'od_has_detection'
Finished: Thu Sep 24 17:42:07 EDT 2026

