==========================================
Node:    r7n11
Job ID:  7413498
CPUs:    16
Started: Tue Sep  8 17:20:24 EDT 2026
==========================================
Loaded module: python/3.11
Python:  Python 3.11.13  (/work/GRDVULN/correction/.venv/bin/python)
------------------------------------------
Running: python /work/GRDVULN/correction/scripts/07b_train_rerank.py --no-od --seed 7
=== 07b_train_rerank.py: Stage 2a Re-ranker ===

*** --no-od: OD ABLATION. Artifacts get a _noOD suffix. ***

Loading re-rank training data...
  [holdout] rerank: removed 0 rows / 0 plants (6475 -> 6475)
  Rows: 6475  |  plants: 324
  Label=1 (true parcel): 263
  Label=0 (competitor) : 6212
  Pools containing the true parcel: 263/324 (81%)

  Split by plant: 243 train / 81 test plant(s)
  Dropping leaking columns: ['true_ll_uuid', 'pool_has_positive']
  Dropping 3 all-NaN columns: ['od_max_conf_chlorine_contact', 'od_max_conf_drying_bed', 'od_max_conf_oxidation_pond']
  --no-od: dropped 27 OD features
  Model columns: 45
  Class balance 1:23  |  weights true 0.959 / competitor 0.041

Setting up cross-validation folds...
  Spatial folds: 5  |  Standard (grouped): 5

========================================
Tuning with SPATIAL cross-validation...
========================================
  SPATIAL CV complete in 1.0 minutes
  Best SPATIAL ROC AUC: 0.9524
    across 20 configs: mean 0.9454, sd 0.0048

========================================
Tuning with STANDARD (grouped) cross-validation...
========================================
  STANDARD (grouped) CV complete in 0.9 minutes
  Best STANDARD (grouped) ROC AUC: 0.9574
    across 20 configs: mean 0.9501, sd 0.0044

CV Comparison:
         cv   roc_auc
1  Standard  0.957416
0   Spatial  0.952356

========================================
Fitting final model...
========================================

========================================
Ranking performance on held-out plants
========================================
  recall@1:  Stage 2a 56.5% (35/62)   re-rank 66.1% (41/62)   +9.7%
  recall@3:  Stage 2a 83.9% (52/62)   re-rank 87.1% (54/62)   +3.2%
  recall@5:  Stage 2a 85.5% (53/62)   re-rank 96.8% (60/62)   +11.3%

  Denominator is the 62 test plant(s) whose pool contains
  the true parcel, of 81 total. The other 19 cannot be
  found by ANY ranking -- that gap belongs to candidate generation
  (see 08_diagnose_candidate_coverage.py), not to this model.

Computing feature importance...
            Variable  Importance  Importance_std
        stage2a_rank    0.030912        0.005203
 stage2_prob_correct    0.017974        0.003181
              osm_ww    0.014007        0.001231
      lbcs_ownership    0.003777        0.001871
        log_distance    0.003259        0.001116
          distance_m    0.002646        0.000801
dominant_class_group    0.002315        0.000616
  data_quality_score    0.002048        0.000172
          pop_served    0.001971        0.000765
      dominant_count    0.001522        0.000823
    owner_is_utility    0.001433        0.000861
          within_1km    0.001400        0.000176
      has_ww_keyword    0.001191        0.000071
       ll_bldg_count    0.000828        0.001046
          ll_gisacre    0.000640        0.000510
       bldg_per_acre    0.000634        0.000878
       owner_is_govt    0.000553        0.000128
        total_pixels    0.000520        0.000528
       lbcs_function    0.000489        0.000123
         log_gisacre    0.000389        0.000461

Saved: rerank_rf_model_noOD.joblib

Next: 05b_rerank_candidates.py, then score the holdout.
Finished: Tue Sep  8 17:22:41 EDT 2026  (exit 0)
