==========================================
Node:    r4n15
Job ID:  7411918
CPUs:    16
Started: Thu Sep  3 17:54:20 EDT 2026
==========================================
Loaded module: python/3.11
Python:  Python 3.11.13  (/work/GRDVULN/correction/.venv/bin/python)
------------------------------------------
Processing state: SD  (array index 34 of 44)
Running: python /work/GRDVULN/correction/scripts/01a_extract_parcels.py --states SD --full-universe --no-resume
=== 01a_extract_parcels.py ===
K rings: 18

  Dropped 1 rows with non-numeric/missing LATITUDE or LONGITUDE
Treatment plants loaded: 51

--- State SD: 51 plants ---
  Unique H3 cells to query: 50659
  Parcels retrieved: 93641
  Dropping 124 candidate parcels over 2.0 km2 (largest: 29.1 km2) -- treated as digitization artifacts, not real candidate locations
  Extracting NLCD stats...
  32086 parcels had 0 pixels at >=50% coverage -- falling back to nearest-pixel centroid sample for these
  Results: 93517 parcels, 1626 with water, 32086 used centroid fallback, 0 with 0 pixels (real gaps, after fallback)
  Written: /work/GRDVULN/correction/data/nlcd_features/nlcd_SD_k18.parquet

=== 01a_extract_parcels.py complete ===
Outputs in: /work/GRDVULN/correction/data/nlcd_features
Finished: Thu Sep  3 17:55:08 EDT 2026
