==========================================
Node:    r7n05
Job ID:  7399928
CPUs:    16
Started: Fri Aug 21 06:49:28 EDT 2026
==========================================
Loaded module: python/3.11
Python:  Python 3.11.13  (/work/GRDVULN/correction/.venv/bin/python)
------------------------------------------
Processing state: AK  (array index 0 of 52)
Running: python /work/GRDVULN/correction/scripts/01a_extract_parcels.py --states AK
=== 01a_extract_parcels.py ===
K rings: 18

  Dropped 1 rows with non-numeric/missing LATITUDE or LONGITUDE
  Training plant universe: 2494 classes + 316 corrections -> 2494 unique CWNS_IDs
  Restricted to training-labeled plants: 16453 -> 2308
Treatment plants loaded: 15

--- State AK: 15 plants ---
  Unique H3 cells to query: 15405
  Parcels retrieved: 26494
  Dropping 31 candidate parcels over 2.0 km2 (largest: 134.8 km2) -- treated as digitization artifacts, not real candidate locations
  Extracting NLCD stats...
  26463 parcels had 0 pixels at >=50% coverage -- falling back to nearest-pixel centroid sample for these
    26463 of those still have no value -- centroid landed on nodata (likely outside the NLCD raster's extent entirely)
  Results: 26463 parcels, 0 with water, 26463 used centroid fallback, 26463 with 0 pixels (real gaps, after fallback)
  Written: /work/GRDVULN/correction/data/nlcd_features/nlcd_AK_k18.parquet

=== 01a_extract_parcels.py complete ===
Outputs in: /work/GRDVULN/correction/data/nlcd_features
Finished: Fri Aug 21 06:49:39 EDT 2026
