==========================================
Node:    r4n14
Job ID:  7411915
CPUs:    16
Started: Thu Sep  3 17:54:21 EDT 2026
==========================================
Loaded module: python/3.11
Python:  Python 3.11.13  (/work/GRDVULN/correction/.venv/bin/python)
------------------------------------------
Processing state: OR  (array index 31 of 44)
Running: python /work/GRDVULN/correction/scripts/01a_extract_parcels.py --states OR --full-universe --no-resume
=== 01a_extract_parcels.py ===
K rings: 18

  Dropped 1 rows with non-numeric/missing LATITUDE or LONGITUDE
Treatment plants loaded: 200

--- State OR: 200 plants ---
  Unique H3 cells to query: 172990
  Parcels retrieved: 953995
  Dropping 716 candidate parcels over 2.0 km2 (largest: 86.3 km2) -- treated as digitization artifacts, not real candidate locations
  Extracting NLCD stats...
  437447 parcels had 0 pixels at >=50% coverage -- falling back to nearest-pixel centroid sample for these
  Results: 953279 parcels, 7300 with water, 437447 used centroid fallback, 0 with 0 pixels (real gaps, after fallback)
  Written: /work/GRDVULN/correction/data/nlcd_features/nlcd_OR_k18.parquet

=== 01a_extract_parcels.py complete ===
Outputs in: /work/GRDVULN/correction/data/nlcd_features
Finished: Thu Sep  3 17:59:55 EDT 2026
