==========================================
Node:    r4n14
Job ID:  7411911
CPUs:    16
Started: Thu Sep  3 17:54:21 EDT 2026
==========================================
Loaded module: python/3.11
Python:  Python 3.11.13  (/work/GRDVULN/correction/.venv/bin/python)
------------------------------------------
Processing state: NM  (array index 27 of 44)
Running: python /work/GRDVULN/correction/scripts/01a_extract_parcels.py --states NM --full-universe --no-resume
=== 01a_extract_parcels.py ===
K rings: 18

  Dropped 1 rows with non-numeric/missing LATITUDE or LONGITUDE
Treatment plants loaded: 141

--- State NM: 141 plants ---
  Unique H3 cells to query: 128350
  Parcels retrieved: 622366
  Dropping 1203 candidate parcels over 2.0 km2 (largest: 786.4 km2) -- treated as digitization artifacts, not real candidate locations
  Extracting NLCD stats...
  235151 parcels had 0 pixels at >=50% coverage -- falling back to nearest-pixel centroid sample for these
  Results: 621163 parcels, 824 with water, 235151 used centroid fallback, 0 with 0 pixels (real gaps, after fallback)
  Written: /work/GRDVULN/correction/data/nlcd_features/nlcd_NM_k18.parquet

=== 01a_extract_parcels.py complete ===
Outputs in: /work/GRDVULN/correction/data/nlcd_features
Finished: Thu Sep  3 17:57:44 EDT 2026
