==========================================
Node:    r4n13
Job ID:  7411902
CPUs:    16
Started: Thu Sep  3 17:54:20 EDT 2026
==========================================
Loaded module: python/3.11
Python:  Python 3.11.13  (/work/GRDVULN/correction/.venv/bin/python)
------------------------------------------
Processing state: MI  (array index 18 of 44)
Running: python /work/GRDVULN/correction/scripts/01a_extract_parcels.py --states MI --full-universe --no-resume
=== 01a_extract_parcels.py ===
K rings: 18

  Dropped 1 rows with non-numeric/missing LATITUDE or LONGITUDE
Treatment plants loaded: 394

--- State MI: 394 plants ---
  Unique H3 cells to query: 364313
  Parcels retrieved: 1995886
  Dropping 586 candidate parcels over 2.0 km2 (largest: 14.0 km2) -- treated as digitization artifacts, not real candidate locations
  Extracting NLCD stats...
  644909 parcels had 0 pixels at >=50% coverage -- falling back to nearest-pixel centroid sample for these
  Results: 1995300 parcels, 24592 with water, 644909 used centroid fallback, 0 with 0 pixels (real gaps, after fallback)
  Written: /work/GRDVULN/correction/data/nlcd_features/nlcd_MI_k18.parquet

=== 01a_extract_parcels.py complete ===
Outputs in: /work/GRDVULN/correction/data/nlcd_features
Finished: Thu Sep  3 18:05:47 EDT 2026
