==========================================
Node:    r4n09
Job ID:  7411875
CPUs:    16
Started: Thu Sep  3 17:44:03 EDT 2026
==========================================
Loaded module: python/3.11
Python:  Python 3.11.13  (/work/GRDVULN/correction/.venv/bin/python)
------------------------------------------
Processing state: RI  (array index 1 of 2)
Running: python /work/GRDVULN/correction/scripts/01a_extract_parcels.py --states RI --full-universe --no-resume
=== 01a_extract_parcels.py ===
K rings: 18

  Dropped 1 rows with non-numeric/missing LATITUDE or LONGITUDE
Treatment plants loaded: 20

--- State RI: 20 plants ---
  Unique H3 cells to query: 15343
  Parcels retrieved: 285811
  Dropping 7 candidate parcels over 2.0 km2 (largest: 14.1 km2) -- treated as digitization artifacts, not real candidate locations
  Extracting NLCD stats...
  150818 parcels had 0 pixels at >=50% coverage -- falling back to nearest-pixel centroid sample for these
  Results: 285804 parcels, 1120 with water, 150818 used centroid fallback, 0 with 0 pixels (real gaps, after fallback)
  Written: /work/GRDVULN/correction/data/nlcd_features/nlcd_RI_k18.parquet

=== 01a_extract_parcels.py complete ===
Outputs in: /work/GRDVULN/correction/data/nlcd_features
Finished: Thu Sep  3 17:45:35 EDT 2026
