==========================================
Node:    r4n13
Job ID:  7411901
CPUs:    16
Started: Thu Sep  3 17:54:20 EDT 2026
==========================================
Loaded module: python/3.11
Python:  Python 3.11.13  (/work/GRDVULN/correction/.venv/bin/python)
------------------------------------------
Processing state: ME  (array index 17 of 44)
Running: python /work/GRDVULN/correction/scripts/01a_extract_parcels.py --states ME --full-universe --no-resume
=== 01a_extract_parcels.py ===
K rings: 18

  Dropped 1 rows with non-numeric/missing LATITUDE or LONGITUDE
Treatment plants loaded: 136

--- State ME: 136 plants ---
  Unique H3 cells to query: 113950
  Parcels retrieved: 377425
  Dropping 176 candidate parcels over 2.0 km2 (largest: 75.2 km2) -- treated as digitization artifacts, not real candidate locations
  Extracting NLCD stats...
  87732 parcels had 0 pixels at >=50% coverage -- falling back to nearest-pixel centroid sample for these
    5 of those still have no value -- centroid landed on nodata (likely outside the NLCD raster's extent entirely)
  Results: 377249 parcels, 7128 with water, 87732 used centroid fallback, 5 with 0 pixels (real gaps, after fallback)
  Written: /work/GRDVULN/correction/data/nlcd_features/nlcd_ME_k18.parquet

=== 01a_extract_parcels.py complete ===
Outputs in: /work/GRDVULN/correction/data/nlcd_features
Finished: Thu Sep  3 17:56:40 EDT 2026
