==========================================
Node:    r4n15
Job ID:  7411921
CPUs:    16
Started: Thu Sep  3 17:54:21 EDT 2026
==========================================
Loaded module: python/3.11
Python:  Python 3.11.13  (/work/GRDVULN/correction/.venv/bin/python)
------------------------------------------
Processing state: UT  (array index 37 of 44)
Running: python /work/GRDVULN/correction/scripts/01a_extract_parcels.py --states UT --full-universe --no-resume
=== 01a_extract_parcels.py ===
K rings: 18

  Dropped 1 rows with non-numeric/missing LATITUDE or LONGITUDE
Treatment plants loaded: 114

--- State UT: 114 plants ---
  Unique H3 cells to query: 103526
  Parcels retrieved: 765578
  Dropping 575 candidate parcels over 2.0 km2 (largest: 5099.0 km2) -- treated as digitization artifacts, not real candidate locations
  Extracting NLCD stats...
  348459 parcels had 0 pixels at >=50% coverage -- falling back to nearest-pixel centroid sample for these
  Results: 765003 parcels, 1578 with water, 348459 used centroid fallback, 0 with 0 pixels (real gaps, after fallback)
  Written: /work/GRDVULN/correction/data/nlcd_features/nlcd_UT_k18.parquet

=== 01a_extract_parcels.py complete ===
Outputs in: /work/GRDVULN/correction/data/nlcd_features
Finished: Thu Sep  3 17:59:13 EDT 2026
