==========================================
Node:    r4n15
Job ID:  7411917
CPUs:    16
Started: Thu Sep  3 17:54:20 EDT 2026
==========================================
Loaded module: python/3.11
Python:  Python 3.11.13  (/work/GRDVULN/correction/.venv/bin/python)
------------------------------------------
Processing state: SC  (array index 33 of 44)
Running: python /work/GRDVULN/correction/scripts/01a_extract_parcels.py --states SC --full-universe --no-resume
=== 01a_extract_parcels.py ===
K rings: 18

  Dropped 1 rows with non-numeric/missing LATITUDE or LONGITUDE
Treatment plants loaded: 43

--- State SC: 43 plants ---
  Unique H3 cells to query: 37675
  Parcels retrieved: 386419
  Dropping 109 candidate parcels over 2.0 km2 (largest: 39.5 km2) -- treated as digitization artifacts, not real candidate locations
  Extracting NLCD stats...
  129352 parcels had 0 pixels at >=50% coverage -- falling back to nearest-pixel centroid sample for these
  Results: 386310 parcels, 2767 with water, 129352 used centroid fallback, 0 with 0 pixels (real gaps, after fallback)
  Written: /work/GRDVULN/correction/data/nlcd_features/nlcd_SC_k18.parquet

=== 01a_extract_parcels.py complete ===
Outputs in: /work/GRDVULN/correction/data/nlcd_features
Finished: Thu Sep  3 17:57:17 EDT 2026
