==========================================
Node:    r4n09
Job ID:  7411889
CPUs:    16
Started: Thu Sep  3 17:54:21 EDT 2026
==========================================
Loaded module: python/3.11
Python:  Python 3.11.13  (/work/GRDVULN/correction/.venv/bin/python)
------------------------------------------
Processing state: CT  (array index 5 of 44)
Running: python /work/GRDVULN/correction/scripts/01a_extract_parcels.py --states CT --full-universe --no-resume
=== 01a_extract_parcels.py ===
K rings: 18

  Dropped 1 rows with non-numeric/missing LATITUDE or LONGITUDE
Treatment plants loaded: 101

--- State CT: 101 plants ---
  Unique H3 cells to query: 70590
  Parcels retrieved: 957063
  Dropping 159 candidate parcels over 2.0 km2 (largest: 18.0 km2) -- treated as digitization artifacts, not real candidate locations
  Extracting NLCD stats...
  287809 parcels had 0 pixels at >=50% coverage -- falling back to nearest-pixel centroid sample for these
  Results: 956904 parcels, 5822 with water, 287809 used centroid fallback, 0 with 0 pixels (real gaps, after fallback)
  Written: /work/GRDVULN/correction/data/nlcd_features/nlcd_CT_k18.parquet

=== 01a_extract_parcels.py complete ===
Outputs in: /work/GRDVULN/correction/data/nlcd_features
Finished: Thu Sep  3 17:59:49 EDT 2026
