==========================================
Node:    r4n13
Job ID:  7411900
CPUs:    16
Started: Thu Sep  3 17:54:21 EDT 2026
==========================================
Loaded module: python/3.11
Python:  Python 3.11.13  (/work/GRDVULN/correction/.venv/bin/python)
------------------------------------------
Processing state: MD  (array index 16 of 44)
Running: python /work/GRDVULN/correction/scripts/01a_extract_parcels.py --states MD --full-universe --no-resume
=== 01a_extract_parcels.py ===
K rings: 18

  Dropped 1 rows with non-numeric/missing LATITUDE or LONGITUDE
Treatment plants loaded: 188

--- State MD: 188 plants ---
  Unique H3 cells to query: 147997
  Parcels retrieved: 926648
  Dropping 226 candidate parcels over 2.0 km2 (largest: 67.9 km2) -- treated as digitization artifacts, not real candidate locations
  Extracting NLCD stats...
  393226 parcels had 0 pixels at >=50% coverage -- falling back to nearest-pixel centroid sample for these
  Results: 926422 parcels, 6637 with water, 393226 used centroid fallback, 0 with 0 pixels (real gaps, after fallback)
  Written: /work/GRDVULN/correction/data/nlcd_features/nlcd_MD_k18.parquet

=== 01a_extract_parcels.py complete ===
Outputs in: /work/GRDVULN/correction/data/nlcd_features
Finished: Thu Sep  3 17:59:43 EDT 2026
