==========================================
Node:    r4n16
Job ID:  7411924
CPUs:    16
Started: Thu Sep  3 17:54:20 EDT 2026
==========================================
Loaded module: python/3.11
Python:  Python 3.11.13  (/work/GRDVULN/correction/.venv/bin/python)
------------------------------------------
Processing state: WA  (array index 40 of 44)
Running: python /work/GRDVULN/correction/scripts/01a_extract_parcels.py --states WA --full-universe --no-resume
=== 01a_extract_parcels.py ===
K rings: 18

  Dropped 1 rows with non-numeric/missing LATITUDE or LONGITUDE
Treatment plants loaded: 264

--- State WA: 264 plants ---
  Unique H3 cells to query: 234648
  Parcels retrieved: 1525832
  Dropping 834 candidate parcels over 2.0 km2 (largest: 34.8 km2) -- treated as digitization artifacts, not real candidate locations
  Extracting NLCD stats...
  645088 parcels had 0 pixels at >=50% coverage -- falling back to nearest-pixel centroid sample for these
  Results: 1524998 parcels, 17007 with water, 645088 used centroid fallback, 0 with 0 pixels (real gaps, after fallback)
  Written: /work/GRDVULN/correction/data/nlcd_features/nlcd_WA_k18.parquet

=== 01a_extract_parcels.py complete ===
Outputs in: /work/GRDVULN/correction/data/nlcd_features
Finished: Thu Sep  3 18:03:39 EDT 2026
