==========================================
Node:    r5n05
Job ID:  7399946
CPUs:    16
Started: Fri Aug 21 06:49:28 EDT 2026
==========================================
Loaded module: python/3.11
Python:  Python 3.11.13  (/work/GRDVULN/correction/.venv/bin/python)
------------------------------------------
Processing state: LA  (array index 18 of 52)
Running: python /work/GRDVULN/correction/scripts/01a_extract_parcels.py --states LA
=== 01a_extract_parcels.py ===
K rings: 18

  Dropped 1 rows with non-numeric/missing LATITUDE or LONGITUDE
  Training plant universe: 2494 classes + 316 corrections -> 2494 unique CWNS_IDs
  Restricted to training-labeled plants: 16453 -> 2308
Treatment plants loaded: 27

--- State LA: 27 plants ---
  Unique H3 cells to query: 26767
  Parcels retrieved: 449646
  Dropping 111 candidate parcels over 2.0 km2 (largest: 12.7 km2) -- treated as digitization artifacts, not real candidate locations
  Extracting NLCD stats...
  263261 parcels had 0 pixels at >=50% coverage -- falling back to nearest-pixel centroid sample for these
  Results: 449535 parcels, 1643 with water, 263261 used centroid fallback, 0 with 0 pixels (real gaps, after fallback)
  Written: /work/GRDVULN/correction/data/nlcd_features/nlcd_LA_k18.parquet

=== 01a_extract_parcels.py complete ===
Outputs in: /work/GRDVULN/correction/data/nlcd_features
Finished: Fri Aug 21 06:51:43 EDT 2026
