==========================================
Node:    r4n14
Job ID:  7411908
CPUs:    16
Started: Thu Sep  3 17:54:21 EDT 2026
==========================================
Loaded module: python/3.11
Python:  Python 3.11.13  (/work/GRDVULN/correction/.venv/bin/python)
------------------------------------------
Processing state: NE  (array index 24 of 44)
Running: python /work/GRDVULN/correction/scripts/01a_extract_parcels.py --states NE --full-universe --no-resume
=== 01a_extract_parcels.py ===
K rings: 18

  Dropped 1 rows with non-numeric/missing LATITUDE or LONGITUDE
Treatment plants loaded: 469

--- State NE: 469 plants ---
  Unique H3 cells to query: 441788
  Parcels retrieved: 630692
  Dropping 996 candidate parcels over 2.0 km2 (largest: 8.5 km2) -- treated as digitization artifacts, not real candidate locations
  Extracting NLCD stats...
  211128 parcels had 0 pixels at >=50% coverage -- falling back to nearest-pixel centroid sample for these
  Results: 629696 parcels, 11963 with water, 211128 used centroid fallback, 0 with 0 pixels (real gaps, after fallback)
  Written: /work/GRDVULN/correction/data/nlcd_features/nlcd_NE_k18.parquet

=== 01a_extract_parcels.py complete ===
Outputs in: /work/GRDVULN/correction/data/nlcd_features
Finished: Thu Sep  3 17:58:27 EDT 2026
