==========================================
Node:    r4n14
Job ID:  7411910
CPUs:    16
Started: Thu Sep  3 17:54:21 EDT 2026
==========================================
Loaded module: python/3.11
Python:  Python 3.11.13  (/work/GRDVULN/correction/.venv/bin/python)
------------------------------------------
Processing state: NJ  (array index 26 of 44)
Running: python /work/GRDVULN/correction/scripts/01a_extract_parcels.py --states NJ --full-universe --no-resume
=== 01a_extract_parcels.py ===
K rings: 18

  Dropped 1 rows with non-numeric/missing LATITUDE or LONGITUDE
Treatment plants loaded: 164

--- State NJ: 164 plants ---
  Unique H3 cells to query: 99390
  Parcels retrieved: 1896233
  Dropping 138 candidate parcels over 2.0 km2 (largest: 19.8 km2) -- treated as digitization artifacts, not real candidate locations
  Extracting NLCD stats...
  1108521 parcels had 0 pixels at >=50% coverage -- falling back to nearest-pixel centroid sample for these
  Results: 1896095 parcels, 9567 with water, 1108521 used centroid fallback, 0 with 0 pixels (real gaps, after fallback)
  Written: /work/GRDVULN/correction/data/nlcd_features/nlcd_NJ_k18.parquet

=== 01a_extract_parcels.py complete ===
Outputs in: /work/GRDVULN/correction/data/nlcd_features
Finished: Thu Sep  3 18:03:37 EDT 2026
