==========================================
Node:    r4n09
Job ID:  7411891
CPUs:    16
Started: Thu Sep  3 17:54:20 EDT 2026
==========================================
Loaded module: python/3.11
Python:  Python 3.11.13  (/work/GRDVULN/correction/.venv/bin/python)
------------------------------------------
Processing state: GA  (array index 7 of 44)
Running: python /work/GRDVULN/correction/scripts/01a_extract_parcels.py --states GA --full-universe --no-resume
=== 01a_extract_parcels.py ===
K rings: 18

  Dropped 1 rows with non-numeric/missing LATITUDE or LONGITUDE
Treatment plants loaded: 447

--- State GA: 447 plants ---
  Unique H3 cells to query: 356695
  Parcels retrieved: 2238606
  Dropping 1105 candidate parcels over 2.0 km2 (largest: 579.5 km2) -- treated as digitization artifacts, not real candidate locations
  Extracting NLCD stats...
  536642 parcels had 0 pixels at >=50% coverage -- falling back to nearest-pixel centroid sample for these
  Results: 2237501 parcels, 26245 with water, 536642 used centroid fallback, 0 with 0 pixels (real gaps, after fallback)
  Written: /work/GRDVULN/correction/data/nlcd_features/nlcd_GA_k18.parquet

=== 01a_extract_parcels.py complete ===
Outputs in: /work/GRDVULN/correction/data/nlcd_features
Finished: Thu Sep  3 18:08:53 EDT 2026
