==========================================
Node:    r4n14
Job ID:  7411913
CPUs:    16
Started: Thu Sep  3 17:54:21 EDT 2026
==========================================
Loaded module: python/3.11
Python:  Python 3.11.13  (/work/GRDVULN/correction/.venv/bin/python)
------------------------------------------
Processing state: NY  (array index 29 of 44)
Running: python /work/GRDVULN/correction/scripts/01a_extract_parcels.py --states NY --full-universe --no-resume
=== 01a_extract_parcels.py ===
K rings: 18

  Dropped 1 rows with non-numeric/missing LATITUDE or LONGITUDE
Treatment plants loaded: 659

--- State NY: 659 plants ---
  Unique H3 cells to query: 481130
  Parcels retrieved: 3931224
  Dropping 702 candidate parcels over 2.0 km2 (largest: 129.4 km2) -- treated as digitization artifacts, not real candidate locations
  Extracting NLCD stats...
  1826532 parcels had 0 pixels at >=50% coverage -- falling back to nearest-pixel centroid sample for these
  Results: 3930522 parcels, 25378 with water, 1826532 used centroid fallback, 0 with 0 pixels (real gaps, after fallback)
  Written: /work/GRDVULN/correction/data/nlcd_features/nlcd_NY_k18.parquet

=== 01a_extract_parcels.py complete ===
Outputs in: /work/GRDVULN/correction/data/nlcd_features
Finished: Thu Sep  3 18:15:45 EDT 2026
