==========================================
Node:    r4n13
Job ID:  7411904
CPUs:    16
Started: Thu Sep  3 17:54:20 EDT 2026
==========================================
Loaded module: python/3.11
Python:  Python 3.11.13  (/work/GRDVULN/correction/.venv/bin/python)
------------------------------------------
Processing state: MO  (array index 20 of 44)
Running: python /work/GRDVULN/correction/scripts/01a_extract_parcels.py --states MO --full-universe --no-resume
=== 01a_extract_parcels.py ===
K rings: 18

  Dropped 1 rows with non-numeric/missing LATITUDE or LONGITUDE
Treatment plants loaded: 873

--- State MO: 873 plants ---
  Unique H3 cells to query: 634906
  Parcels retrieved: 1804799
  Dropping 698 candidate parcels over 2.0 km2 (largest: 25.8 km2) -- treated as digitization artifacts, not real candidate locations
  Extracting NLCD stats...
  498011 parcels had 0 pixels at >=50% coverage -- falling back to nearest-pixel centroid sample for these
  Results: 1804101 parcels, 38241 with water, 498011 used centroid fallback, 0 with 0 pixels (real gaps, after fallback)
  Written: /work/GRDVULN/correction/data/nlcd_features/nlcd_MO_k18.parquet

=== 01a_extract_parcels.py complete ===
Outputs in: /work/GRDVULN/correction/data/nlcd_features
Finished: Thu Sep  3 18:05:35 EDT 2026
