==========================================
Node:    r4n09
Job ID:  7411887
CPUs:    16
Started: Thu Sep  3 17:54:20 EDT 2026
==========================================
Loaded module: python/3.11
Python:  Python 3.11.13  (/work/GRDVULN/correction/.venv/bin/python)
------------------------------------------
Processing state: CA  (array index 3 of 44)
Running: python /work/GRDVULN/correction/scripts/01a_extract_parcels.py --states CA --full-universe --no-resume
=== 01a_extract_parcels.py ===
K rings: 18

  Dropped 1 rows with non-numeric/missing LATITUDE or LONGITUDE
Treatment plants loaded: 494

--- State CA: 494 plants ---
  Unique H3 cells to query: 401345
  Parcels retrieved: 5797384
  Dropping 2055 candidate parcels over 2.0 km2 (largest: 67.9 km2) -- treated as digitization artifacts, not real candidate locations
  Extracting NLCD stats...
  3302660 parcels had 0 pixels at >=50% coverage -- falling back to nearest-pixel centroid sample for these
  Results: 5795329 parcels, 15588 with water, 3302660 used centroid fallback, 0 with 0 pixels (real gaps, after fallback)
  Written: /work/GRDVULN/correction/data/nlcd_features/nlcd_CA_k18.parquet

=== 01a_extract_parcels.py complete ===
Outputs in: /work/GRDVULN/correction/data/nlcd_features
Finished: Thu Sep  3 18:30:41 EDT 2026
