==========================================
Node:    r5n09
Job ID:  7411893
CPUs:    16
Started: Thu Sep  3 17:54:20 EDT 2026
==========================================
Loaded module: python/3.11
Python:  Python 3.11.13  (/work/GRDVULN/correction/.venv/bin/python)
------------------------------------------
Processing state: ID  (array index 9 of 44)
Running: python /work/GRDVULN/correction/scripts/01a_extract_parcels.py --states ID --full-universe --no-resume
=== 01a_extract_parcels.py ===
K rings: 18

  Dropped 1 rows with non-numeric/missing LATITUDE or LONGITUDE
Treatment plants loaded: 189

--- State ID: 189 plants ---
  Unique H3 cells to query: 168403
  Parcels retrieved: 623892
  Dropping 829 candidate parcels over 2.0 km2 (largest: 37.6 km2) -- treated as digitization artifacts, not real candidate locations
  Extracting NLCD stats...
  223430 parcels had 0 pixels at >=50% coverage -- falling back to nearest-pixel centroid sample for these
  Results: 623063 parcels, 4193 with water, 223430 used centroid fallback, 0 with 0 pixels (real gaps, after fallback)
  Written: /work/GRDVULN/correction/data/nlcd_features/nlcd_ID_k18.parquet

=== 01a_extract_parcels.py complete ===
Outputs in: /work/GRDVULN/correction/data/nlcd_features
Finished: Thu Sep  3 17:57:44 EDT 2026
