==========================================
Node:    r4n16
Job ID:  7411883
CPUs:    16
Started: Thu Sep  3 17:54:20 EDT 2026
==========================================
Loaded module: python/3.11
Python:  Python 3.11.13  (/work/GRDVULN/correction/.venv/bin/python)
------------------------------------------
Processing state: WY  (array index 43 of 44)
Running: python /work/GRDVULN/correction/scripts/01a_extract_parcels.py --states WY --full-universe --no-resume
=== 01a_extract_parcels.py ===
K rings: 18

  Dropped 1 rows with non-numeric/missing LATITUDE or LONGITUDE
Treatment plants loaded: 98

--- State WY: 98 plants ---
  Unique H3 cells to query: 94980
  Parcels retrieved: 214767
  Dropping 862 candidate parcels over 2.0 km2 (largest: 4655.6 km2) -- treated as digitization artifacts, not real candidate locations
  Extracting NLCD stats...
  95745 parcels had 0 pixels at >=50% coverage -- falling back to nearest-pixel centroid sample for these
  Results: 213905 parcels, 1458 with water, 95745 used centroid fallback, 0 with 0 pixels (real gaps, after fallback)
  Written: /work/GRDVULN/correction/data/nlcd_features/nlcd_WY_k18.parquet

=== 01a_extract_parcels.py complete ===
Outputs in: /work/GRDVULN/correction/data/nlcd_features
Finished: Thu Sep  3 17:55:37 EDT 2026
