==========================================
Node:    r4n16
Job ID:  7411926
CPUs:    16
Started: Thu Sep  3 17:54:20 EDT 2026
==========================================
Loaded module: python/3.11
Python:  Python 3.11.13  (/work/GRDVULN/correction/.venv/bin/python)
------------------------------------------
Processing state: WV  (array index 42 of 44)
Running: python /work/GRDVULN/correction/scripts/01a_extract_parcels.py --states WV --full-universe --no-resume
=== 01a_extract_parcels.py ===
K rings: 18

  Dropped 1 rows with non-numeric/missing LATITUDE or LONGITUDE
Treatment plants loaded: 310

--- State WV: 310 plants ---
  Unique H3 cells to query: 204418
  Parcels retrieved: 879337
  Dropping 551 candidate parcels over 2.0 km2 (largest: 112.0 km2) -- treated as digitization artifacts, not real candidate locations
  Extracting NLCD stats...
  366222 parcels had 0 pixels at >=50% coverage -- falling back to nearest-pixel centroid sample for these
  Results: 878786 parcels, 3348 with water, 366222 used centroid fallback, 0 with 0 pixels (real gaps, after fallback)
  Written: /work/GRDVULN/correction/data/nlcd_features/nlcd_WV_k18.parquet

=== 01a_extract_parcels.py complete ===
Outputs in: /work/GRDVULN/correction/data/nlcd_features
Finished: Thu Sep  3 17:58:57 EDT 2026
