==========================================
Node:    r5n05
Job ID:  7399949
CPUs:    16
Started: Fri Aug 21 06:49:29 EDT 2026
==========================================
Loaded module: python/3.11
Python:  Python 3.11.13  (/work/GRDVULN/correction/.venv/bin/python)
------------------------------------------
Processing state: ME  (array index 21 of 52)
Running: python /work/GRDVULN/correction/scripts/01a_extract_parcels.py --states ME
=== 01a_extract_parcels.py ===
K rings: 18

  Dropped 1 rows with non-numeric/missing LATITUDE or LONGITUDE
  Training plant universe: 2494 classes + 316 corrections -> 2494 unique CWNS_IDs
  Restricted to training-labeled plants: 16453 -> 2308
Treatment plants loaded: 26

--- State ME: 26 plants ---
  Unique H3 cells to query: 24243
  Parcels retrieved: 173992
  Dropping 24 candidate parcels over 2.0 km2 (largest: 41.7 km2) -- treated as digitization artifacts, not real candidate locations
  Extracting NLCD stats...
  50765 parcels had 0 pixels at >=50% coverage -- falling back to nearest-pixel centroid sample for these
    1 of those still have no value -- centroid landed on nodata (likely outside the NLCD raster's extent entirely)
  Results: 173968 parcels, 1808 with water, 50765 used centroid fallback, 1 with 0 pixels (real gaps, after fallback)
  Written: /work/GRDVULN/correction/data/nlcd_features/nlcd_ME_k18.parquet

=== 01a_extract_parcels.py complete ===
Outputs in: /work/GRDVULN/correction/data/nlcd_features
Finished: Fri Aug 21 06:50:34 EDT 2026
