==========================================
Node:    r4n06
Job ID:  7399938
CPUs:    16
Started: Fri Aug 21 06:49:29 EDT 2026
==========================================
Loaded module: python/3.11
Python:  Python 3.11.13  (/work/GRDVULN/correction/.venv/bin/python)
------------------------------------------
Processing state: GA  (array index 10 of 52)
Running: python /work/GRDVULN/correction/scripts/01a_extract_parcels.py --states GA
=== 01a_extract_parcels.py ===
K rings: 18

  Dropped 1 rows with non-numeric/missing LATITUDE or LONGITUDE
  Training plant universe: 2494 classes + 316 corrections -> 2494 unique CWNS_IDs
  Restricted to training-labeled plants: 16453 -> 2308
Treatment plants loaded: 59

--- State GA: 59 plants ---
  Unique H3 cells to query: 57459
  Parcels retrieved: 551601
  Dropping 135 candidate parcels over 2.0 km2 (largest: 579.5 km2) -- treated as digitization artifacts, not real candidate locations
  Extracting NLCD stats...
  178454 parcels had 0 pixels at >=50% coverage -- falling back to nearest-pixel centroid sample for these
  Results: 551466 parcels, 4985 with water, 178454 used centroid fallback, 0 with 0 pixels (real gaps, after fallback)
  Written: /work/GRDVULN/correction/data/nlcd_features/nlcd_GA_k18.parquet

=== 01a_extract_parcels.py complete ===
Outputs in: /work/GRDVULN/correction/data/nlcd_features
Finished: Fri Aug 21 06:52:42 EDT 2026
