==========================================
Node:    r4n14
Job ID:  7411914
CPUs:    16
Started: Thu Sep  3 17:54:21 EDT 2026
==========================================
Loaded module: python/3.11
Python:  Python 3.11.13  (/work/GRDVULN/correction/.venv/bin/python)
------------------------------------------
Processing state: OK  (array index 30 of 44)
Running: python /work/GRDVULN/correction/scripts/01a_extract_parcels.py --states OK --full-universe --no-resume
=== 01a_extract_parcels.py ===
K rings: 18

  Dropped 1 rows with non-numeric/missing LATITUDE or LONGITUDE
Treatment plants loaded: 488

--- State OK: 488 plants ---
  Unique H3 cells to query: 442242
  Parcels retrieved: 1241165
  Dropping 972 candidate parcels over 2.0 km2 (largest: 6.6 km2) -- treated as digitization artifacts, not real candidate locations
  Extracting NLCD stats...
  377314 parcels had 0 pixels at >=50% coverage -- falling back to nearest-pixel centroid sample for these
  Results: 1240193 parcels, 26926 with water, 377314 used centroid fallback, 0 with 0 pixels (real gaps, after fallback)
  Written: /work/GRDVULN/correction/data/nlcd_features/nlcd_OK_k18.parquet

=== 01a_extract_parcels.py complete ===
Outputs in: /work/GRDVULN/correction/data/nlcd_features
Finished: Thu Sep  3 18:02:31 EDT 2026
