==========================================
Node:    r4n09
Job ID:  7411885
CPUs:    16
Started: Thu Sep  3 17:54:20 EDT 2026
==========================================
Loaded module: python/3.11
Python:  Python 3.11.13  (/work/GRDVULN/correction/.venv/bin/python)
------------------------------------------
Processing state: AR  (array index 1 of 44)
Running: python /work/GRDVULN/correction/scripts/01a_extract_parcels.py --states AR --full-universe --no-resume
=== 01a_extract_parcels.py ===
K rings: 18

  Dropped 1 rows with non-numeric/missing LATITUDE or LONGITUDE
Treatment plants loaded: 392

--- State AR: 392 plants ---
  Unique H3 cells to query: 339849
  Parcels retrieved: 1188176
  Dropping 1031 candidate parcels over 2.0 km2 (largest: 5.0 km2) -- treated as digitization artifacts, not real candidate locations
  Extracting NLCD stats...
  270048 parcels had 0 pixels at >=50% coverage -- falling back to nearest-pixel centroid sample for these
  Results: 1187145 parcels, 18304 with water, 270048 used centroid fallback, 0 with 0 pixels (real gaps, after fallback)
  Written: /work/GRDVULN/correction/data/nlcd_features/nlcd_AR_k18.parquet

=== 01a_extract_parcels.py complete ===
Outputs in: /work/GRDVULN/correction/data/nlcd_features
Finished: Thu Sep  3 18:00:46 EDT 2026
