==========================================
Node:    r4n15
Job ID:  7411923
CPUs:    16
Started: Thu Sep  3 17:54:21 EDT 2026
==========================================
Loaded module: python/3.11
Python:  Python 3.11.13  (/work/GRDVULN/correction/.venv/bin/python)
------------------------------------------
Processing state: VT  (array index 39 of 44)
Running: python /work/GRDVULN/correction/scripts/01a_extract_parcels.py --states VT --full-universe --no-resume
=== 01a_extract_parcels.py ===
K rings: 18

  Dropped 1 rows with non-numeric/missing LATITUDE or LONGITUDE
Treatment plants loaded: 96

--- State VT: 96 plants ---
  Unique H3 cells to query: 79282
  Parcels retrieved: 195478
  Dropping 443 candidate parcels over 2.0 km2 (largest: 48.9 km2) -- treated as digitization artifacts, not real candidate locations
  Extracting NLCD stats...
  28624 parcels had 0 pixels at >=50% coverage -- falling back to nearest-pixel centroid sample for these
    3 of those still have no value -- centroid landed on nodata (likely outside the NLCD raster's extent entirely)
  Results: 195035 parcels, 3212 with water, 28624 used centroid fallback, 3 with 0 pixels (real gaps, after fallback)
  Written: /work/GRDVULN/correction/data/nlcd_features/nlcd_VT_k18.parquet

=== 01a_extract_parcels.py complete ===
Outputs in: /work/GRDVULN/correction/data/nlcd_features
Finished: Thu Sep  3 17:55:43 EDT 2026
