==========================================
Node:    r4n13
Job ID:  7411903
CPUs:    16
Started: Thu Sep  3 17:54:20 EDT 2026
==========================================
Loaded module: python/3.11
Python:  Python 3.11.13  (/work/GRDVULN/correction/.venv/bin/python)
------------------------------------------
Processing state: MN  (array index 19 of 44)
Running: python /work/GRDVULN/correction/scripts/01a_extract_parcels.py --states MN --full-universe --no-resume
=== 01a_extract_parcels.py ===
K rings: 18

  Dropped 1 rows with non-numeric/missing LATITUDE or LONGITUDE
Treatment plants loaded: 559

--- State MN: 559 plants ---
  Unique H3 cells to query: 511749
  Parcels retrieved: 1189578
  Dropping 371 candidate parcels over 2.0 km2 (largest: 28.5 km2) -- treated as digitization artifacts, not real candidate locations
  Extracting NLCD stats...
  335901 parcels had 0 pixels at >=50% coverage -- falling back to nearest-pixel centroid sample for these
  Results: 1189207 parcels, 25873 with water, 335901 used centroid fallback, 0 with 0 pixels (real gaps, after fallback)
  Written: /work/GRDVULN/correction/data/nlcd_features/nlcd_MN_k18.parquet

=== 01a_extract_parcels.py complete ===
Outputs in: /work/GRDVULN/correction/data/nlcd_features
Finished: Thu Sep  3 18:02:09 EDT 2026
