==========================================
Node:    r4n15
Job ID:  7411919
CPUs:    16
Started: Thu Sep  3 17:54:20 EDT 2026
==========================================
Loaded module: python/3.11
Python:  Python 3.11.13  (/work/GRDVULN/correction/.venv/bin/python)
------------------------------------------
Processing state: TN  (array index 35 of 44)
Running: python /work/GRDVULN/correction/scripts/01a_extract_parcels.py --states TN --full-universe --no-resume
=== 01a_extract_parcels.py ===
K rings: 18

  Dropped 1 rows with non-numeric/missing LATITUDE or LONGITUDE
Treatment plants loaded: 253

--- State TN: 253 plants ---
  Unique H3 cells to query: 235774
  Parcels retrieved: 1292953
  Dropping 529 candidate parcels over 2.0 km2 (largest: 36.7 km2) -- treated as digitization artifacts, not real candidate locations
  Extracting NLCD stats...
  282580 parcels had 0 pixels at >=50% coverage -- falling back to nearest-pixel centroid sample for these
  Results: 1292424 parcels, 10651 with water, 282580 used centroid fallback, 0 with 0 pixels (real gaps, after fallback)
  Written: /work/GRDVULN/correction/data/nlcd_features/nlcd_TN_k18.parquet

=== 01a_extract_parcels.py complete ===
Outputs in: /work/GRDVULN/correction/data/nlcd_features
Finished: Thu Sep  3 18:05:53 EDT 2026
