==========================================
Node:    r5n09
Job ID:  7411897
CPUs:    16
Started: Thu Sep  3 17:54:20 EDT 2026
==========================================
Loaded module: python/3.11
Python:  Python 3.11.13  (/work/GRDVULN/correction/.venv/bin/python)
------------------------------------------
Processing state: KY  (array index 13 of 44)
Running: python /work/GRDVULN/correction/scripts/01a_extract_parcels.py --states KY --full-universe --no-resume
=== 01a_extract_parcels.py ===
K rings: 18

  Dropped 1 rows with non-numeric/missing LATITUDE or LONGITUDE
Treatment plants loaded: 269

--- State KY: 269 plants ---
  Unique H3 cells to query: 245554
  Parcels retrieved: 1041492
  Dropping 365 candidate parcels over 2.0 km2 (largest: 138.9 km2) -- treated as digitization artifacts, not real candidate locations
  Extracting NLCD stats...
  279339 parcels had 0 pixels at >=50% coverage -- falling back to nearest-pixel centroid sample for these
  Results: 1041127 parcels, 8787 with water, 279339 used centroid fallback, 0 with 0 pixels (real gaps, after fallback)
  Written: /work/GRDVULN/correction/data/nlcd_features/nlcd_KY_k18.parquet

=== 01a_extract_parcels.py complete ===
Outputs in: /work/GRDVULN/correction/data/nlcd_features
Finished: Thu Sep  3 18:00:45 EDT 2026
