==========================================
Node:    r4n15
Job ID:  7411922
CPUs:    16
Started: Thu Sep  3 17:54:20 EDT 2026
==========================================
Loaded module: python/3.11
Python:  Python 3.11.13  (/work/GRDVULN/correction/.venv/bin/python)
------------------------------------------
Processing state: VA  (array index 38 of 44)
Running: python /work/GRDVULN/correction/scripts/01a_extract_parcels.py --states VA --full-universe --no-resume
=== 01a_extract_parcels.py ===
K rings: 18

  Dropped 1 rows with non-numeric/missing LATITUDE or LONGITUDE
Treatment plants loaded: 240

--- State VA: 240 plants ---
  Unique H3 cells to query: 217013
  Parcels retrieved: 1375761
  Dropping 474 candidate parcels over 2.0 km2 (largest: 159.5 km2) -- treated as digitization artifacts, not real candidate locations
  Extracting NLCD stats...
  557454 parcels had 0 pixels at >=50% coverage -- falling back to nearest-pixel centroid sample for these
  Results: 1375287 parcels, 10406 with water, 557454 used centroid fallback, 0 with 0 pixels (real gaps, after fallback)
  Written: /work/GRDVULN/correction/data/nlcd_features/nlcd_VA_k18.parquet

=== 01a_extract_parcels.py complete ===
Outputs in: /work/GRDVULN/correction/data/nlcd_features
Finished: Thu Sep  3 18:03:12 EDT 2026
