==========================================
Node:    r4n09
Job ID:  7411888
CPUs:    16
Started: Thu Sep  3 17:54:20 EDT 2026
==========================================
Loaded module: python/3.11
Python:  Python 3.11.13  (/work/GRDVULN/correction/.venv/bin/python)
------------------------------------------
Processing state: CO  (array index 4 of 44)
Running: python /work/GRDVULN/correction/scripts/01a_extract_parcels.py --states CO --full-universe --no-resume
=== 01a_extract_parcels.py ===
K rings: 18

  Dropped 1 rows with non-numeric/missing LATITUDE or LONGITUDE
Treatment plants loaded: 417

--- State CO: 417 plants ---
  Unique H3 cells to query: 310745
  Parcels retrieved: 1964761
  Dropping 1987 candidate parcels over 2.0 km2 (largest: 1886.2 km2) -- treated as digitization artifacts, not real candidate locations
  Extracting NLCD stats...
  956962 parcels had 0 pixels at >=50% coverage -- falling back to nearest-pixel centroid sample for these
  Results: 1962774 parcels, 8825 with water, 956962 used centroid fallback, 0 with 0 pixels (real gaps, after fallback)
  Written: /work/GRDVULN/correction/data/nlcd_features/nlcd_CO_k18.parquet

=== 01a_extract_parcels.py complete ===
Outputs in: /work/GRDVULN/correction/data/nlcd_features
Finished: Thu Sep  3 18:06:04 EDT 2026
