==========================================
Node:    r4n16
Job ID:  7411925
CPUs:    16
Started: Thu Sep  3 17:54:20 EDT 2026
==========================================
Loaded module: python/3.11
Python:  Python 3.11.13  (/work/GRDVULN/correction/.venv/bin/python)
------------------------------------------
Processing state: WI  (array index 41 of 44)
Running: python /work/GRDVULN/correction/scripts/01a_extract_parcels.py --states WI --full-universe --no-resume
=== 01a_extract_parcels.py ===
K rings: 18

  Dropped 1 rows with non-numeric/missing LATITUDE or LONGITUDE
Treatment plants loaded: 604

--- State WI: 604 plants ---
  Unique H3 cells to query: 521344
  Parcels retrieved: 1933861
  Dropping 280 candidate parcels over 2.0 km2 (largest: 13.8 km2) -- treated as digitization artifacts, not real candidate locations
  Extracting NLCD stats...
  476039 parcels had 0 pixels at >=50% coverage -- falling back to nearest-pixel centroid sample for these
  Results: 1933581 parcels, 26240 with water, 476039 used centroid fallback, 0 with 0 pixels (real gaps, after fallback)
  Written: /work/GRDVULN/correction/data/nlcd_features/nlcd_WI_k18.parquet

=== 01a_extract_parcels.py complete ===
Outputs in: /work/GRDVULN/correction/data/nlcd_features
Finished: Thu Sep  3 18:05:17 EDT 2026
