==========================================
Node:    r5n09
Job ID:  7411895
CPUs:    16
Started: Thu Sep  3 17:54:21 EDT 2026
==========================================
Loaded module: python/3.11
Python:  Python 3.11.13  (/work/GRDVULN/correction/.venv/bin/python)
------------------------------------------
Processing state: IN  (array index 11 of 44)
Running: python /work/GRDVULN/correction/scripts/01a_extract_parcels.py --states IN --full-universe --no-resume
=== 01a_extract_parcels.py ===
K rings: 18

  Dropped 1 rows with non-numeric/missing LATITUDE or LONGITUDE
Treatment plants loaded: 512

--- State IN: 512 plants ---
  Unique H3 cells to query: 441330
  Parcels retrieved: 2406322
  Dropping 121 candidate parcels over 2.0 km2 (largest: 7.6 km2) -- treated as digitization artifacts, not real candidate locations
  Extracting NLCD stats...
  916622 parcels had 0 pixels at >=50% coverage -- falling back to nearest-pixel centroid sample for these
  Results: 2406201 parcels, 25443 with water, 916622 used centroid fallback, 0 with 0 pixels (real gaps, after fallback)
  Written: /work/GRDVULN/correction/data/nlcd_features/nlcd_IN_k18.parquet

=== 01a_extract_parcels.py complete ===
Outputs in: /work/GRDVULN/correction/data/nlcd_features
Finished: Thu Sep  3 18:07:00 EDT 2026
