==========================================
Node:    r5n09
Job ID:  7411894
CPUs:    16
Started: Thu Sep  3 17:54:21 EDT 2026
==========================================
Loaded module: python/3.11
Python:  Python 3.11.13  (/work/GRDVULN/correction/.venv/bin/python)
------------------------------------------
Processing state: IL  (array index 10 of 44)
Running: python /work/GRDVULN/correction/scripts/01a_extract_parcels.py --states IL --full-universe --no-resume
=== 01a_extract_parcels.py ===
K rings: 18

  Dropped 1 rows with non-numeric/missing LATITUDE or LONGITUDE
Treatment plants loaded: 792

--- State IL: 792 plants ---
  Unique H3 cells to query: 626445
  Parcels retrieved: 3502999
  Dropping 541 candidate parcels over 2.0 km2 (largest: 18.1 km2) -- treated as digitization artifacts, not real candidate locations
  Extracting NLCD stats...
  1388696 parcels had 0 pixels at >=50% coverage -- falling back to nearest-pixel centroid sample for these
  Results: 3502458 parcels, 43244 with water, 1388696 used centroid fallback, 0 with 0 pixels (real gaps, after fallback)
  Written: /work/GRDVULN/correction/data/nlcd_features/nlcd_IL_k18.parquet

=== 01a_extract_parcels.py complete ===
Outputs in: /work/GRDVULN/correction/data/nlcd_features
Finished: Thu Sep  3 18:24:58 EDT 2026
