==========================================
Node:    r4n09
Job ID:  7411890
CPUs:    16
Started: Thu Sep  3 17:54:21 EDT 2026
==========================================
Loaded module: python/3.11
Python:  Python 3.11.13  (/work/GRDVULN/correction/.venv/bin/python)
------------------------------------------
Processing state: FL  (array index 6 of 44)
Running: python /work/GRDVULN/correction/scripts/01a_extract_parcels.py --states FL --full-universe --no-resume
=== 01a_extract_parcels.py ===
K rings: 18

  Dropped 1 rows with non-numeric/missing LATITUDE or LONGITUDE
Treatment plants loaded: 387

--- State FL: 387 plants ---
  Unique H3 cells to query: 326287
  Parcels retrieved: 5730239
  Dropping 1108 candidate parcels over 2.0 km2 (largest: 62.2 km2) -- treated as digitization artifacts, not real candidate locations
  Extracting NLCD stats...
  2439871 parcels had 0 pixels at >=50% coverage -- falling back to nearest-pixel centroid sample for these
  Results: 5729131 parcels, 68694 with water, 2439871 used centroid fallback, 0 with 0 pixels (real gaps, after fallback)
  Written: /work/GRDVULN/correction/data/nlcd_features/nlcd_FL_k18.parquet

=== 01a_extract_parcels.py complete ===
Outputs in: /work/GRDVULN/correction/data/nlcd_features
Finished: Thu Sep  3 18:36:23 EDT 2026
