==========================================
Node:    r7n17
Job ID:  7399971
CPUs:    16
Started: Fri Aug 21 06:49:29 EDT 2026
==========================================
Loaded module: python/3.11
Python:  Python 3.11.13  (/work/GRDVULN/correction/.venv/bin/python)
------------------------------------------
Processing state: TN  (array index 43 of 52)
Running: python /work/GRDVULN/correction/scripts/01a_extract_parcels.py --states TN
=== 01a_extract_parcels.py ===
K rings: 18

  Dropped 1 rows with non-numeric/missing LATITUDE or LONGITUDE
  Training plant universe: 2494 classes + 316 corrections -> 2494 unique CWNS_IDs
  Restricted to training-labeled plants: 16453 -> 2308
Treatment plants loaded: 114

--- State TN: 114 plants ---
  Unique H3 cells to query: 114774
  Parcels retrieved: 762140
  Dropping 245 candidate parcels over 2.0 km2 (largest: 23.1 km2) -- treated as digitization artifacts, not real candidate locations
  Extracting NLCD stats...
  163626 parcels had 0 pixels at >=50% coverage -- falling back to nearest-pixel centroid sample for these
  Results: 761895 parcels, 6314 with water, 163626 used centroid fallback, 0 with 0 pixels (real gaps, after fallback)
  Written: /work/GRDVULN/correction/data/nlcd_features/nlcd_TN_k18.parquet

=== 01a_extract_parcels.py complete ===
Outputs in: /work/GRDVULN/correction/data/nlcd_features
Finished: Fri Aug 21 06:55:37 EDT 2026
