==========================================
Node:    r4n13
Job ID:  7411905
CPUs:    16
Started: Thu Sep  3 17:54:20 EDT 2026
==========================================
Loaded module: python/3.11
Python:  Python 3.11.13  (/work/GRDVULN/correction/.venv/bin/python)
------------------------------------------
Processing state: MT  (array index 21 of 44)
Running: python /work/GRDVULN/correction/scripts/01a_extract_parcels.py --states MT --full-universe --no-resume
=== 01a_extract_parcels.py ===
K rings: 18

  Dropped 1 rows with non-numeric/missing LATITUDE or LONGITUDE
Treatment plants loaded: 174

--- State MT: 174 plants ---
  Unique H3 cells to query: 165245
  Parcels retrieved: 360478
  Dropping 1592 candidate parcels over 2.0 km2 (largest: 21.3 km2) -- treated as digitization artifacts, not real candidate locations
  Extracting NLCD stats...
  135370 parcels had 0 pixels at >=50% coverage -- falling back to nearest-pixel centroid sample for these
  Results: 358886 parcels, 4777 with water, 135370 used centroid fallback, 0 with 0 pixels (real gaps, after fallback)
  Written: /work/GRDVULN/correction/data/nlcd_features/nlcd_MT_k18.parquet

=== 01a_extract_parcels.py complete ===
Outputs in: /work/GRDVULN/correction/data/nlcd_features
Finished: Thu Sep  3 17:56:35 EDT 2026
