==========================================
Node:    r7n05
Job ID:  7399932
CPUs:    16
Started: Fri Aug 21 06:49:28 EDT 2026
==========================================
Loaded module: python/3.11
Python:  Python 3.11.13  (/work/GRDVULN/correction/.venv/bin/python)
------------------------------------------
Processing state: CA  (array index 4 of 52)
Running: python /work/GRDVULN/correction/scripts/01a_extract_parcels.py --states CA
=== 01a_extract_parcels.py ===
K rings: 18

  Dropped 1 rows with non-numeric/missing LATITUDE or LONGITUDE
  Training plant universe: 2494 classes + 316 corrections -> 2494 unique CWNS_IDs
  Restricted to training-labeled plants: 16453 -> 2308
Treatment plants loaded: 83

--- State CA: 83 plants ---
  Unique H3 cells to query: 82736
  Parcels retrieved: 1486123
  Dropping 370 candidate parcels over 2.0 km2 (largest: 53.3 km2) -- treated as digitization artifacts, not real candidate locations
  Extracting NLCD stats...
  902214 parcels had 0 pixels at >=50% coverage -- falling back to nearest-pixel centroid sample for these
  Results: 1485753 parcels, 3220 with water, 902214 used centroid fallback, 0 with 0 pixels (real gaps, after fallback)
  Written: /work/GRDVULN/correction/data/nlcd_features/nlcd_CA_k18.parquet

=== 01a_extract_parcels.py complete ===
Outputs in: /work/GRDVULN/correction/data/nlcd_features
Finished: Fri Aug 21 06:58:00 EDT 2026
