==========================================
Node:    r4n14
Job ID:  7411912
CPUs:    16
Started: Thu Sep  3 17:54:21 EDT 2026
==========================================
Loaded module: python/3.11
Python:  Python 3.11.13  (/work/GRDVULN/correction/.venv/bin/python)
------------------------------------------
Processing state: NV  (array index 28 of 44)
Running: python /work/GRDVULN/correction/scripts/01a_extract_parcels.py --states NV --full-universe --no-resume
=== 01a_extract_parcels.py ===
K rings: 18

  Dropped 1 rows with non-numeric/missing LATITUDE or LONGITUDE
Treatment plants loaded: 30

--- State NV: 30 plants ---
  Unique H3 cells to query: 30351
  Parcels retrieved: 177694
  Dropping 179 candidate parcels over 2.0 km2 (largest: 164.1 km2) -- treated as digitization artifacts, not real candidate locations
  Extracting NLCD stats...
  102180 parcels had 0 pixels at >=50% coverage -- falling back to nearest-pixel centroid sample for these
  Results: 177515 parcels, 219 with water, 102180 used centroid fallback, 0 with 0 pixels (real gaps, after fallback)
  Written: /work/GRDVULN/correction/data/nlcd_features/nlcd_NV_k18.parquet

=== 01a_extract_parcels.py complete ===
Outputs in: /work/GRDVULN/correction/data/nlcd_features
Finished: Thu Sep  3 17:55:42 EDT 2026
