==========================================
Node:    r4n14
Job ID:  7411909
CPUs:    16
Started: Thu Sep  3 17:54:21 EDT 2026
==========================================
Loaded module: python/3.11
Python:  Python 3.11.13  (/work/GRDVULN/correction/.venv/bin/python)
------------------------------------------
Processing state: NH  (array index 25 of 44)
Running: python /work/GRDVULN/correction/scripts/01a_extract_parcels.py --states NH --full-universe --no-resume
=== 01a_extract_parcels.py ===
K rings: 18

  Dropped 1 rows with non-numeric/missing LATITUDE or LONGITUDE
Treatment plants loaded: 81

--- State NH: 81 plants ---
  Unique H3 cells to query: 67919
  Parcels retrieved: 347690
  Dropping 114 candidate parcels over 2.0 km2 (largest: 161.3 km2) -- treated as digitization artifacts, not real candidate locations
  Extracting NLCD stats...
  70647 parcels had 0 pixels at >=50% coverage -- falling back to nearest-pixel centroid sample for these
  Results: 347576 parcels, 6205 with water, 70647 used centroid fallback, 0 with 0 pixels (real gaps, after fallback)
  Written: /work/GRDVULN/correction/data/nlcd_features/nlcd_NH_k18.parquet

=== 01a_extract_parcels.py complete ===
Outputs in: /work/GRDVULN/correction/data/nlcd_features
Finished: Thu Sep  3 17:56:39 EDT 2026
