==========================================
Node:    r5n10
Job ID:  7403893
CPUs:    16
Started: Tue Aug 25 10:32:40 EDT 2026
==========================================
Loaded module: python/3.11
Python:  Python 3.11.13  (/work/GRDVULN/correction/.venv/bin/python)
------------------------------------------
Processing state: DE  (array index 2 of 3)
Running: python /work/GRDVULN/correction/scripts/01a_extract_parcels.py --states DE --full-universe --no-resume
=== 01a_extract_parcels.py ===
K rings: 18

  Dropped 1 rows with non-numeric/missing LATITUDE or LONGITUDE
Treatment plants loaded: 19

--- State DE: 19 plants ---
  Unique H3 cells to query: 15839
  Parcels retrieved: 169171
  Dropping 81 candidate parcels over 2.0 km2 (largest: 11.5 km2) -- treated as digitization artifacts, not real candidate locations
  Extracting NLCD stats...
  62030 parcels had 0 pixels at >=50% coverage -- falling back to nearest-pixel centroid sample for these
  Results: 169090 parcels, 5772 with water, 62030 used centroid fallback, 0 with 0 pixels (real gaps, after fallback)
  Written: /work/GRDVULN/correction/data/nlcd_features/nlcd_DE_k18.parquet

=== 01a_extract_parcels.py complete ===
Outputs in: /work/GRDVULN/correction/data/nlcd_features
Finished: Tue Aug 25 10:33:43 EDT 2026
