==========================================
Node:    r4n15
Job ID:  7411916
CPUs:    16
Started: Thu Sep  3 17:54:20 EDT 2026
==========================================
Loaded module: python/3.11
Python:  Python 3.11.13  (/work/GRDVULN/correction/.venv/bin/python)
------------------------------------------
Processing state: PA  (array index 32 of 44)
Running: python /work/GRDVULN/correction/scripts/01a_extract_parcels.py --states PA --full-universe --no-resume
=== 01a_extract_parcels.py ===
K rings: 18

  Dropped 1 rows with non-numeric/missing LATITUDE or LONGITUDE
Treatment plants loaded: 175

--- State PA: 175 plants ---
  Unique H3 cells to query: 155692
  Parcels retrieved: 2253080
  Dropping 221 candidate parcels over 2.0 km2 (largest: 53.5 km2) -- treated as digitization artifacts, not real candidate locations
  Extracting NLCD stats...
  1212314 parcels had 0 pixels at >=50% coverage -- falling back to nearest-pixel centroid sample for these
  Results: 2252859 parcels, 4420 with water, 1212314 used centroid fallback, 0 with 0 pixels (real gaps, after fallback)
  Written: /work/GRDVULN/correction/data/nlcd_features/nlcd_PA_k18.parquet

=== 01a_extract_parcels.py complete ===
Outputs in: /work/GRDVULN/correction/data/nlcd_features
Finished: Thu Sep  3 18:05:53 EDT 2026
