==========================================
Node:    r4n15
Job ID:  7411920
CPUs:    16
Started: Thu Sep  3 17:54:20 EDT 2026
==========================================
Loaded module: python/3.11
Python:  Python 3.11.13  (/work/GRDVULN/correction/.venv/bin/python)
------------------------------------------
Processing state: TX  (array index 36 of 44)
Running: python /work/GRDVULN/correction/scripts/01a_extract_parcels.py --states TX --full-universe --no-resume
=== 01a_extract_parcels.py ===
K rings: 18

  Dropped 1 rows with non-numeric/missing LATITUDE or LONGITUDE
Treatment plants loaded: 1468

--- State TX: 1468 plants ---
  Unique H3 cells to query: 987995
  Parcels retrieved: 7791435
  Dropping 6550 candidate parcels over 2.0 km2 (largest: 379.5 km2) -- treated as digitization artifacts, not real candidate locations
  Extracting NLCD stats...
  3447917 parcels had 0 pixels at >=50% coverage -- falling back to nearest-pixel centroid sample for these
    4 of those still have no value -- centroid landed on nodata (likely outside the NLCD raster's extent entirely)
  Results: 7784885 parcels, 59253 with water, 3447917 used centroid fallback, 4 with 0 pixels (real gaps, after fallback)
  Written: /work/GRDVULN/correction/data/nlcd_features/nlcd_TX_k18.parquet

=== 01a_extract_parcels.py complete ===
Outputs in: /work/GRDVULN/correction/data/nlcd_features
Finished: Thu Sep  3 18:44:36 EDT 2026
