==========================================
Node:    r5n04
Job ID:  7411967
CPUs:    32
Started: Thu Sep  3 20:14:49 EDT 2026
==========================================
Loaded module: python/3.11
Python:  Python 3.11.13  (/work/GRDVULN/correction/.venv/bin/python)
------------------------------------------
Processing state: NY  (array index 31 of 48)
Checking outbound HTTPS to Planetary Computer...
  STAC API HTTP status: 200
Running: python /work/GRDVULN/correction/scripts/01b_run_object_detection.py --states NY --workers 32 --full-universe --no-resume
/work/GRDVULN/correction/.venv/lib64/python3.11/site-packages/torch/serialization.py:1813: SourceChangeWarning: source code of class 'torch.nn.modules.conv.Conv2d' has changed. you can retrieve the original source code by accessing the object's source attribute or set `torch.nn.Module.dump_patches = True` and use the patch tool to revert the changes.
  _check_container_source(*data)
/work/GRDVULN/correction/.venv/lib64/python3.11/site-packages/torch/serialization.py:1813: SourceChangeWarning: source code of class 'torch.nn.modules.batchnorm.BatchNorm2d' has changed. you can retrieve the original source code by accessing the object's source attribute or set `torch.nn.Module.dump_patches = True` and use the patch tool to revert the changes.
  _check_container_source(*data)
=== 01b_run_object_detection_hpc.py ===
Device: cpu  |  fetch workers: 32  |  tile=500m imgsz=864px  |  imagery: Planetary Computer NAIP (streamed, no local download)

  Using weights: best.pt
Model: best.pt  |  Classes: {0: 'aeration_basin', 1: 'clarifier', 2: 'digester'}

Connecting to Planetary Computer STAC API...
Connected.

  Dropped 1 rows with non-numeric/missing coordinates
Treatment plants loaded: 659

--- State NY: 659 plants ---
  No containing parcel found for 228 plants -- skipped, not written to any table (rerun later if parcel coverage improves)
  132 plants matched >1 parcel (boundary edge case) -- kept one match each
    Transient error (You have exceeded a rate limit. Contact planetarycomputer@microsoft.com.) -- retrying in 11s (attempt 1/5)
    Transient error (You have exceeded a rate limit. Contact planetarycomputer@microsoft.com.) -- retrying in 14s (attempt 1/5)
    Transient error (You have exceeded a rate limit. Contact planetarycomputer@microsoft.com.) -- retrying in 14s (attempt 1/5)
    Transient error (You have exceeded a rate limit. Contact planetarycomputer@microsoft.com.) -- retrying in 10s (attempt 1/5)
    Transient error (You have exceeded a rate limit. Contact planetarycomputer@microsoft.com.) -- retrying in 13s (attempt 1/5)
    Transient error (You have exceeded a rate limit. Contact planetarycomputer@microsoft.com.) -- retrying in 16s (attempt 2/5)
    Transient error (You have exceeded a rate limit. Contact planetarycomputer@microsoft.com.) -- retrying in 38s (attempt 3/5)
    Transient error (You have exceeded a rate limit. Contact planetarycomputer@microsoft.com.) -- retrying in 12s (attempt 1/5)
    Transient error (You have exceeded a rate limit. Contact planetarycomputer@microsoft.com.) -- retrying in 13s (attempt 1/5)
    WARNING: prepare_plant failed for 36003107001 after retries (<html>
<head><title>502 Bad Gateway</title></head>
<body>
<center><h1>502 Bad Gateway</h1></center>
<hr><center>nginx</center>
</body>
</html>
) -- skipping, will retry on next run
    Transient error (You have exceeded a rate limit. Contact planetarycomputer@microsoft.com.) -- retrying in 10s (attempt 1/5)
    Transient error (You have exceeded a rate limit. Contact planetarycomputer@microsoft.com.) -- retrying in 13s (attempt 1/5)
    ...199 plants done (4.9 min elapsed, batch of 200)
    flushed 199 plants (resume point advanced)
    Transient error (You have exceeded a rate limit. Contact planetarycomputer@microsoft.com.) -- retrying in 13s (attempt 1/5)
    Transient error (You have exceeded a rate limit. Contact planetarycomputer@microsoft.com.) -- retrying in 15s (attempt 1/5)
    Transient error (You have exceeded a rate limit. Contact planetarycomputer@microsoft.com.) -- retrying in 11s (attempt 1/5)
    Transient error (You have exceeded a rate limit. Contact planetarycomputer@microsoft.com.) -- retrying in 20s (attempt 2/5)
    Transient error (You have exceeded a rate limit. Contact planetarycomputer@microsoft.com.) -- retrying in 14s (attempt 1/5)
    Transient error (You have exceeded a rate limit. Contact planetarycomputer@microsoft.com.) -- retrying in 14s (attempt 1/5)
    36009012001: 229 tiles even after real-polygon filtering (area=1.47 km2, bbox=11.0 km) -- exceeds MAX_TILES_PER_PLANT=150, falling back to point footprint
    Transient error (You have exceeded a rate limit. Contact planetarycomputer@microsoft.com.) -- retrying in 14s (attempt 1/5)
    Transient error (You have exceeded a rate limit. Contact planetarycomputer@microsoft.com.) -- retrying in 16s (attempt 2/5)
    Transient error (You have exceeded a rate limit. Contact planetarycomputer@microsoft.com.) -- retrying in 12s (attempt 1/5)
    Transient error (You have exceeded a rate limit. Contact planetarycomputer@microsoft.com.) -- retrying in 15s (attempt 1/5)
    Transient error (You have exceeded a rate limit. Contact planetarycomputer@microsoft.com.) -- retrying in 13s (attempt 1/5)
    Transient error (You have exceeded a rate limit. Contact planetarycomputer@microsoft.com.) -- retrying in 9s (attempt 1/5)
    Transient error (You have exceeded a rate limit. Contact planetarycomputer@microsoft.com.) -- retrying in 11s (attempt 1/5)
    ...399 plants done (8.9 min elapsed, batch of 200)
    flushed 200 plants (resume point advanced)
    ...430 plants done (9.3 min elapsed, batch of 31)
    flushed 31 plants (resume point advanced)
  State NY done

=== Summary ===
  Plants processed : 430
  No parcel found  : 228
  Parcels capped (area > 2.0 km2, OR still >150 tiles after real-polygon-filtered tiling -- used point-fallback footprint instead): 13
  Tiles w/ detections   : 159
  Tiles empty           : 629
  Fetch failures        : 65  <-- check for rate-limiting if this is high relative to plants processed
  Elapsed               : 9.3 min
  Mean fetch time  : 2.800s/tile (network, concurrent across 32 workers)
  Mean infer time  : 0.135s/tile (device=cpu, sequential in main thread)

Outputs (Parquet, partitioned by state) in: /work/GRDVULN/correction/data/od_features
Finished: Thu Sep  3 20:24:12 EDT 2026
