==========================================
Node:    r7n29
Job ID:  7399683
CPUs:    32
Started: Thu Aug 20 17:43:19 EDT 2026
==========================================
Loaded module: python/3.11
Python:  Python 3.11.13  (/work/GRDVULN/correction/.venv/bin/python)
------------------------------------------
Processing state: OH  (array index 0 of 1)
Checking outbound HTTPS to Planetary Computer...
  STAC API HTTP status: 200
Running: python /work/GRDVULN/correction/scripts/01b_run_object_detection.py --states OH --workers 32 --no-resume
/work/GRDVULN/correction/.venv/lib64/python3.11/site-packages/torch/serialization.py:1813: SourceChangeWarning: source code of class 'ultralytics.nn.tasks.DetectionModel' has changed. you can retrieve the original source code by accessing the object's source attribute or set `torch.nn.Module.dump_patches = True` and use the patch tool to revert the changes.
  _check_container_source(*data)
/work/GRDVULN/correction/.venv/lib64/python3.11/site-packages/torch/serialization.py:1813: SourceChangeWarning: source code of class 'torch.nn.modules.batchnorm.BatchNorm2d' has changed. you can retrieve the original source code by accessing the object's source attribute or set `torch.nn.Module.dump_patches = True` and use the patch tool to revert the changes.
  _check_container_source(*data)
/work/GRDVULN/correction/.venv/lib64/python3.11/site-packages/torch/serialization.py:1813: SourceChangeWarning: source code of class 'ultralytics.nn.modules.head.Detect' has changed. you can retrieve the original source code by accessing the object's source attribute or set `torch.nn.Module.dump_patches = True` and use the patch tool to revert the changes.
  _check_container_source(*data)
=== 01b_run_object_detection_hpc.py ===
Device: cpu  |  fetch workers: 32  |  tile=500m imgsz=864px  |  imagery: Planetary Computer NAIP (streamed, no local download)

  Using weights: best.pt
Model: best.pt  |  Classes: {0: 'aeration_basin', 1: 'clarifier', 2: 'digester'}

Connecting to Planetary Computer STAC API...
Connected.

  Dropped 1 rows with non-numeric/missing coordinates
  Training plant universe: 2494 classes + 316 corrections -> 2494 unique CWNS_IDs
  Restricted to training-labeled plants: 16453 -> 2308
Treatment plants loaded: 84

--- State OH: 84 plants ---
  No containing parcel found for 4 plants -- skipped, not written to any table (rerun later if parcel coverage improves)
  11 plants matched >1 parcel (boundary edge case) -- kept one match each
    ...25 plants done (6.7 min elapsed)
    ...50 plants done (14.8 min elapsed)
    ...75 plants done (21.1 min elapsed)
  State OH done (80 plants in final flush)

=== Summary ===
  Plants processed : 80
  No parcel found  : 4
  Parcels capped (area > 2.0 km2, used point-fallback footprint instead): 1
  Tiles w/ detections   : 77
  Tiles empty           : 9
  Fetch failures        : 0
  Elapsed               : 22.9 min
  Mean fetch time  : 16.249s/tile (network, concurrent across 32 workers)
  Mean infer time  : 0.303s/tile (device=cpu, sequential in main thread)

Outputs (Parquet, partitioned by state) in: /work/GRDVULN/correction/data/od_features
Finished: Thu Aug 20 18:06:58 EDT 2026
