==========================================
Node:    r4n06
Job ID:  7400056
CPUs:    32
Started: Fri Aug 21 07:36:04 EDT 2026
==========================================
Loaded module: python/3.11
Python:  Python 3.11.13  (/work/GRDVULN/correction/.venv/bin/python)
------------------------------------------
Processing state: MA  (array index 19 of 52)
Checking outbound HTTPS to Planetary Computer...
  STAC API HTTP status: 200
Running: python /work/GRDVULN/correction/scripts/01b_run_object_detection.py --states MA --workers 32
/work/GRDVULN/correction/.venv/lib64/python3.11/site-packages/torch/serialization.py:1813: SourceChangeWarning: source code of class 'ultralytics.nn.tasks.DetectionModel' has changed. you can retrieve the original source code by accessing the object's source attribute or set `torch.nn.Module.dump_patches = True` and use the patch tool to revert the changes.
  _check_container_source(*data)
/work/GRDVULN/correction/.venv/lib64/python3.11/site-packages/torch/serialization.py:1813: SourceChangeWarning: source code of class 'torch.nn.modules.batchnorm.BatchNorm2d' has changed. you can retrieve the original source code by accessing the object's source attribute or set `torch.nn.Module.dump_patches = True` and use the patch tool to revert the changes.
  _check_container_source(*data)
/work/GRDVULN/correction/.venv/lib64/python3.11/site-packages/torch/serialization.py:1813: SourceChangeWarning: source code of class 'ultralytics.nn.modules.head.Detect' has changed. you can retrieve the original source code by accessing the object's source attribute or set `torch.nn.Module.dump_patches = True` and use the patch tool to revert the changes.
  _check_container_source(*data)
=== 01b_run_object_detection_hpc.py ===
Device: cpu  |  fetch workers: 32  |  tile=500m imgsz=864px  |  imagery: Planetary Computer NAIP (streamed, no local download)

  Using weights: best.pt
Model: best.pt  |  Classes: {0: 'aeration_basin', 1: 'clarifier', 2: 'digester'}

Connecting to Planetary Computer STAC API...
Connected.

  Dropped 1 rows with non-numeric/missing coordinates
  Training plant universe: 2494 classes + 316 corrections -> 2494 unique CWNS_IDs
  Restricted to training-labeled plants: 16453 -> 2308
Treatment plants loaded: 37
Resuming: skipping 0 already-processed plants (found across all state partitions)

--- State MA: 37 plants ---
  No containing parcel found for 1 plants -- skipped, not written to any table (rerun later if parcel coverage improves)
  141 plants matched >1 parcel (boundary edge case) -- kept one match each
    Transient error (You have exceeded a rate limit. Contact planetarycomputer@microsoft.com.) -- retrying in 15s (attempt 1/5)
    ...36 plants done (1.0 min elapsed, batch of 36)
    flushed 36 plants (resume point advanced)
  State MA done

=== Summary ===
  Plants processed : 36
  No parcel found  : 1
  Parcels capped (area > 2.0 km2, used point-fallback footprint instead): 1
  Tiles w/ detections   : 36
  Tiles empty           : 1
  Fetch failures        : 0
  Elapsed               : 1.0 min
  Mean fetch time  : 17.365s/tile (network, concurrent across 32 workers)
  Mean infer time  : 0.450s/tile (device=cpu, sequential in main thread)

Outputs (Parquet, partitioned by state) in: /work/GRDVULN/correction/data/od_features
Finished: Fri Aug 21 07:37:12 EDT 2026
