==========================================
Node:    r5n10
Job ID:  7403886
CPUs:    32
Started: Tue Aug 25 10:20:24 EDT 2026
==========================================
Loaded module: python/3.11
Python:  Python 3.11.13  (/work/GRDVULN/correction/.venv/bin/python)
------------------------------------------
Processing state: DE  (array index 0 of 1)
Checking outbound HTTPS to Planetary Computer...
  STAC API HTTP status: 200
Running: python /work/GRDVULN/correction/scripts/01b_run_object_detection.py --states DE --workers 32 --full-universe --limit 25
/work/GRDVULN/correction/.venv/lib64/python3.11/site-packages/torch/serialization.py:1813: SourceChangeWarning: source code of class 'ultralytics.nn.tasks.DetectionModel' has changed. you can retrieve the original source code by accessing the object's source attribute or set `torch.nn.Module.dump_patches = True` and use the patch tool to revert the changes.
  _check_container_source(*data)
/work/GRDVULN/correction/.venv/lib64/python3.11/site-packages/torch/serialization.py:1813: SourceChangeWarning: source code of class 'torch.nn.modules.batchnorm.BatchNorm2d' has changed. you can retrieve the original source code by accessing the object's source attribute or set `torch.nn.Module.dump_patches = True` and use the patch tool to revert the changes.
  _check_container_source(*data)
/work/GRDVULN/correction/.venv/lib64/python3.11/site-packages/torch/serialization.py:1813: SourceChangeWarning: source code of class 'ultralytics.nn.modules.head.Detect' has changed. you can retrieve the original source code by accessing the object's source attribute or set `torch.nn.Module.dump_patches = True` and use the patch tool to revert the changes.
  _check_container_source(*data)
=== 01b_run_object_detection_hpc.py ===
Device: cpu  |  fetch workers: 32  |  tile=500m imgsz=864px  |  imagery: Planetary Computer NAIP (streamed, no local download)

  Using weights: best.pt
Model: best.pt  |  Classes: {0: 'aeration_basin', 1: 'clarifier', 2: 'digester'}

Connecting to Planetary Computer STAC API...
Connected.

  Dropped 1 rows with non-numeric/missing coordinates
Treatment plants loaded: 19
Resuming: skipping 4 already-processed plants (found across all state partitions)
--limit active: processing 15 plants

--- State DE: 15 plants ---
  Resuming: skipping 0 already-processed plants in this state
  No containing parcel found for 2 plants -- skipped, not written to any table (rerun later if parcel coverage improves)
    ...13 plants done (0.9 min elapsed, batch of 13)
    flushed 13 plants (resume point advanced)
  State DE done

=== Summary ===
  Plants processed : 13
  No parcel found  : 2
  Parcels capped (area > 2.0 km2, OR still >150 tiles after real-polygon-filtered tiling -- used point-fallback footprint instead): 1
  Tiles w/ detections   : 11
  Tiles empty           : 18
  Fetch failures        : 5  <-- check for rate-limiting if this is high relative to plants processed
  Elapsed               : 0.9 min
  Mean fetch time  : 17.410s/tile (network, concurrent across 32 workers)
  Mean infer time  : 0.596s/tile (device=cpu, sequential in main thread)

Outputs (Parquet, partitioned by state) in: /work/GRDVULN/correction/data/od_features
Finished: Tue Aug 25 10:21:57 EDT 2026
