==========================================
Node:    r4n09
Job ID:  7411947
CPUs:    32
Started: Thu Sep  3 19:53:24 EDT 2026
==========================================
Loaded module: python/3.11
Python:  Python 3.11.13  (/work/GRDVULN/correction/.venv/bin/python)
------------------------------------------
Processing state: IN  (array index 12 of 48)
Checking outbound HTTPS to Planetary Computer...
  STAC API HTTP status: 200
Running: python /work/GRDVULN/correction/scripts/01b_run_object_detection.py --states IN --workers 32 --full-universe --no-resume
/work/GRDVULN/correction/.venv/lib64/python3.11/site-packages/torch/serialization.py:1813: SourceChangeWarning: source code of class 'torch.nn.modules.conv.Conv2d' has changed. you can retrieve the original source code by accessing the object's source attribute or set `torch.nn.Module.dump_patches = True` and use the patch tool to revert the changes.
  _check_container_source(*data)
/work/GRDVULN/correction/.venv/lib64/python3.11/site-packages/torch/serialization.py:1813: SourceChangeWarning: source code of class 'torch.nn.modules.batchnorm.BatchNorm2d' has changed. you can retrieve the original source code by accessing the object's source attribute or set `torch.nn.Module.dump_patches = True` and use the patch tool to revert the changes.
  _check_container_source(*data)
=== 01b_run_object_detection_hpc.py ===
Device: cpu  |  fetch workers: 32  |  tile=500m imgsz=864px  |  imagery: Planetary Computer NAIP (streamed, no local download)

  Using weights: best.pt
Model: best.pt  |  Classes: {0: 'aeration_basin', 1: 'clarifier', 2: 'digester'}

Connecting to Planetary Computer STAC API...
Connected.

  Dropped 1 rows with non-numeric/missing coordinates
Treatment plants loaded: 512

--- State IN: 512 plants ---
  No containing parcel found for 68 plants -- skipped, not written to any table (rerun later if parcel coverage improves)
  1 plants matched >1 parcel (boundary edge case) -- kept one match each
    Transient error (You have exceeded a rate limit. Contact planetarycomputer@microsoft.com.) -- retrying in 8s (attempt 1/5)
    WARNING: prepare_plant failed for 18005334001 after retries (<!DOCTYPE html PUBLIC '-//W3C//DTD XHTML 1.0 Transitional//EN' 'http://www.w3.org/TR/xhtml1/DTD/xhtml1-transitional.dtd'>
<html xmlns='http://www.w3.org/1999/xhtml'>

<head>
    <meta content='text/html; charset=utf-8' http-equiv='content-type' />
    <style type='text/css'>
        body {
            font-family: Arial;
            margin-left: 40px;
        }

        img {
            border: 0 none;
        }

        #content {
            margin-left: auto;
            margin-right: auto
        }

        #message h1 {
            font-size: 24px;
            font-weight: normal;
            color: #000000;
            margin: 34px 0px 0px 0px
        }

        #message h2 {
            font-size: 20px;
            font-weight: normal;
            color: #000000;
            margin: 34px 0px 0px 0px
        }

        #message p {
            font-size: 16px;
            color: #000000;
            margin: 8px 0px 0px 0px
        }

        #message hr {
            margin: 15px 0px
        }

        #errorref {
            font-size: 11px;
            color: #737373;
            margin-top: 41px
        }
    </style>
    <title>Service unavailable</title>
</head>

<body>
    <div id='content'>
        <div id='message'>
            <h1>502</h1>
<h2><span>The service behind this page isn't responding to Azure Front Door.</span>
</h2>
<hr />
<p>Bad Gateway</p>
<p>Azure Front Door wasn't able to connect to the origin. <br> If the problem persists, use the troubleshooting steps to resolve the issue.</p>
<br />
<a href="https://learn.microsoft.com/en-us/azure/frontdoor/troubleshoot-issues" target="blank">Azure Documentation</a>
<br />
        </div>
        <div id='errorref'>
            <span>Error Info:</span><span>DNSNameNotResolved</span><br />
<span>x-azure-ref ID:</span><span>20260903T235441Z-17755b89dc7hmwgchC1IADue7n00000003hg000000001r6c            </span>
        </div>
    </div>
</body>
</html>
) -- skipping, will retry on next run
    Transient error (You have exceeded a rate limit. Contact planetarycomputer@microsoft.com.) -- retrying in 9s (attempt 1/5)
    Transient error (You have exceeded a rate limit. Contact planetarycomputer@microsoft.com.) -- retrying in 12s (attempt 1/5)
    ...199 plants done (2.4 min elapsed, batch of 200)
    flushed 199 plants (resume point advanced)
    Transient error (You have exceeded a rate limit. Contact planetarycomputer@microsoft.com.) -- retrying in 9s (attempt 1/5)
    ...399 plants done (4.5 min elapsed, batch of 200)
    flushed 200 plants (resume point advanced)
    Transient error (You have exceeded a rate limit. Contact planetarycomputer@microsoft.com.) -- retrying in 12s (attempt 1/5)
    Transient error (You have exceeded a rate limit. Contact planetarycomputer@microsoft.com.) -- retrying in 13s (attempt 1/5)
    ...443 plants done (5.2 min elapsed, batch of 44)
    flushed 44 plants (resume point advanced)
  State IN done

=== Summary ===
  Plants processed : 443
  No parcel found  : 68
  Parcels capped (area > 2.0 km2, OR still >150 tiles after real-polygon-filtered tiling -- used point-fallback footprint instead): 3
  Tiles w/ detections   : 192
  Tiles empty           : 290
  Fetch failures        : 33  <-- check for rate-limiting if this is high relative to plants processed
  Elapsed               : 5.2 min
  Mean fetch time  : 1.504s/tile (network, concurrent across 32 workers)
  Mean infer time  : 0.142s/tile (device=cpu, sequential in main thread)

Outputs (Parquet, partitioned by state) in: /work/GRDVULN/correction/data/od_features
Finished: Thu Sep  3 19:59:03 EDT 2026
