==========================================
Node:    r7n27
Job ID:  7412050
CPUs:    32
Started: Thu Sep  3 21:55:26 EDT 2026
==========================================
Loaded module: python/3.11
Python:  Python 3.11.13  (/work/GRDVULN/correction/.venv/bin/python)
------------------------------------------
Processing state: RI  (array index 0 of 1)
Checking outbound HTTPS to Planetary Computer...
  STAC API HTTP status: 200
Running: python /work/GRDVULN/correction/scripts/01b_run_object_detection.py --states RI --workers 32 --limit 5 --no-resume
/work/GRDVULN/correction/.venv/lib64/python3.11/site-packages/torch/serialization.py:1813: SourceChangeWarning: source code of class 'torch.nn.modules.conv.Conv2d' has changed. you can retrieve the original source code by accessing the object's source attribute or set `torch.nn.Module.dump_patches = True` and use the patch tool to revert the changes.
  _check_container_source(*data)
/work/GRDVULN/correction/.venv/lib64/python3.11/site-packages/torch/serialization.py:1813: SourceChangeWarning: source code of class 'torch.nn.modules.batchnorm.BatchNorm2d' has changed. you can retrieve the original source code by accessing the object's source attribute or set `torch.nn.Module.dump_patches = True` and use the patch tool to revert the changes.
  _check_container_source(*data)
=== 01b_run_object_detection_hpc.py ===
Device: cpu  |  fetch workers: 32  |  tile=500m imgsz=864px  |  imagery: Planetary Computer NAIP (streamed, no local download)

  Using weights: best.pt
Model: best.pt  |  Classes: {0: 'aeration_basin', 1: 'clarifier', 2: 'digester'}

Connecting to Planetary Computer STAC API...
Connected.

  Dropped 1 rows with non-numeric/missing coordinates
  Training plant universe: 2598 classes + 403 corrections -> 2598 unique CWNS_IDs
  Restricted to training-labeled plants: 16453 -> 2412
Treatment plants loaded: 12
--limit active: processing 5 plants

--- State RI: 5 plants ---
    ...5 plants done (0.4 min elapsed, batch of 5)
    flushed 5 plants (resume point advanced)
  State RI done

=== Summary ===
  Plants processed : 5
  No parcel found  : 0
  Parcels capped (area > 2.0 km2, OR still >150 tiles after real-polygon-filtered tiling -- used point-fallback footprint instead): 0
  Tiles w/ detections   : 5
  Tiles empty           : 0
  Fetch failures        : 1  <-- check for rate-limiting if this is high relative to plants processed
  Elapsed               : 0.4 min
  Mean fetch time  : 2.544s/tile (network, concurrent across 32 workers)
  Mean infer time  : 3.616s/tile (device=cpu, sequential in main thread)

Outputs (Parquet, partitioned by state) in: /work/GRDVULN/correction/data/od_features
Finished: Thu Sep  3 21:56:34 EDT 2026
