==========================================
Node:    r5n04
Job ID:  7411951
CPUs:    32
Started: Thu Sep  3 20:00:18 EDT 2026
==========================================
Loaded module: python/3.11
Python:  Python 3.11.13  (/work/GRDVULN/correction/.venv/bin/python)
------------------------------------------
Processing state: MA  (array index 16 of 48)
Checking outbound HTTPS to Planetary Computer...
  STAC API HTTP status: 200
Running: python /work/GRDVULN/correction/scripts/01b_run_object_detection.py --states MA --workers 32 --full-universe --no-resume
/work/GRDVULN/correction/.venv/lib64/python3.11/site-packages/torch/serialization.py:1813: SourceChangeWarning: source code of class 'torch.nn.modules.conv.Conv2d' has changed. you can retrieve the original source code by accessing the object's source attribute or set `torch.nn.Module.dump_patches = True` and use the patch tool to revert the changes.
  _check_container_source(*data)
/work/GRDVULN/correction/.venv/lib64/python3.11/site-packages/torch/serialization.py:1813: SourceChangeWarning: source code of class 'torch.nn.modules.batchnorm.BatchNorm2d' has changed. you can retrieve the original source code by accessing the object's source attribute or set `torch.nn.Module.dump_patches = True` and use the patch tool to revert the changes.
  _check_container_source(*data)
=== 01b_run_object_detection_hpc.py ===
Device: cpu  |  fetch workers: 32  |  tile=500m imgsz=864px  |  imagery: Planetary Computer NAIP (streamed, no local download)

  Using weights: best.pt
Model: best.pt  |  Classes: {0: 'aeration_basin', 1: 'clarifier', 2: 'digester'}

Connecting to Planetary Computer STAC API...
Connected.

  Dropped 1 rows with non-numeric/missing coordinates
Treatment plants loaded: 141

--- State MA: 141 plants ---
  No containing parcel found for 35 plants -- skipped, not written to any table (rerun later if parcel coverage improves)
  143 plants matched >1 parcel (boundary edge case) -- kept one match each
    25000372002: 181 tiles even after real-polygon filtering (area=1.23 km2, bbox=9.0 km) -- exceeds MAX_TILES_PER_PLANT=150, falling back to point footprint
    Transient error (You have exceeded a rate limit. Contact planetarycomputer@microsoft.com.) -- retrying in 9s (attempt 1/5)
    ...106 plants done (1.2 min elapsed, batch of 106)
    flushed 106 plants (resume point advanced)
  State MA done

=== Summary ===
  Plants processed : 106
  No parcel found  : 35
  Parcels capped (area > 2.0 km2, OR still >150 tiles after real-polygon-filtered tiling -- used point-fallback footprint instead): 3
  Tiles w/ detections   : 61
  Tiles empty           : 40
  Fetch failures        : 10  <-- check for rate-limiting if this is high relative to plants processed
  Elapsed               : 1.2 min
  Mean fetch time  : 4.946s/tile (network, concurrent across 32 workers)
  Mean infer time  : 0.189s/tile (device=cpu, sequential in main thread)

Outputs (Parquet, partitioned by state) in: /work/GRDVULN/correction/data/od_features
Finished: Thu Sep  3 20:02:09 EDT 2026
