==========================================
Node:    r7n27
Job ID:  7412054
CPUs:    32
Started: Thu Sep  3 22:16:14 EDT 2026
==========================================
Loaded module: python/3.11
Python:  Python 3.11.13  (/work/GRDVULN/correction/.venv/bin/python)
------------------------------------------
Checking outbound HTTPS to Planetary Computer...
  STAC API HTTP status: 200
Running: python /work/GRDVULN/correction/scripts/01c_run_od_corrected_locations.py --workers 32 --no-resume
/work/GRDVULN/correction/.venv/lib64/python3.11/site-packages/torch/serialization.py:1813: SourceChangeWarning: source code of class 'torch.nn.modules.conv.Conv2d' has changed. you can retrieve the original source code by accessing the object's source attribute or set `torch.nn.Module.dump_patches = True` and use the patch tool to revert the changes.
  _check_container_source(*data)
/work/GRDVULN/correction/.venv/lib64/python3.11/site-packages/torch/serialization.py:1813: SourceChangeWarning: source code of class 'torch.nn.modules.batchnorm.BatchNorm2d' has changed. you can retrieve the original source code by accessing the object's source attribute or set `torch.nn.Module.dump_patches = True` and use the patch tool to revert the changes.
  _check_container_source(*data)
=== 01c_run_od_corrected_locations.py ===
Device: cpu  |  fetch workers: 32  |  output: /work/GRDVULN/correction/data/od_features_corrected
  Using weights: best.pt
Model: best.pt  |  Classes: {0: 'aeration_basin', 1: 'clarifier', 2: 'digester'}

Connecting to Planetary Computer STAC API...
Connected.

Correction (true-location) plants loaded: 403

--- State AR: 1 corrections ---
    ...1 corrections done (0.3 min elapsed, batch of 1)
    flushed 1 corrections (resume point advanced)
  State AR done

--- State CA: 4 corrections ---
    ...5 corrections done (0.4 min elapsed, batch of 4)
    flushed 4 corrections (resume point advanced)
  State CA done

--- State CO: 2 corrections ---
    ...7 corrections done (0.5 min elapsed, batch of 2)
    flushed 2 corrections (resume point advanced)
  State CO done

--- State DC: 1 corrections ---
    ...8 corrections done (0.5 min elapsed, batch of 1)
    flushed 1 corrections (resume point advanced)
  State DC done

--- State DE: 1 corrections ---
    ...9 corrections done (0.6 min elapsed, batch of 1)
    flushed 1 corrections (resume point advanced)
  State DE done

--- State FL: 14 corrections ---
    ...23 corrections done (0.7 min elapsed, batch of 14)
    flushed 14 corrections (resume point advanced)
  State FL done

--- State GA: 6 corrections ---
    ...29 corrections done (0.9 min elapsed, batch of 6)
    flushed 6 corrections (resume point advanced)
  State GA done

--- State HI: 14 corrections ---
  1 corrections matched >1 parcel (boundary edge case) -- kept one match each
    ...43 corrections done (0.9 min elapsed, batch of 14)
    flushed 14 corrections (resume point advanced)
  State HI done

--- State IA: 5 corrections ---
    ...48 corrections done (1.0 min elapsed, batch of 5)
    flushed 5 corrections (resume point advanced)
  State IA done

--- State ID: 2 corrections ---
    ...50 corrections done (1.0 min elapsed, batch of 2)
    flushed 2 corrections (resume point advanced)
  State ID done

--- State IL: 11 corrections ---
    ...61 corrections done (1.2 min elapsed, batch of 11)
    flushed 11 corrections (resume point advanced)
  State IL done

--- State IN: 9 corrections ---
    ...70 corrections done (1.3 min elapsed, batch of 9)
    flushed 9 corrections (resume point advanced)
  State IN done

--- State KS: 35 corrections ---
    ...105 corrections done (1.6 min elapsed, batch of 35)
    flushed 35 corrections (resume point advanced)
  State KS done

--- State KY: 21 corrections ---
  No containing parcel found for 1 corrected locations -- skipped
    ...125 corrections done (1.8 min elapsed, batch of 20)
    flushed 20 corrections (resume point advanced)
  State KY done

--- State LA: 2 corrections ---
  No containing parcel found for 1 corrected locations -- skipped
    ...126 corrections done (1.9 min elapsed, batch of 1)
    flushed 1 corrections (resume point advanced)
  State LA done

--- State MA: 3 corrections ---
  1 corrections matched >1 parcel (boundary edge case) -- kept one match each
    ...129 corrections done (1.9 min elapsed, batch of 3)
    flushed 3 corrections (resume point advanced)
  State MA done

--- State MD: 4 corrections ---
    ...133 corrections done (2.0 min elapsed, batch of 4)
    flushed 4 corrections (resume point advanced)
  State MD done

--- State MI: 7 corrections ---
    ...140 corrections done (2.2 min elapsed, batch of 7)
    flushed 7 corrections (resume point advanced)
  State MI done

--- State MN: 5 corrections ---
    ...145 corrections done (2.2 min elapsed, batch of 5)
    flushed 5 corrections (resume point advanced)
  State MN done

--- State MO: 7 corrections ---
  No containing parcel found for 1 corrected locations -- skipped
    ...151 corrections done (2.3 min elapsed, batch of 6)
    flushed 6 corrections (resume point advanced)
  State MO done

--- State MS: 6 corrections ---
    ...157 corrections done (2.4 min elapsed, batch of 6)
    flushed 6 corrections (resume point advanced)
  State MS done

--- State MT: 3 corrections ---
    ...160 corrections done (2.4 min elapsed, batch of 3)
    flushed 3 corrections (resume point advanced)
  State MT done

--- State NC: 12 corrections ---
  1 corrections matched >1 parcel (boundary edge case) -- kept one match each
    ...172 corrections done (2.6 min elapsed, batch of 12)
    flushed 12 corrections (resume point advanced)
  State NC done

--- State ND: 4 corrections ---
    ...176 corrections done (2.7 min elapsed, batch of 4)
    flushed 4 corrections (resume point advanced)
  State ND done

--- State NE: 4 corrections ---
    ...180 corrections done (2.7 min elapsed, batch of 4)
    flushed 4 corrections (resume point advanced)
  State NE done

--- State NM: 4 corrections ---
    ...184 corrections done (2.8 min elapsed, batch of 4)
    flushed 4 corrections (resume point advanced)
  State NM done

--- State NV: 1 corrections ---
    ...185 corrections done (2.8 min elapsed, batch of 1)
    flushed 1 corrections (resume point advanced)
  State NV done

--- State NY: 23 corrections ---
    ...208 corrections done (3.1 min elapsed, batch of 23)
    flushed 23 corrections (resume point advanced)
  State NY done

--- State OH: 88 corrections ---
  2 corrections matched >1 parcel (boundary edge case) -- kept one match each
    ...296 corrections done (5.3 min elapsed, batch of 88)
    flushed 88 corrections (resume point advanced)
  State OH done

--- State OK: 3 corrections ---
  No containing parcel found for 1 corrected locations -- skipped
    ...298 corrections done (5.3 min elapsed, batch of 2)
    flushed 2 corrections (resume point advanced)
  State OK done

--- State OR: 27 corrections ---
  6 corrections matched >1 parcel (boundary edge case) -- kept one match each
    ...325 corrections done (5.6 min elapsed, batch of 27)
    flushed 27 corrections (resume point advanced)
  State OR done

--- State PA: 4 corrections ---
    ...329 corrections done (5.7 min elapsed, batch of 4)
    flushed 4 corrections (resume point advanced)
  State PA done

--- State PR: 2 corrections ---
    ...331 corrections done (5.8 min elapsed, batch of 2)
    flushed 2 corrections (resume point advanced)
  State PR done

--- State SC: 1 corrections ---
    ...332 corrections done (5.8 min elapsed, batch of 1)
    flushed 1 corrections (resume point advanced)
  State SC done

--- State SD: 3 corrections ---
    ...335 corrections done (5.9 min elapsed, batch of 3)
    flushed 3 corrections (resume point advanced)
  State SD done

--- State TN: 1 corrections ---
    ...336 corrections done (5.9 min elapsed, batch of 1)
    flushed 1 corrections (resume point advanced)
  State TN done

--- State TX: 15 corrections ---
    ...351 corrections done (6.1 min elapsed, batch of 15)
    flushed 15 corrections (resume point advanced)
  State TX done

--- State UT: 3 corrections ---
    ...354 corrections done (6.2 min elapsed, batch of 3)
    flushed 3 corrections (resume point advanced)
  State UT done

--- State VA: 2 corrections ---
    ...356 corrections done (6.2 min elapsed, batch of 2)
    flushed 2 corrections (resume point advanced)
  State VA done

--- State VT: 1 corrections ---
    ...357 corrections done (6.3 min elapsed, batch of 1)
    flushed 1 corrections (resume point advanced)
  State VT done

--- State WA: 9 corrections ---
    ...366 corrections done (6.4 min elapsed, batch of 9)
    flushed 9 corrections (resume point advanced)
  State WA done

--- State WI: 29 corrections ---
    ...395 corrections done (6.7 min elapsed, batch of 29)
    flushed 29 corrections (resume point advanced)
  State WI done

--- State WV: 2 corrections ---
    ...397 corrections done (6.7 min elapsed, batch of 2)
    flushed 2 corrections (resume point advanced)
  State WV done

--- State WY: 2 corrections ---
    ...399 corrections done (6.7 min elapsed, batch of 2)
    flushed 2 corrections (resume point advanced)
  State WY done

=== Summary ===
  Corrections processed : 399
  No parcel found        : 4
  Parcels capped         : 2
  Tiles w/ detections    : 232
  Tiles empty            : 191
  Fetch failures         : 41
  Elapsed                : 6.7 min

Outputs (Parquet, partitioned by state) in: /work/GRDVULN/correction/data/od_features_corrected
Finished: Thu Sep  3 22:23:41 EDT 2026
