==========================================
Node:    r4n19
Job ID:  7413575
CPUs:    16
Started: Wed Sep  9 05:21:16 EDT 2026
==========================================
Loaded module: python/3.11
Python:  Python 3.11.13  (/work/GRDVULN/correction/.venv/bin/python)
------------------------------------------
Processing state: WV  (array index 46 of 48)
Running: python /work/GRDVULN/correction/scripts/01e_run_od_candidates.py --all --states WV --workers 8
/work/GRDVULN/correction/.venv/lib64/python3.11/site-packages/torch/serialization.py:1813: SourceChangeWarning: source code of class 'torch.nn.modules.conv.Conv2d' has changed. you can retrieve the original source code by accessing the object's source attribute or set `torch.nn.Module.dump_patches = True` and use the patch tool to revert the changes.
  _check_container_source(*data)
/work/GRDVULN/correction/.venv/lib64/python3.11/site-packages/torch/serialization.py:1813: SourceChangeWarning: source code of class 'torch.nn.modules.batchnorm.BatchNorm2d' has changed. you can retrieve the original source code by accessing the object's source attribute or set `torch.nn.Module.dump_patches = True` and use the patch tool to revert the changes.
  _check_container_source(*data)
=== 01e_run_od_candidates.py ===
output: /work/GRDVULN/correction/data/od_features_candidates

Loading Stage 2a candidates...
  240546 candidate(s) across 12030 plant(s) (top 20 each)
  --all: no scope restriction
  Restricted to ['WV']: 5260 candidate(s)

--- work plan ---
  WV: 5260 candidate parcel(s), 263 plant(s)
  TOTAL: 5260 candidate parcel(s)
  Each is tiled by 01b's generate_tile_grid -- most parcels are one tile, large ones more.
  Using weights: best.pt

Weights: /work/GRDVULN/correction/models/object_detection/best.pt
Classes: {0: 'aeration_basin', 1: 'clarifier', 2: 'digester'}

Connecting to Planetary Computer STAC API...
Connected.

--- State WV: 5260 candidate(s) ---
    Transient error (You have exceeded a rate limit. Contact planetarycomputer@microsoft.com.) -- retrying in 15s (attempt 1/5)
    Transient error (You have exceeded a rate limit. Contact planetarycomputer@microsoft.com.) -- retrying in 11s (attempt 1/5)
    Transient error (You have exceeded a rate limit. Contact planetarycomputer@microsoft.com.) -- retrying in 16s (attempt 1/5)
    Transient error (You have exceeded a rate limit. Contact planetarycomputer@microsoft.com.) -- retrying in 9s (attempt 1/5)
    Transient error (You have exceeded a rate limit. Contact planetarycomputer@microsoft.com.) -- retrying in 13s (attempt 1/5)
    Transient error (You have exceeded a rate limit. Contact planetarycomputer@microsoft.com.) -- retrying in 14s (attempt 1/5)
    Transient error (You have exceeded a rate limit. Contact planetarycomputer@microsoft.com.) -- retrying in 10s (attempt 1/5)
    Transient error (You have exceeded a rate limit. Contact planetarycomputer@microsoft.com.) -- retrying in 15s (attempt 1/5)
    Transient error (You have exceeded a rate limit. Contact planetarycomputer@microsoft.com.) -- retrying in 23s (attempt 2/5)
    Transient error (You have exceeded a rate limit. Contact planetarycomputer@microsoft.com.) -- retrying in 38s (attempt 3/5)
    Transient error (You have exceeded a rate limit. Contact planetarycomputer@microsoft.com.) -- retrying in 72s (attempt 4/5)
    54000000033::97721a33-57a2-475d-aefb-5bd816888235: prepare failed -- You have exceeded a rate limit. Contact planetarycomputer@microsoft.com.
    Transient error (You have exceeded a rate limit. Contact planetarycomputer@microsoft.com.) -- retrying in 12s (attempt 1/5)
    Transient error (You have exceeded a rate limit. Contact planetarycomputer@microsoft.com.) -- retrying in 17s (attempt 2/5)
    Transient error (You have exceeded a rate limit. Contact planetarycomputer@microsoft.com.) -- retrying in 14s (attempt 1/5)
    Transient error (You have exceeded a rate limit. Contact planetarycomputer@microsoft.com.) -- retrying in 13s (attempt 1/5)
    Transient error (You have exceeded a rate limit. Contact planetarycomputer@microsoft.com.) -- retrying in 12s (attempt 1/5)
    Transient error (You have exceeded a rate limit. Contact planetarycomputer@microsoft.com.) -- retrying in 16s (attempt 1/5)
    Transient error (You have exceeded a rate limit. Contact planetarycomputer@microsoft.com.) -- retrying in 13s (attempt 1/5)
    Transient error (You have exceeded a rate limit. Contact planetarycomputer@microsoft.com.) -- retrying in 15s (attempt 1/5)
    Transient error (You have exceeded a rate limit. Contact planetarycomputer@microsoft.com.) -- retrying in 12s (attempt 1/5)
    Transient error (You have exceeded a rate limit. Contact planetarycomputer@microsoft.com.) -- retrying in 12s (attempt 1/5)
    Transient error (You have exceeded a rate limit. Contact planetarycomputer@microsoft.com.) -- retrying in 10s (attempt 1/5)
    Transient error (You have exceeded a rate limit. Contact planetarycomputer@microsoft.com.) -- retrying in 8s (attempt 1/5)
    Transient error (You have exceeded a rate limit. Contact planetarycomputer@microsoft.com.) -- retrying in 11s (attempt 1/5)
    Transient error (You have exceeded a rate limit. Contact planetarycomputer@microsoft.com.) -- retrying in 10s (attempt 1/5)
    Transient error (You have exceeded a rate limit. Contact planetarycomputer@microsoft.com.) -- retrying in 19s (attempt 2/5)
    Transient error (You have exceeded a rate limit. Contact planetarycomputer@microsoft.com.) -- retrying in 18s (attempt 2/5)
    Transient error (You have exceeded a rate limit. Contact planetarycomputer@microsoft.com.) -- retrying in 9s (attempt 1/5)
    Transient error (You have exceeded a rate limit. Contact planetarycomputer@microsoft.com.) -- retrying in 21s (attempt 2/5)
    Transient error (You have exceeded a rate limit. Contact planetarycomputer@microsoft.com.) -- retrying in 16s (attempt 2/5)
    Transient error (You have exceeded a rate limit. Contact planetarycomputer@microsoft.com.) -- retrying in 12s (attempt 1/5)
    ...199 candidate(s) done (7.0 min elapsed)
    Transient error (You have exceeded a rate limit. Contact planetarycomputer@microsoft.com.) -- retrying in 8s (attempt 1/5)
    Transient error (You have exceeded a rate limit. Contact planetarycomputer@microsoft.com.) -- retrying in 17s (attempt 2/5)
    Transient error (You have exceeded a rate limit. Contact planetarycomputer@microsoft.com.) -- retrying in 12s (attempt 1/5)
    Transient error (You have exceeded a rate limit. Contact planetarycomputer@microsoft.com.) -- retrying in 9s (attempt 1/5)
    Transient error (You have exceeded a rate limit. Contact planetarycomputer@microsoft.com.) -- retrying in 20s (attempt 2/5)
    Transient error (You have exceeded a rate limit. Contact planetarycomputer@microsoft.com.) -- retrying in 9s (attempt 1/5)
    Transient error (You have exceeded a rate limit. Contact planetarycomputer@microsoft.com.) -- retrying in 22s (attempt 2/5)
    Transient error (You have exceeded a rate limit. Contact planetarycomputer@microsoft.com.) -- retrying in 11s (attempt 1/5)
    Transient error (You have exceeded a rate limit. Contact planetarycomputer@microsoft.com.) -- retrying in 8s (attempt 1/5)
    Transient error (You have exceeded a rate limit. Contact planetarycomputer@microsoft.com.) -- retrying in 13s (attempt 1/5)
    ...399 candidate(s) done (10.4 min elapsed)
    Transient error (You have exceeded a rate limit. Contact planetarycomputer@microsoft.com.) -- retrying in 13s (attempt 1/5)
    Transient error (You have exceeded a rate limit. Contact planetarycomputer@microsoft.com.) -- retrying in 23s (attempt 2/5)
    Transient error (You have exceeded a rate limit. Contact planetarycomputer@microsoft.com.) -- retrying in 11s (attempt 1/5)
    Transient error (You have exceeded a rate limit. Contact planetarycomputer@microsoft.com.) -- retrying in 23s (attempt 2/5)
    Transient error (You have exceeded a rate limit. Contact planetarycomputer@microsoft.com.) -- retrying in 12s (attempt 1/5)
    Transient error (You have exceeded a rate limit. Contact planetarycomputer@microsoft.com.) -- retrying in 9s (attempt 1/5)
    Transient error (You have exceeded a rate limit. Contact planetarycomputer@microsoft.com.) -- retrying in 9s (attempt 1/5)
    Transient error (You have exceeded a rate limit. Contact planetarycomputer@microsoft.com.) -- retrying in 16s (attempt 1/5)
    Transient error (You have exceeded a rate limit. Contact planetarycomputer@microsoft.com.) -- retrying in 14s (attempt 1/5)
    Transient error (You have exceeded a rate limit. Contact planetarycomputer@microsoft.com.) -- retrying in 13s (attempt 1/5)
    Transient error (You have exceeded a rate limit. Contact planetarycomputer@microsoft.com.) -- retrying in 16s (attempt 2/5)
    Transient error (You have exceeded a rate limit. Contact planetarycomputer@microsoft.com.) -- retrying in 18s (attempt 2/5)
    Transient error (You have exceeded a rate limit. Contact planetarycomputer@microsoft.com.) -- retrying in 37s (attempt 3/5)
    Transient error (You have exceeded a rate limit. Contact planetarycomputer@microsoft.com.) -- retrying in 69s (attempt 4/5)
    ...599 candidate(s) done (15.4 min elapsed)
    Transient error (You have exceeded a rate limit. Contact planetarycomputer@microsoft.com.) -- retrying in 13s (attempt 1/5)
    Transient error (You have exceeded a rate limit. Contact planetarycomputer@microsoft.com.) -- retrying in 21s (attempt 2/5)
    Transient error (You have exceeded a rate limit. Contact planetarycomputer@microsoft.com.) -- retrying in 12s (attempt 1/5)
    Transient error (You have exceeded a rate limit. Contact planetarycomputer@microsoft.com.) -- retrying in 18s (attempt 2/5)
    Transient error (You have exceeded a rate limit. Contact planetarycomputer@microsoft.com.) -- retrying in 38s (attempt 3/5)
    Transient error (You have exceeded a rate limit. Contact planetarycomputer@microsoft.com.) -- retrying in 68s (attempt 4/5)
    Transient error (You have exceeded a rate limit. Contact planetarycomputer@microsoft.com.) -- retrying in 13s (attempt 1/5)
    Transient error (You have exceeded a rate limit. Contact planetarycomputer@microsoft.com.) -- retrying in 19s (attempt 2/5)
    Transient error (You have exceeded a rate limit. Contact planetarycomputer@microsoft.com.) -- retrying in 16s (attempt 1/5)
    Transient error (You have exceeded a rate limit. Contact planetarycomputer@microsoft.com.) -- retrying in 16s (attempt 1/5)
    Transient error (You have exceeded a rate limit. Contact planetarycomputer@microsoft.com.) -- retrying in 11s (attempt 1/5)
    Transient error (You have exceeded a rate limit. Contact planetarycomputer@microsoft.com.) -- retrying in 11s (attempt 1/5)
    Transient error (You have exceeded a rate limit. Contact planetarycomputer@microsoft.com.) -- retrying in 10s (attempt 1/5)
    Transient error (You have exceeded a rate limit. Contact planetarycomputer@microsoft.com.) -- retrying in 14s (attempt 1/5)
    Transient error (You have exceeded a rate limit. Contact planetarycomputer@microsoft.com.) -- retrying in 12s (attempt 1/5)
    Transient error (You have exceeded a rate limit. Contact planetarycomputer@microsoft.com.) -- retrying in 10s (attempt 1/5)
    Transient error (You have exceeded a rate limit. Contact planetarycomputer@microsoft.com.) -- retrying in 18s (attempt 2/5)
    Transient error (You have exceeded a rate limit. Contact planetarycomputer@microsoft.com.) -- retrying in 38s (attempt 3/5)
    Transient error (You have exceeded a rate limit. Contact planetarycomputer@microsoft.com.) -- retrying in 66s (attempt 4/5)
    ...799 candidate(s) done (23.4 min elapsed)
    Transient error (You have exceeded a rate limit. Contact planetarycomputer@microsoft.com.) -- retrying in 14s (attempt 1/5)
    Transient error (You have exceeded a rate limit. Contact planetarycomputer@microsoft.com.) -- retrying in 11s (attempt 1/5)
    ...999 candidate(s) done (25.8 min elapsed)
    Transient error (You have exceeded a rate limit. Contact planetarycomputer@microsoft.com.) -- retrying in 12s (attempt 1/5)
    Transient error (You have exceeded a rate limit. Contact planetarycomputer@microsoft.com.) -- retrying in 14s (attempt 1/5)
    Transient error (You have exceeded a rate limit. Contact planetarycomputer@microsoft.com.) -- retrying in 15s (attempt 1/5)
    Transient error (You have exceeded a rate limit. Contact planetarycomputer@microsoft.com.) -- retrying in 15s (attempt 1/5)
    ...1199 candidate(s) done (28.6 min elapsed)
    Transient error (You have exceeded a rate limit. Contact planetarycomputer@microsoft.com.) -- retrying in 8s (attempt 1/5)
    Transient error (You have exceeded a rate limit. Contact planetarycomputer@microsoft.com.) -- retrying in 9s (attempt 1/5)
    Transient error (You have exceeded a rate limit. Contact planetarycomputer@microsoft.com.) -- retrying in 8s (attempt 1/5)
    ...1399 candidate(s) done (30.6 min elapsed)
    Transient error (You have exceeded a rate limit. Contact planetarycomputer@microsoft.com.) -- retrying in 14s (attempt 1/5)
    Transient error (You have exceeded a rate limit. Contact planetarycomputer@microsoft.com.) -- retrying in 9s (attempt 1/5)
    Transient error (You have exceeded a rate limit. Contact planetarycomputer@microsoft.com.) -- retrying in 10s (attempt 1/5)
    Transient error (You have exceeded a rate limit. Contact planetarycomputer@microsoft.com.) -- retrying in 12s (attempt 1/5)
    Transient error (You have exceeded a rate limit. Contact planetarycomputer@microsoft.com.) -- retrying in 15s (attempt 1/5)
    Transient error (You have exceeded a rate limit. Contact planetarycomputer@microsoft.com.) -- retrying in 22s (attempt 2/5)
    Transient error (You have exceeded a rate limit. Contact planetarycomputer@microsoft.com.) -- retrying in 33s (attempt 3/5)
    Transient error (You have exceeded a rate limit. Contact planetarycomputer@microsoft.com.) -- retrying in 13s (attempt 1/5)
    Transient error (You have exceeded a rate limit. Contact planetarycomputer@microsoft.com.) -- retrying in 12s (attempt 1/5)
    Transient error (You have exceeded a rate limit. Contact planetarycomputer@microsoft.com.) -- retrying in 16s (attempt 1/5)
    Transient error (You have exceeded a rate limit. Contact planetarycomputer@microsoft.com.) -- retrying in 16s (attempt 1/5)
    Transient error (You have exceeded a rate limit. Contact planetarycomputer@microsoft.com.) -- retrying in 11s (attempt 1/5)
    Transient error (You have exceeded a rate limit. Contact planetarycomputer@microsoft.com.) -- retrying in 10s (attempt 1/5)
    Transient error (You have exceeded a rate limit. Contact planetarycomputer@microsoft.com.) -- retrying in 9s (attempt 1/5)
    Transient error (You have exceeded a rate limit. Contact planetarycomputer@microsoft.com.) -- retrying in 11s (attempt 1/5)
    Transient error (You have exceeded a rate limit. Contact planetarycomputer@microsoft.com.) -- retrying in 13s (attempt 1/5)
    Transient error (You have exceeded a rate limit. Contact planetarycomputer@microsoft.com.) -- retrying in 10s (attempt 1/5)
    Transient error (You have exceeded a rate limit. Contact planetarycomputer@microsoft.com.) -- retrying in 12s (attempt 1/5)
    Transient error (You have exceeded a rate limit. Contact planetarycomputer@microsoft.com.) -- retrying in 19s (attempt 2/5)
    Transient error (You have exceeded a rate limit. Contact planetarycomputer@microsoft.com.) -- retrying in 15s (attempt 1/5)
    Transient error (You have exceeded a rate limit. Contact planetarycomputer@microsoft.com.) -- retrying in 13s (attempt 1/5)
    Transient error (You have exceeded a rate limit. Contact planetarycomputer@microsoft.com.) -- retrying in 17s (attempt 2/5)
    ...1599 candidate(s) done (35.4 min elapsed)
    Transient error (You have exceeded a rate limit. Contact planetarycomputer@microsoft.com.) -- retrying in 16s (attempt 1/5)
    Transient error (You have exceeded a rate limit. Contact planetarycomputer@microsoft.com.) -- retrying in 19s (attempt 2/5)
    Transient error (You have exceeded a rate limit. Contact planetarycomputer@microsoft.com.) -- retrying in 15s (attempt 1/5)
    ...1799 candidate(s) done (38.0 min elapsed)
    Transient error (You have exceeded a rate limit. Contact planetarycomputer@microsoft.com.) -- retrying in 13s (attempt 1/5)
    Transient error (You have exceeded a rate limit. Contact planetarycomputer@microsoft.com.) -- retrying in 11s (attempt 1/5)
    Transient error (You have exceeded a rate limit. Contact planetarycomputer@microsoft.com.) -- retrying in 16s (attempt 1/5)
    Transient error (You have exceeded a rate limit. Contact planetarycomputer@microsoft.com.) -- retrying in 18s (attempt 2/5)
    Transient error (You have exceeded a rate limit. Contact planetarycomputer@microsoft.com.) -- retrying in 36s (attempt 3/5)
    Transient error (You have exceeded a rate limit. Contact planetarycomputer@microsoft.com.) -- retrying in 66s (attempt 4/5)
    54001501001::f4456faa-fb28-4b05-a14f-037afdc675a0: prepare failed -- You have exceeded a rate limit. Contact planetarycomputer@microsoft.com.
    Transient error (You have exceeded a rate limit. Contact planetarycomputer@microsoft.com.) -- retrying in 15s (attempt 1/5)
    Transient error (You have exceeded a rate limit. Contact planetarycomputer@microsoft.com.) -- retrying in 11s (attempt 1/5)
    Transient error (You have exceeded a rate limit. Contact planetarycomputer@microsoft.com.) -- retrying in 8s (attempt 1/5)
    Transient error (You have exceeded a rate limit. Contact planetarycomputer@microsoft.com.) -- retrying in 10s (attempt 1/5)
    Transient error (You have exceeded a rate limit. Contact planetarycomputer@microsoft.com.) -- retrying in 15s (attempt 1/5)
    Transient error (You have exceeded a rate limit. Contact planetarycomputer@microsoft.com.) -- retrying in 9s (attempt 1/5)
    Transient error (You have exceeded a rate limit. Contact planetarycomputer@microsoft.com.) -- retrying in 10s (attempt 1/5)
    ...1998 candidate(s) done (44.0 min elapsed)
    Transient error (You have exceeded a rate limit. Contact planetarycomputer@microsoft.com.) -- retrying in 10s (attempt 1/5)
    Transient error (You have exceeded a rate limit. Contact planetarycomputer@microsoft.com.) -- retrying in 10s (attempt 1/5)
    ...2198 candidate(s) done (46.0 min elapsed)
    Transient error (You have exceeded a rate limit. Contact planetarycomputer@microsoft.com.) -- retrying in 12s (attempt 1/5)
    ...2398 candidate(s) done (48.6 min elapsed)
    Transient error (You have exceeded a rate limit. Contact planetarycomputer@microsoft.com.) -- retrying in 15s (attempt 1/5)
    Transient error (You have exceeded a rate limit. Contact planetarycomputer@microsoft.com.) -- retrying in 23s (attempt 2/5)
    Transient error (You have exceeded a rate limit. Contact planetarycomputer@microsoft.com.) -- retrying in 16s (attempt 1/5)
    Transient error (You have exceeded a rate limit. Contact planetarycomputer@microsoft.com.) -- retrying in 11s (attempt 1/5)
    Transient error (You have exceeded a rate limit. Contact planetarycomputer@microsoft.com.) -- retrying in 13s (attempt 1/5)
    Transient error (You have exceeded a rate limit. Contact planetarycomputer@microsoft.com.) -- retrying in 14s (attempt 1/5)
    Transient error (You have exceeded a rate limit. Contact planetarycomputer@microsoft.com.) -- retrying in 8s (attempt 1/5)
    Transient error (You have exceeded a rate limit. Contact planetarycomputer@microsoft.com.) -- retrying in 9s (attempt 1/5)
    Transient error (You have exceeded a rate limit. Contact planetarycomputer@microsoft.com.) -- retrying in 11s (attempt 1/5)
    ...2598 candidate(s) done (52.2 min elapsed)
    Transient error (You have exceeded a rate limit. Contact planetarycomputer@microsoft.com.) -- retrying in 11s (attempt 1/5)
    Transient error (You have exceeded a rate limit. Contact planetarycomputer@microsoft.com.) -- retrying in 9s (attempt 1/5)
    Transient error (You have exceeded a rate limit. Contact planetarycomputer@microsoft.com.) -- retrying in 20s (attempt 2/5)
    Transient error (You have exceeded a rate limit. Contact planetarycomputer@microsoft.com.) -- retrying in 15s (attempt 1/5)
    Transient error (You have exceeded a rate limit. Contact planetarycomputer@microsoft.com.) -- retrying in 13s (attempt 1/5)
    Transient error (You have exceeded a rate limit. Contact planetarycomputer@microsoft.com.) -- retrying in 19s (attempt 2/5)
    Transient error (You have exceeded a rate limit. Contact planetarycomputer@microsoft.com.) -- retrying in 9s (attempt 1/5)
    ...2798 candidate(s) done (54.6 min elapsed)
    Transient error (You have exceeded a rate limit. Contact planetarycomputer@microsoft.com.) -- retrying in 15s (attempt 1/5)
    Transient error (You have exceeded a rate limit. Contact planetarycomputer@microsoft.com.) -- retrying in 10s (attempt 1/5)
    Transient error (You have exceeded a rate limit. Contact planetarycomputer@microsoft.com.) -- retrying in 10s (attempt 1/5)
    Transient error (You have exceeded a rate limit. Contact planetarycomputer@microsoft.com.) -- retrying in 11s (attempt 1/5)
    Transient error (You have exceeded a rate limit. Contact planetarycomputer@microsoft.com.) -- retrying in 15s (attempt 1/5)
    Transient error (You have exceeded a rate limit. Contact planetarycomputer@microsoft.com.) -- retrying in 15s (attempt 1/5)
    Transient error (You have exceeded a rate limit. Contact planetarycomputer@microsoft.com.) -- retrying in 12s (attempt 1/5)
    Transient error (You have exceeded a rate limit. Contact planetarycomputer@microsoft.com.) -- retrying in 20s (attempt 2/5)
    Transient error (You have exceeded a rate limit. Contact planetarycomputer@microsoft.com.) -- retrying in 10s (attempt 1/5)
    Transient error (You have exceeded a rate limit. Contact planetarycomputer@microsoft.com.) -- retrying in 12s (attempt 1/5)
    Transient error (You have exceeded a rate limit. Contact planetarycomputer@microsoft.com.) -- retrying in 15s (attempt 1/5)
    Transient error (You have exceeded a rate limit. Contact planetarycomputer@microsoft.com.) -- retrying in 15s (attempt 1/5)
    Transient error (You have exceeded a rate limit. Contact planetarycomputer@microsoft.com.) -- retrying in 14s (attempt 1/5)
    Transient error (You have exceeded a rate limit. Contact planetarycomputer@microsoft.com.) -- retrying in 11s (attempt 1/5)
    Transient error (You have exceeded a rate limit. Contact planetarycomputer@microsoft.com.) -- retrying in 11s (attempt 1/5)
    ...2998 candidate(s) done (59.5 min elapsed)
    Transient error (You have exceeded a rate limit. Contact planetarycomputer@microsoft.com.) -- retrying in 14s (attempt 1/5)
    Transient error (You have exceeded a rate limit. Contact planetarycomputer@microsoft.com.) -- retrying in 12s (attempt 1/5)
    Transient error (You have exceeded a rate limit. Contact planetarycomputer@microsoft.com.) -- retrying in 10s (attempt 1/5)
    Transient error (You have exceeded a rate limit. Contact planetarycomputer@microsoft.com.) -- retrying in 15s (attempt 1/5)
    Transient error (You have exceeded a rate limit. Contact planetarycomputer@microsoft.com.) -- retrying in 12s (attempt 1/5)
    Transient error (You have exceeded a rate limit. Contact planetarycomputer@microsoft.com.) -- retrying in 12s (attempt 1/5)
    Transient error (You have exceeded a rate limit. Contact planetarycomputer@microsoft.com.) -- retrying in 12s (attempt 1/5)
    Transient error (You have exceeded a rate limit. Contact planetarycomputer@microsoft.com.) -- retrying in 13s (attempt 1/5)
    Transient error (You have exceeded a rate limit. Contact planetarycomputer@microsoft.com.) -- retrying in 9s (attempt 1/5)
    Transient error (You have exceeded a rate limit. Contact planetarycomputer@microsoft.com.) -- retrying in 8s (attempt 1/5)
    Transient error (You have exceeded a rate limit. Contact planetarycomputer@microsoft.com.) -- retrying in 15s (attempt 1/5)
    ...3198 candidate(s) done (63.9 min elapsed)
    Transient error (You have exceeded a rate limit. Contact planetarycomputer@microsoft.com.) -- retrying in 11s (attempt 1/5)
    Transient error (You have exceeded a rate limit. Contact planetarycomputer@microsoft.com.) -- retrying in 9s (attempt 1/5)
    Transient error (You have exceeded a rate limit. Contact planetarycomputer@microsoft.com.) -- retrying in 14s (attempt 1/5)
    Transient error (You have exceeded a rate limit. Contact planetarycomputer@microsoft.com.) -- retrying in 14s (attempt 1/5)
    Transient error (You have exceeded a rate limit. Contact planetarycomputer@microsoft.com.) -- retrying in 10s (attempt 1/5)
    Transient error (You have exceeded a rate limit. Contact planetarycomputer@microsoft.com.) -- retrying in 11s (attempt 1/5)
    Transient error (You have exceeded a rate limit. Contact planetarycomputer@microsoft.com.) -- retrying in 13s (attempt 1/5)
    Transient error (You have exceeded a rate limit. Contact planetarycomputer@microsoft.com.) -- retrying in 10s (attempt 1/5)
    Transient error (You have exceeded a rate limit. Contact planetarycomputer@microsoft.com.) -- retrying in 12s (attempt 1/5)
    Transient error (You have exceeded a rate limit. Contact planetarycomputer@microsoft.com.) -- retrying in 11s (attempt 1/5)
    Transient error (You have exceeded a rate limit. Contact planetarycomputer@microsoft.com.) -- retrying in 10s (attempt 1/5)
    Transient error (You have exceeded a rate limit. Contact planetarycomputer@microsoft.com.) -- retrying in 10s (attempt 1/5)
    Transient error (You have exceeded a rate limit. Contact planetarycomputer@microsoft.com.) -- retrying in 15s (attempt 1/5)
    Transient error (You have exceeded a rate limit. Contact planetarycomputer@microsoft.com.) -- retrying in 9s (attempt 1/5)
    Transient error (You have exceeded a rate limit. Contact planetarycomputer@microsoft.com.) -- retrying in 14s (attempt 1/5)
    Transient error (You have exceeded a rate limit. Contact planetarycomputer@microsoft.com.) -- retrying in 17s (attempt 2/5)
    Transient error (You have exceeded a rate limit. Contact planetarycomputer@microsoft.com.) -- retrying in 39s (attempt 3/5)
    ...3398 candidate(s) done (68.3 min elapsed)
    Transient error (You have exceeded a rate limit. Contact planetarycomputer@microsoft.com.) -- retrying in 10s (attempt 1/5)
    Transient error (You have exceeded a rate limit. Contact planetarycomputer@microsoft.com.) -- retrying in 11s (attempt 1/5)
    Transient error (You have exceeded a rate limit. Contact planetarycomputer@microsoft.com.) -- retrying in 9s (attempt 1/5)
    Transient error (You have exceeded a rate limit. Contact planetarycomputer@microsoft.com.) -- retrying in 9s (attempt 1/5)
    Transient error (You have exceeded a rate limit. Contact planetarycomputer@microsoft.com.) -- retrying in 9s (attempt 1/5)
    Transient error (You have exceeded a rate limit. Contact planetarycomputer@microsoft.com.) -- retrying in 10s (attempt 1/5)
    Transient error (You have exceeded a rate limit. Contact planetarycomputer@microsoft.com.) -- retrying in 14s (attempt 1/5)
    Transient error (You have exceeded a rate limit. Contact planetarycomputer@microsoft.com.) -- retrying in 14s (attempt 1/5)
    Transient error (You have exceeded a rate limit. Contact planetarycomputer@microsoft.com.) -- retrying in 20s (attempt 2/5)
    ...3598 candidate(s) done (72.0 min elapsed)
    Transient error (You have exceeded a rate limit. Contact planetarycomputer@microsoft.com.) -- retrying in 10s (attempt 1/5)
    Transient error (You have exceeded a rate limit. Contact planetarycomputer@microsoft.com.) -- retrying in 10s (attempt 1/5)
    Transient error (You have exceeded a rate limit. Contact planetarycomputer@microsoft.com.) -- retrying in 15s (attempt 1/5)
    Transient error (You have exceeded a rate limit. Contact planetarycomputer@microsoft.com.) -- retrying in 14s (attempt 1/5)
    Transient error (You have exceeded a rate limit. Contact planetarycomputer@microsoft.com.) -- retrying in 10s (attempt 1/5)
    Transient error (You have exceeded a rate limit. Contact planetarycomputer@microsoft.com.) -- retrying in 12s (attempt 1/5)
    Transient error (You have exceeded a rate limit. Contact planetarycomputer@microsoft.com.) -- retrying in 11s (attempt 1/5)
    ...3798 candidate(s) done (75.1 min elapsed)
    Transient error (You have exceeded a rate limit. Contact planetarycomputer@microsoft.com.) -- retrying in 11s (attempt 1/5)
    Transient error (You have exceeded a rate limit. Contact planetarycomputer@microsoft.com.) -- retrying in 11s (attempt 1/5)
    Transient error (You have exceeded a rate limit. Contact planetarycomputer@microsoft.com.) -- retrying in 14s (attempt 1/5)
    Transient error (You have exceeded a rate limit. Contact planetarycomputer@microsoft.com.) -- retrying in 13s (attempt 1/5)
    Transient error (You have exceeded a rate limit. Contact planetarycomputer@microsoft.com.) -- retrying in 8s (attempt 1/5)
    Transient error (You have exceeded a rate limit. Contact planetarycomputer@microsoft.com.) -- retrying in 8s (attempt 1/5)
    Transient error (You have exceeded a rate limit. Contact planetarycomputer@microsoft.com.) -- retrying in 10s (attempt 1/5)
    Transient error (You have exceeded a rate limit. Contact planetarycomputer@microsoft.com.) -- retrying in 23s (attempt 2/5)
    Transient error (You have exceeded a rate limit. Contact planetarycomputer@microsoft.com.) -- retrying in 34s (attempt 3/5)
    ...3998 candidate(s) done (78.3 min elapsed)
    Transient error (You have exceeded a rate limit. Contact planetarycomputer@microsoft.com.) -- retrying in 15s (attempt 1/5)
    Transient error (You have exceeded a rate limit. Contact planetarycomputer@microsoft.com.) -- retrying in 12s (attempt 1/5)
    Transient error (You have exceeded a rate limit. Contact planetarycomputer@microsoft.com.) -- retrying in 21s (attempt 2/5)
    Transient error (You have exceeded a rate limit. Contact planetarycomputer@microsoft.com.) -- retrying in 12s (attempt 1/5)
    Transient error (You have exceeded a rate limit. Contact planetarycomputer@microsoft.com.) -- retrying in 16s (attempt 1/5)
    Transient error (You have exceeded a rate limit. Contact planetarycomputer@microsoft.com.) -- retrying in 10s (attempt 1/5)
    Transient error (You have exceeded a rate limit. Contact planetarycomputer@microsoft.com.) -- retrying in 12s (attempt 1/5)
    Transient error (You have exceeded a rate limit. Contact planetarycomputer@microsoft.com.) -- retrying in 13s (attempt 1/5)
    Transient error (You have exceeded a rate limit. Contact planetarycomputer@microsoft.com.) -- retrying in 16s (attempt 1/5)
    Transient error (You have exceeded a rate limit. Contact planetarycomputer@microsoft.com.) -- retrying in 11s (attempt 1/5)
    Transient error (You have exceeded a rate limit. Contact planetarycomputer@microsoft.com.) -- retrying in 10s (attempt 1/5)
    Transient error (You have exceeded a rate limit. Contact planetarycomputer@microsoft.com.) -- retrying in 13s (attempt 1/5)
    Transient error (You have exceeded a rate limit. Contact planetarycomputer@microsoft.com.) -- retrying in 13s (attempt 1/5)
    ...4198 candidate(s) done (81.7 min elapsed)
    Transient error (You have exceeded a rate limit. Contact planetarycomputer@microsoft.com.) -- retrying in 12s (attempt 1/5)
    Transient error (You have exceeded a rate limit. Contact planetarycomputer@microsoft.com.) -- retrying in 10s (attempt 1/5)
    Transient error (You have exceeded a rate limit. Contact planetarycomputer@microsoft.com.) -- retrying in 11s (attempt 1/5)
    Transient error (You have exceeded a rate limit. Contact planetarycomputer@microsoft.com.) -- retrying in 13s (attempt 1/5)
    Transient error (You have exceeded a rate limit. Contact planetarycomputer@microsoft.com.) -- retrying in 14s (attempt 1/5)
    Transient error (You have exceeded a rate limit. Contact planetarycomputer@microsoft.com.) -- retrying in 15s (attempt 1/5)
    Transient error (You have exceeded a rate limit. Contact planetarycomputer@microsoft.com.) -- retrying in 11s (attempt 1/5)
    Transient error (You have exceeded a rate limit. Contact planetarycomputer@microsoft.com.) -- retrying in 15s (attempt 1/5)
    Transient error (You have exceeded a rate limit. Contact planetarycomputer@microsoft.com.) -- retrying in 16s (attempt 2/5)
    Transient error (You have exceeded a rate limit. Contact planetarycomputer@microsoft.com.) -- retrying in 13s (attempt 1/5)
    Transient error (You have exceeded a rate limit. Contact planetarycomputer@microsoft.com.) -- retrying in 13s (attempt 1/5)
    Transient error (You have exceeded a rate limit. Contact planetarycomputer@microsoft.com.) -- retrying in 8s (attempt 1/5)
    ...4398 candidate(s) done (84.7 min elapsed)
    Transient error (You have exceeded a rate limit. Contact planetarycomputer@microsoft.com.) -- retrying in 13s (attempt 1/5)
    Transient error (You have exceeded a rate limit. Contact planetarycomputer@microsoft.com.) -- retrying in 12s (attempt 1/5)
    Transient error (You have exceeded a rate limit. Contact planetarycomputer@microsoft.com.) -- retrying in 12s (attempt 1/5)
    Transient error (You have exceeded a rate limit. Contact planetarycomputer@microsoft.com.) -- retrying in 11s (attempt 1/5)
    Transient error (You have exceeded a rate limit. Contact planetarycomputer@microsoft.com.) -- retrying in 16s (attempt 1/5)
    Transient error (You have exceeded a rate limit. Contact planetarycomputer@microsoft.com.) -- retrying in 8s (attempt 1/5)
    Transient error (You have exceeded a rate limit. Contact planetarycomputer@microsoft.com.) -- retrying in 10s (attempt 1/5)
    Transient error (You have exceeded a rate limit. Contact planetarycomputer@microsoft.com.) -- retrying in 15s (attempt 1/5)
    Transient error (You have exceeded a rate limit. Contact planetarycomputer@microsoft.com.) -- retrying in 9s (attempt 1/5)
    Transient error (You have exceeded a rate limit. Contact planetarycomputer@microsoft.com.) -- retrying in 23s (attempt 2/5)
    Transient error (You have exceeded a rate limit. Contact planetarycomputer@microsoft.com.) -- retrying in 9s (attempt 1/5)
    Transient error (You have exceeded a rate limit. Contact planetarycomputer@microsoft.com.) -- retrying in 14s (attempt 1/5)
    Transient error (You have exceeded a rate limit. Contact planetarycomputer@microsoft.com.) -- retrying in 12s (attempt 1/5)
    Transient error (You have exceeded a rate limit. Contact planetarycomputer@microsoft.com.) -- retrying in 11s (attempt 1/5)
    Transient error (You have exceeded a rate limit. Contact planetarycomputer@microsoft.com.) -- retrying in 15s (attempt 1/5)
    ...4598 candidate(s) done (89.3 min elapsed)
    Transient error (You have exceeded a rate limit. Contact planetarycomputer@microsoft.com.) -- retrying in 9s (attempt 1/5)
    Transient error (You have exceeded a rate limit. Contact planetarycomputer@microsoft.com.) -- retrying in 11s (attempt 1/5)
    Transient error (You have exceeded a rate limit. Contact planetarycomputer@microsoft.com.) -- retrying in 11s (attempt 1/5)
    Transient error (You have exceeded a rate limit. Contact planetarycomputer@microsoft.com.) -- retrying in 12s (attempt 1/5)
    ...4798 candidate(s) done (91.7 min elapsed)
    Transient error (You have exceeded a rate limit. Contact planetarycomputer@microsoft.com.) -- retrying in 14s (attempt 1/5)
    Transient error (You have exceeded a rate limit. Contact planetarycomputer@microsoft.com.) -- retrying in 9s (attempt 1/5)
    Transient error (You have exceeded a rate limit. Contact planetarycomputer@microsoft.com.) -- retrying in 11s (attempt 1/5)
    Transient error (You have exceeded a rate limit. Contact planetarycomputer@microsoft.com.) -- retrying in 12s (attempt 1/5)
    ...4998 candidate(s) done (94.6 min elapsed)
    Transient error (You have exceeded a rate limit. Contact planetarycomputer@microsoft.com.) -- retrying in 12s (attempt 1/5)
    Transient error (You have exceeded a rate limit. Contact planetarycomputer@microsoft.com.) -- retrying in 15s (attempt 1/5)
    Transient error (You have exceeded a rate limit. Contact planetarycomputer@microsoft.com.) -- retrying in 13s (attempt 1/5)
    Transient error (You have exceeded a rate limit. Contact planetarycomputer@microsoft.com.) -- retrying in 16s (attempt 1/5)
    Transient error (You have exceeded a rate limit. Contact planetarycomputer@microsoft.com.) -- retrying in 10s (attempt 1/5)
    ...5198 candidate(s) done (97.7 min elapsed)
    Transient error (You have exceeded a rate limit. Contact planetarycomputer@microsoft.com.) -- retrying in 8s (attempt 1/5)
    Transient error (You have exceeded a rate limit. Contact planetarycomputer@microsoft.com.) -- retrying in 8s (attempt 1/5)
    Transient error (You have exceeded a rate limit. Contact planetarycomputer@microsoft.com.) -- retrying in 8s (attempt 1/5)
    ...5258 candidate(s) done (98.6 min elapsed)
  Flushed 5258 candidate row(s)

=== Summary ===
  Candidates processed : 5258
  Skipped (resume)     : 0
  No parcel geometry   : 0
  Elapsed              : 98.6 min

Outputs in: /work/GRDVULN/correction/data/od_features_candidates
Next: score these with stage2b_rf_model.joblib and compare rank-1 accuracy against Stage 2a alone, on the holdout's known truth.
Finished: Wed Sep  9 07:00:16 EDT 2026  (exit 0, 99 min)
THROUGHPUT NOTE: divide this task's 'Candidates processed' by 99
  min, then SUM across concurrent tasks to get aggregate rate. Compare
  that against the 39/min single-job baseline before raising the throttle.
