==========================================
Node:    r4n16
Job ID:  7400223
CPUs:    16
Started: Fri Aug 21 09:54:20 EDT 2026
==========================================
Loaded module: python/3.11
Python:  Python 3.11.13  (/work/GRDVULN/correction/.venv/bin/python)
------------------------------------------
Running: python /work/GRDVULN/correction/scripts/02_feature_engineering.py --states AK
/work/GRDVULN/correction/scripts/02_feature_engineering.py:369: UserWarning: This pattern is interpreted as a regular expression, and has match groups. To actually get the groups, use str.extract.
  df["has_ww_keyword"] = combined_text.str.contains(PARCEL_WW_PATTERN, na=False)
/work/GRDVULN/correction/scripts/02_feature_engineering.py:374: UserWarning: This pattern is interpreted as a regular expression, and has match groups. To actually get the groups, use str.extract.
  owner_clean.str.contains(r"\b(etux|sfr|borrower|surv)\b", regex=True) |
/work/GRDVULN/correction/scripts/02_feature_engineering.py:377: UserWarning: This pattern is interpreted as a regular expression, and has match groups. To actually get the groups, use str.extract.
  df["owner_is_govt"] = owner_clean.str.contains(
/work/GRDVULN/correction/scripts/02_feature_engineering.py:381: UserWarning: This pattern is interpreted as a regular expression, and has match groups. To actually get the groups, use str.extract.
  df["owner_is_utility"] = owner_clean.str.contains(
/work/GRDVULN/correction/scripts/02_feature_engineering.py:385: UserWarning: This pattern is interpreted as a regular expression, and has match groups. To actually get the groups, use str.extract.
  df["owner_is_electric"] = owner_clean.str.contains(
/work/GRDVULN/correction/scripts/02_feature_engineering.py:389: UserWarning: This pattern is interpreted as a regular expression, and has match groups. To actually get the groups, use str.extract.
  df["owner_has_llc_corp"] = owner_clean.str.contains(
=== 02_feature_engineering.py ===

PART 1: Building plant features
  Plants loaded: 15
  WARNING: /work/GRDVULN/correction/data/reference/tlgdb_2022_a_us_substategeo.gdb not found -- skipping census features (subdivision/place/county/is_rural will be NaN)
  WARNING: STATE_CODE dropped out of the plant_features merge chain -- re-attaching from source. Root cause not yet diagnosed, worth revisiting.
  Plant features combined: 15 rows, 18 cols

PART 2: Building parcel features

--- State AK ---
  Fetching parcel attributes for 26463 parcels...
  has_ww_keyword TRUE: 5
  Computing OSM wastewater features...
  WARNING: /work/GRDVULN/correction/data/reference/Wastewater_Plants.gpkg not found -- osm_ww will be False for all parcels
  Parcels with OSM wastewater tag: 0

Unioning 1 per-state parcel feature files...

Parcel features combined: 26463 rows
  OD plants: 73 part-file(s) found across 51 partition(s); reading and unioning all of them
  1617 duplicate CWNS_ID rows across part-files (same plant processed more than once, e.g. a --limit test followed by a full run) -- kept the most recently written row for each

STEP 14: Building Stage 1 training data
  Classes: 2494
  Reported parcels found: 6
  OD features joined -- od_ran True for 0 / 6
  Stage 1 training rows: 6
  Correct: 6
  Incorrect: 0

STEP 15: Building Stage 2 training data
  Corrected parcels found: 0
Traceback (most recent call last):
  File "/work/GRDVULN/correction/scripts/02_feature_engineering.py", line 844, in <module>
    main()
  File "/work/GRDVULN/correction/scripts/02_feature_engineering.py", line 835, in main
    stage2 = build_stage2_training(con, plant_features, parcel_features, states)
             ^^^^^^^^^^^^^^^^^^^^^^^^^^^^^^^^^^^^^^^^^^^^^^^^^^^^^^^^^^^^^^^^^^^
  File "/work/GRDVULN/correction/scripts/02_feature_engineering.py", line 651, in build_stage2_training
    corrected_cwns = corrected_parcels["CWNS_ID"].tolist()
                     ~~~~~~~~~~~~~~~~~^^^^^^^^^^^
  File "/work/GRDVULN/correction/.venv/lib64/python3.11/site-packages/pandas/core/frame.py", line 4378, in __getitem__
    indexer = self.columns.get_loc(key)
              ^^^^^^^^^^^^^^^^^^^^^^^^^
  File "/work/GRDVULN/correction/.venv/lib64/python3.11/site-packages/pandas/core/indexes/range.py", line 525, in get_loc
    raise KeyError(key)
KeyError: 'CWNS_ID'
Finished: Fri Aug 21 09:54:33 EDT 2026
