==========================================
Node:    r4n16
Job ID:  7400316
CPUs:    16
Started: Fri Aug 21 09:58:37 EDT 2026
==========================================
Loaded module: python/3.11
Python:  Python 3.11.13  (/work/GRDVULN/correction/.venv/bin/python)
------------------------------------------
Running: python /work/GRDVULN/correction/scripts/02_feature_engineering.py --states AK
/work/GRDVULN/correction/scripts/02_feature_engineering.py:369: UserWarning: This pattern is interpreted as a regular expression, and has match groups. To actually get the groups, use str.extract.
  df["has_ww_keyword"] = combined_text.str.contains(PARCEL_WW_PATTERN, na=False)
/work/GRDVULN/correction/scripts/02_feature_engineering.py:374: UserWarning: This pattern is interpreted as a regular expression, and has match groups. To actually get the groups, use str.extract.
  owner_clean.str.contains(r"\b(etux|sfr|borrower|surv)\b", regex=True) |
/work/GRDVULN/correction/scripts/02_feature_engineering.py:377: UserWarning: This pattern is interpreted as a regular expression, and has match groups. To actually get the groups, use str.extract.
  df["owner_is_govt"] = owner_clean.str.contains(
/work/GRDVULN/correction/scripts/02_feature_engineering.py:381: UserWarning: This pattern is interpreted as a regular expression, and has match groups. To actually get the groups, use str.extract.
  df["owner_is_utility"] = owner_clean.str.contains(
/work/GRDVULN/correction/scripts/02_feature_engineering.py:385: UserWarning: This pattern is interpreted as a regular expression, and has match groups. To actually get the groups, use str.extract.
  df["owner_is_electric"] = owner_clean.str.contains(
/work/GRDVULN/correction/scripts/02_feature_engineering.py:389: UserWarning: This pattern is interpreted as a regular expression, and has match groups. To actually get the groups, use str.extract.
  df["owner_has_llc_corp"] = owner_clean.str.contains(
=== 02_feature_engineering.py ===

PART 1: Building plant features
  Plants loaded: 15
  WARNING: /work/GRDVULN/correction/data/reference/tlgdb_2022_a_us_substategeo.gdb not found -- skipping census features (subdivision/place/county/is_rural will be NaN)
  WARNING: STATE_CODE dropped out of the plant_features merge chain -- re-attaching from source. Root cause not yet diagnosed, worth revisiting.
  Plant features combined: 15 rows, 18 cols

PART 2: Building parcel features

--- State AK ---
  Fetching parcel attributes for 26463 parcels...
  has_ww_keyword TRUE: 5
  Computing OSM wastewater features...
  WARNING: /work/GRDVULN/correction/data/reference/Wastewater_Plants.gpkg not found -- osm_ww will be False for all parcels
  Parcels with OSM wastewater tag: 0

Unioning 1 per-state parcel feature files...

Parcel features combined: 26463 rows
  OD plants: 73 part-file(s) found across 51 partition(s); reading and unioning all of them
  1617 duplicate CWNS_ID rows across part-files (same plant processed more than once, e.g. a --limit test followed by a full run) -- kept the most recently written row for each

STEP 14: Building Stage 1 training data
  Classes: 2494
  Reported parcels found: 6
  OD features joined -- od_ran True for 0 / 6
  Stage 1 training rows: 6
  Correct: 6
  Incorrect: 0

STEP 15: Building Stage 2 training data
  Corrected parcels found: 0
  Plants for Stage 2: 0
  Stage 2 raw candidates labeled: 0
Traceback (most recent call last):
  File "/work/GRDVULN/correction/.venv/lib64/python3.11/site-packages/pandas/core/indexes/base.py", line 3641, in get_loc
    return self._engine.get_loc(casted_key)
           ^^^^^^^^^^^^^^^^^^^^^^^^^^^^^^^^
  File "pandas/_libs/index.pyx", line 168, in pandas._libs.index.IndexEngine.get_loc
  File "pandas/_libs/index.pyx", line 197, in pandas._libs.index.IndexEngine.get_loc
  File "pandas/_libs/hashtable_class_helper.pxi", line 7668, in pandas._libs.hashtable.PyObjectHashTable.get_item
  File "pandas/_libs/hashtable_class_helper.pxi", line 7676, in pandas._libs.hashtable.PyObjectHashTable.get_item
KeyError: 'owner'

The above exception was the direct cause of the following exception:

Traceback (most recent call last):
  File "/work/GRDVULN/correction/scripts/02_feature_engineering.py", line 845, in <module>
    main()
  File "/work/GRDVULN/correction/scripts/02_feature_engineering.py", line 836, in main
    stage2 = build_stage2_training(con, plant_features, parcel_features, states)
             ^^^^^^^^^^^^^^^^^^^^^^^^^^^^^^^^^^^^^^^^^^^^^^^^^^^^^^^^^^^^^^^^^^^
  File "/work/GRDVULN/correction/scripts/02_feature_engineering.py", line 710, in build_stage2_training
    stage2 = add_name_matching(stage2)
             ^^^^^^^^^^^^^^^^^^^^^^^^^
  File "/work/GRDVULN/correction/scripts/02_feature_engineering.py", line 504, in add_name_matching
    owner_clean = df["owner"].fillna("").str.lower().str.strip().str.replace(r"\s+", " ", regex=True)
                  ~~^^^^^^^^^
  File "/work/GRDVULN/correction/.venv/lib64/python3.11/site-packages/pandas/core/frame.py", line 4378, in __getitem__
    indexer = self.columns.get_loc(key)
              ^^^^^^^^^^^^^^^^^^^^^^^^^
  File "/work/GRDVULN/correction/.venv/lib64/python3.11/site-packages/pandas/core/indexes/base.py", line 3648, in get_loc
    raise KeyError(key) from err
KeyError: 'owner'
Finished: Fri Aug 21 09:58:46 EDT 2026
