==========================================
Node:    r7n05
Job ID:  7399921
CPUs:    16
Started: Fri Aug 21 06:02:16 EDT 2026
==========================================
Loaded module: python/3.11
Python:  Python 3.11.13  (/work/GRDVULN/correction/.venv/bin/python)
------------------------------------------
Running: python /work/GRDVULN/correction/scripts/02_feature_engineering.py --states OH
/work/GRDVULN/correction/scripts/02_feature_engineering.py:369: UserWarning: This pattern is interpreted as a regular expression, and has match groups. To actually get the groups, use str.extract.
  df["has_ww_keyword"] = combined_text.str.contains(PARCEL_WW_PATTERN, na=False)
/work/GRDVULN/correction/scripts/02_feature_engineering.py:374: UserWarning: This pattern is interpreted as a regular expression, and has match groups. To actually get the groups, use str.extract.
  owner_clean.str.contains(r"\b(etux|sfr|borrower|surv)\b", regex=True) |
/work/GRDVULN/correction/scripts/02_feature_engineering.py:377: UserWarning: This pattern is interpreted as a regular expression, and has match groups. To actually get the groups, use str.extract.
  df["owner_is_govt"] = owner_clean.str.contains(
/work/GRDVULN/correction/scripts/02_feature_engineering.py:381: UserWarning: This pattern is interpreted as a regular expression, and has match groups. To actually get the groups, use str.extract.
  df["owner_is_utility"] = owner_clean.str.contains(
/work/GRDVULN/correction/scripts/02_feature_engineering.py:385: UserWarning: This pattern is interpreted as a regular expression, and has match groups. To actually get the groups, use str.extract.
  df["owner_is_electric"] = owner_clean.str.contains(
/work/GRDVULN/correction/scripts/02_feature_engineering.py:389: UserWarning: This pattern is interpreted as a regular expression, and has match groups. To actually get the groups, use str.extract.
  df["owner_has_llc_corp"] = owner_clean.str.contains(
=== 02_feature_engineering.py ===

PART 1: Building plant features
  Plants loaded: 84
  WARNING: /work/GRDVULN/correction/data/reference/tlgdb_2022_a_us_substategeo.gdb not found -- skipping census features (subdivision/place/county/is_rural will be NaN)
  WARNING: STATE_CODE dropped out of the plant_features merge chain -- re-attaching from source. Root cause not yet diagnosed, worth revisiting.
  Plant features combined: 84 rows, 18 cols

PART 2: Building parcel features

--- State OH ---
  Fetching parcel attributes for 935436 parcels...
  has_ww_keyword TRUE: 2066
  Computing OSM wastewater features...
  WARNING: /work/GRDVULN/correction/data/reference/Wastewater_Plants.gpkg not found -- osm_ww will be False for all parcels
  Parcels with OSM wastewater tag: 0

Parcel features combined: 935436 rows
  OD plants: 10 part-file(s) found across 1 partition(s); reading and unioning all of them
  521 duplicate CWNS_ID rows across part-files (same plant processed more than once, e.g. a --limit test followed by a full run) -- kept the most recently written row for each

STEP 14: Building Stage 1 training data
  Classes: 2494
  Reported parcels found: 45
  OD features joined -- od_ran True for 45 / 45
  Stage 1 training rows: 45
  Correct: 44
  Incorrect: 1

STEP 15: Building Stage 2 training data
  Corrected parcels found: 5
  Plants for Stage 2: 5
  Stage 2 raw candidates labeled: 81229
  Stage 2 training rows: 81229
  Positive labels: 5
  Negative labels: 81224

=== 02_feature_engineering.py complete ===
Outputs in: /work/GRDVULN/correction/data/features
Finished: Fri Aug 21 06:03:14 EDT 2026
