==========================================
Node:    r5n26
Job ID:  7406612
CPUs:    16
Started: Thu Aug 27 16:45:13 EDT 2026
==========================================
Loaded module: python/3.11
Python:  Python 3.11.13  (/work/GRDVULN/correction/.venv/bin/python)
------------------------------------------
=== 04_train_stage2.py: Stage 2 Model Training (Balanced Random Forest) ===
NEG_RATIO: 50

Loading Stage 2 training data...
  [holdout] stage2a: removed 809379 rows / 50 plants (4302253 -> 3492874)
  Total rows: 3492874
  Positive labels: 306
  Negative labels: 3492568
  Plants: 348

Sampling negatives with hard negative mining...
  Positives: 306
  Hard negatives sampled: 10710
  Easy negatives sampled: 4590
  Total training rows: 15606

  Balanced class distribution:
label
0    15300
1      306
Name: count, dtype: int64
  Model columns: 43

Setting up cross-validation folds...
  Spatial fold 1 train -- Correct: 253, Incorrect: 13132
  Spatial fold 2 train -- Correct: 297, Incorrect: 14710
  Spatial fold 3 train -- Correct: 286, Incorrect: 13637
  Spatial fold 4 train -- Correct: 264, Incorrect: 13438
  Spatial fold 5 train -- Correct: 124, Incorrect: 6283
  Spatial folds: 5  |  Standard folds: 5

========================================
Tuning with SPATIAL cross-validation...
========================================
  SPATIAL CV complete in 0.5 minutes
  Best SPATIAL ROC AUC: 0.9858

========================================
Tuning with STANDARD cross-validation...
========================================
  STANDARD CV complete in 0.4 minutes
  Best STANDARD ROC AUC: 0.9900

CV Comparison:
         cv   roc_auc
1  Standard  0.990016
0   Spatial  0.985763

========================================
Fitting final model on full training data...
========================================

FINAL RESULTS SUMMARY
Test set metrics:
  roc_auc     : 0.9905
  accuracy    : 0.9575
  sensitivity : 0.9351
  specificity : 0.9579
  brier_class : 0.0342

Confusion matrix (rows=truth, cols=predicted; 1=Correct, 0=Incorrect):
[[3664  161]
 [   5   72]]

Computing feature importance...
Top 20 features:
          Variable  Importance  Importance_std
      is_municipal    0.005921        0.000960
     ll_bldg_count    0.005051        0.000599
        distance_m    0.002453        0.000647
      log_distance    0.002304        0.000635
    lbcs_ownership    0.002158        0.000452
        ll_gisacre    0.001606        0.000606
     bldg_per_acre    0.001531        0.000622
       log_gisacre    0.001378        0.000655
        pop_served    0.000996        0.000204
            osm_ww    0.000880        0.000052
        within_1km    0.000694        0.000366
     lbcs_activity    0.000413        0.000135
         has_water    0.000350        0.000049
          is_rural    0.000299        0.000097
         lbcs_site    0.000248        0.000168
data_quality_score    0.000244        0.000132
      total_pixels    0.000208        0.000340
    dominant_count    0.000206        0.000230
owner_has_llc_corp    0.000200        0.000119
      water_pixels    0.000166        0.000037

Running threshold analysis...
  Optimal Stage 2 threshold (Youden J): 0.318

CV Comparison:
         cv   roc_auc
1  Standard  0.990016
0   Spatial  0.985763
Optimal threshold: 0.318

Saving model...
  stage2_rf_model.joblib saved: 18.3 MB

=== Stage 2 training complete ===
Finished: Thu Aug 27 16:46:39 EDT 2026
