==========================================
Node:    r7n19
Job ID:  7413175
CPUs:    8
Started: Tue Sep  8 08:34:15 EDT 2026
==========================================
Loaded module: python/3.11
Python:  Python 3.11.13  (/work/GRDVULN/correction/.venv/bin/python)
------------------------------------------
Processing state: IN  (array index 12 of 48)
Output: /work/GRDVULN/correction/data/inference_shards/state=IN
Running: python /work/GRDVULN/correction/scripts/05_run_inference.py --states IN --out-dir /work/GRDVULN/correction/data/inference_shards/state=IN
/work/GRDVULN/correction/.venv/lib64/python3.11/site-packages/sklearn/impute/_base.py:647: UserWarning: Skipping features without any observed values: ['od_max_conf_chlorine_contact' 'od_max_conf_drying_bed'
 'od_max_conf_oxidation_pond']. At least one non-missing value is needed for imputation with strategy='median'.
  warnings.warn(
=== 05_run_inference.py ===
States: ['IN']

Loading Stage 1 / Stage 2a models...
  Loaded stage1_rf_model.joblib: 71 feature columns, threshold=0.512
  Loaded stage2_rf_model.joblib: 43 feature columns, threshold=0.409

Loading full-universe plant list...
  Dropped 1 rows with non-numeric/missing coordinates
  512 plants across 1 state(s)

Loading plant/parcel features (from 02_feature_engineering.py --full-universe)...
  Parcel features narrowed to ['IN']: 77686909 -> 2406201 rows
  Plant features: 2412 rows  |  Parcel features: 2406201 rows

Loading OD features (01b reported-location output)...
  12469 plants with OD output

=== Stage 1: reported-location scoring ===
  Plants: 512  |  reported parcel found: 444  |  no parcel: 68 (13.3%)
  Flagged for Stage 2: 360 (68 no_parcel + 292 low_confidence)

=== Stage 2a: candidate scoring ===
    IN: 100/360 plants (0.1 min elapsed)
    IN: 200/360 plants (0.2 min elapsed)
    IN: 300/360 plants (0.3 min elapsed)
  IN: 360 flagged plants processed
  Raw candidates (post reported-parcel exclusion): 2106220

=== Summary ===
  Plants scored          : 512
  Flagged for Stage 2     : 360
  Plants with >=1 candidate: 360
  Flagged w/ 0 candidates  : 0 (no parcel survived K_RINGS + reported-parcel exclusion)
  Not flagged (Stage 1 ok) : 152 (no candidates by design -- confirm_reported task in 10)

Written: /work/GRDVULN/correction/data/inference_shards/state=IN/plant_summary.parquet
Written: /work/GRDVULN/correction/data/inference_shards/state=IN/stage2_candidates.parquet
Finished: Tue Sep  8 08:36:46 EDT 2026  (exit 0)
