==========================================
Node:    r7n19
Job ID:  7413193
CPUs:    8
Started: Tue Sep  8 08:38:20 EDT 2026
==========================================
Loaded module: python/3.11
Python:  Python 3.11.13  (/work/GRDVULN/correction/.venv/bin/python)
------------------------------------------
Processing state: NM  (array index 29 of 48)
Output: /work/GRDVULN/correction/data/inference_shards/state=NM
Running: python /work/GRDVULN/correction/scripts/05_run_inference.py --states NM --out-dir /work/GRDVULN/correction/data/inference_shards/state=NM
/work/GRDVULN/correction/.venv/lib64/python3.11/site-packages/sklearn/impute/_base.py:647: UserWarning: Skipping features without any observed values: ['od_max_conf_chlorine_contact' 'od_max_conf_drying_bed'
 'od_max_conf_oxidation_pond']. At least one non-missing value is needed for imputation with strategy='median'.
  warnings.warn(
=== 05_run_inference.py ===
States: ['NM']

Loading Stage 1 / Stage 2a models...
  Loaded stage1_rf_model.joblib: 71 feature columns, threshold=0.512
  Loaded stage2_rf_model.joblib: 43 feature columns, threshold=0.409

Loading full-universe plant list...
  Dropped 1 rows with non-numeric/missing coordinates
  141 plants across 1 state(s)

Loading plant/parcel features (from 02_feature_engineering.py --full-universe)...
  Parcel features narrowed to ['NM']: 77686909 -> 621164 rows
  Plant features: 2412 rows  |  Parcel features: 621164 rows

Loading OD features (01b reported-location output)...
  12469 plants with OD output

=== Stage 1: reported-location scoring ===
  Plants: 141  |  reported parcel found: 117  |  no parcel: 24 (17.0%)
  Flagged for Stage 2: 89 (24 no_parcel + 65 low_confidence)

=== Stage 2a: candidate scoring ===
  NM: 89 flagged plants processed
  Raw candidates (post reported-parcel exclusion): 653109

=== Summary ===
  Plants scored          : 141
  Flagged for Stage 2     : 89
  Plants with >=1 candidate: 89
  Flagged w/ 0 candidates  : 0 (no parcel survived K_RINGS + reported-parcel exclusion)
  Not flagged (Stage 1 ok) : 52 (no candidates by design -- confirm_reported task in 10)

Written: /work/GRDVULN/correction/data/inference_shards/state=NM/plant_summary.parquet
Written: /work/GRDVULN/correction/data/inference_shards/state=NM/stage2_candidates.parquet
Finished: Tue Sep  8 08:39:10 EDT 2026  (exit 0)
