==========================================
Node:    r7n19
Job ID:  7413187
CPUs:    8
Started: Tue Sep  8 08:36:52 EDT 2026
==========================================
Loaded module: python/3.11
Python:  Python 3.11.13  (/work/GRDVULN/correction/.venv/bin/python)
------------------------------------------
Processing state: MT  (array index 23 of 48)
Output: /work/GRDVULN/correction/data/inference_shards/state=MT
Running: python /work/GRDVULN/correction/scripts/05_run_inference.py --states MT --out-dir /work/GRDVULN/correction/data/inference_shards/state=MT
/work/GRDVULN/correction/.venv/lib64/python3.11/site-packages/sklearn/impute/_base.py:647: UserWarning: Skipping features without any observed values: ['od_max_conf_chlorine_contact' 'od_max_conf_drying_bed'
 'od_max_conf_oxidation_pond']. At least one non-missing value is needed for imputation with strategy='median'.
  warnings.warn(
=== 05_run_inference.py ===
States: ['MT']

Loading Stage 1 / Stage 2a models...
  Loaded stage1_rf_model.joblib: 71 feature columns, threshold=0.512
  Loaded stage2_rf_model.joblib: 43 feature columns, threshold=0.409

Loading full-universe plant list...
  Dropped 1 rows with non-numeric/missing coordinates
  174 plants across 1 state(s)

Loading plant/parcel features (from 02_feature_engineering.py --full-universe)...
  Parcel features narrowed to ['MT']: 77686909 -> 358887 rows
  Plant features: 2412 rows  |  Parcel features: 358887 rows

Loading OD features (01b reported-location output)...
  12469 plants with OD output

=== Stage 1: reported-location scoring ===
  Plants: 174  |  reported parcel found: 152  |  no parcel: 22 (12.6%)
  Flagged for Stage 2: 138 (22 no_parcel + 116 low_confidence)

=== Stage 2a: candidate scoring ===
    MT: 100/138 plants (0.0 min elapsed)
  MT: 138 flagged plants processed
  Raw candidates (post reported-parcel exclusion): 357536

=== Summary ===
  Plants scored          : 174
  Flagged for Stage 2     : 138
  Plants with >=1 candidate: 138
  Flagged w/ 0 candidates  : 0 (no parcel survived K_RINGS + reported-parcel exclusion)
  Not flagged (Stage 1 ok) : 36 (no candidates by design -- confirm_reported task in 10)

Written: /work/GRDVULN/correction/data/inference_shards/state=MT/plant_summary.parquet
Written: /work/GRDVULN/correction/data/inference_shards/state=MT/stage2_candidates.parquet
Finished: Tue Sep  8 08:37:26 EDT 2026  (exit 0)
