==========================================
Node:    r7n19
Job ID:  7413185
CPUs:    8
Started: Tue Sep  8 08:36:47 EDT 2026
==========================================
Loaded module: python/3.11
Python:  Python 3.11.13  (/work/GRDVULN/correction/.venv/bin/python)
------------------------------------------
Processing state: MO  (array index 21 of 48)
Output: /work/GRDVULN/correction/data/inference_shards/state=MO
Running: python /work/GRDVULN/correction/scripts/05_run_inference.py --states MO --out-dir /work/GRDVULN/correction/data/inference_shards/state=MO
/work/GRDVULN/correction/.venv/lib64/python3.11/site-packages/sklearn/impute/_base.py:647: UserWarning: Skipping features without any observed values: ['od_max_conf_chlorine_contact' 'od_max_conf_drying_bed'
 'od_max_conf_oxidation_pond']. At least one non-missing value is needed for imputation with strategy='median'.
  warnings.warn(
=== 05_run_inference.py ===
States: ['MO']

Loading Stage 1 / Stage 2a models...
  Loaded stage1_rf_model.joblib: 71 feature columns, threshold=0.512
  Loaded stage2_rf_model.joblib: 43 feature columns, threshold=0.409

Loading full-universe plant list...
  Dropped 1 rows with non-numeric/missing coordinates
  873 plants across 1 state(s)

Loading plant/parcel features (from 02_feature_engineering.py --full-universe)...
  Parcel features narrowed to ['MO']: 77686909 -> 1804101 rows
  Plant features: 2412 rows  |  Parcel features: 1804101 rows

Loading OD features (01b reported-location output)...
  12469 plants with OD output

=== Stage 1: reported-location scoring ===
  Plants: 873  |  reported parcel found: 734  |  no parcel: 139 (15.9%)
  Flagged for Stage 2: 668 (139 no_parcel + 529 low_confidence)

=== Stage 2a: candidate scoring ===
    MO: 100/668 plants (0.1 min elapsed)
    MO: 200/668 plants (0.1 min elapsed)
    MO: 300/668 plants (0.2 min elapsed)
    MO: 400/668 plants (0.3 min elapsed)
    MO: 500/668 plants (0.3 min elapsed)
    MO: 600/668 plants (0.4 min elapsed)
  MO: 668 flagged plants processed
  Raw candidates (post reported-parcel exclusion): 2410719

=== Summary ===
  Plants scored          : 873
  Flagged for Stage 2     : 668
  Plants with >=1 candidate: 667
  Flagged w/ 0 candidates  : 1 (no parcel survived K_RINGS + reported-parcel exclusion)
  Not flagged (Stage 1 ok) : 205 (no candidates by design -- confirm_reported task in 10)

Written: /work/GRDVULN/correction/data/inference_shards/state=MO/plant_summary.parquet
Written: /work/GRDVULN/correction/data/inference_shards/state=MO/stage2_candidates.parquet
Finished: Tue Sep  8 08:39:40 EDT 2026  (exit 0)
