==========================================
Node:    r7n19
Job ID:  7413195
CPUs:    8
Started: Tue Sep  8 08:38:41 EDT 2026
==========================================
Loaded module: python/3.11
Python:  Python 3.11.13  (/work/GRDVULN/correction/.venv/bin/python)
------------------------------------------
Processing state: NY  (array index 31 of 48)
Output: /work/GRDVULN/correction/data/inference_shards/state=NY
Running: python /work/GRDVULN/correction/scripts/05_run_inference.py --states NY --out-dir /work/GRDVULN/correction/data/inference_shards/state=NY
/work/GRDVULN/correction/.venv/lib64/python3.11/site-packages/sklearn/impute/_base.py:647: UserWarning: Skipping features without any observed values: ['od_max_conf_chlorine_contact' 'od_max_conf_drying_bed'
 'od_max_conf_oxidation_pond']. At least one non-missing value is needed for imputation with strategy='median'.
  warnings.warn(
=== 05_run_inference.py ===
States: ['NY']

Loading Stage 1 / Stage 2a models...
  Loaded stage1_rf_model.joblib: 71 feature columns, threshold=0.512
  Loaded stage2_rf_model.joblib: 43 feature columns, threshold=0.409

Loading full-universe plant list...
  Dropped 1 rows with non-numeric/missing coordinates
  659 plants across 1 state(s)

Loading plant/parcel features (from 02_feature_engineering.py --full-universe)...
  Parcel features narrowed to ['NY']: 77686909 -> 3930523 rows
  Plant features: 2412 rows  |  Parcel features: 3930523 rows

Loading OD features (01b reported-location output)...
  12469 plants with OD output

=== Stage 1: reported-location scoring ===
  Plants: 659  |  reported parcel found: 431  |  no parcel: 228 (34.6%)
  Flagged for Stage 2: 546 (228 no_parcel + 318 low_confidence)

=== Stage 2a: candidate scoring ===
    NY: 100/546 plants (0.1 min elapsed)
    NY: 200/546 plants (0.3 min elapsed)
    NY: 300/546 plants (0.4 min elapsed)
    NY: 400/546 plants (0.6 min elapsed)
    NY: 500/546 plants (0.7 min elapsed)
  NY: 546 flagged plants processed
  Raw candidates (post reported-parcel exclusion): 5538475

=== Summary ===
  Plants scored          : 659
  Flagged for Stage 2     : 546
  Plants with >=1 candidate: 546
  Flagged w/ 0 candidates  : 0 (no parcel survived K_RINGS + reported-parcel exclusion)
  Not flagged (Stage 1 ok) : 113 (no candidates by design -- confirm_reported task in 10)

Written: /work/GRDVULN/correction/data/inference_shards/state=NY/plant_summary.parquet
Written: /work/GRDVULN/correction/data/inference_shards/state=NY/stage2_candidates.parquet
Finished: Tue Sep  8 08:44:43 EDT 2026  (exit 0)
