==========================================
Node:    r7n19
Job ID:  7413172
CPUs:    8
Started: Tue Sep  8 08:33:34 EDT 2026
==========================================
Loaded module: python/3.11
Python:  Python 3.11.13  (/work/GRDVULN/correction/.venv/bin/python)
------------------------------------------
Processing state: IA  (array index 9 of 48)
Output: /work/GRDVULN/correction/data/inference_shards/state=IA
Running: python /work/GRDVULN/correction/scripts/05_run_inference.py --states IA --out-dir /work/GRDVULN/correction/data/inference_shards/state=IA
/work/GRDVULN/correction/.venv/lib64/python3.11/site-packages/sklearn/impute/_base.py:647: UserWarning: Skipping features without any observed values: ['od_max_conf_chlorine_contact' 'od_max_conf_drying_bed'
 'od_max_conf_oxidation_pond']. At least one non-missing value is needed for imputation with strategy='median'.
  warnings.warn(
=== 05_run_inference.py ===
States: ['IA']

Loading Stage 1 / Stage 2a models...
  Loaded stage1_rf_model.joblib: 71 feature columns, threshold=0.512
  Loaded stage2_rf_model.joblib: 43 feature columns, threshold=0.409

Loading full-universe plant list...
  Dropped 1 rows with non-numeric/missing coordinates
  782 plants across 1 state(s)

Loading plant/parcel features (from 02_feature_engineering.py --full-universe)...
  Parcel features narrowed to ['IA']: 77686909 -> 1482554 rows
  Plant features: 2412 rows  |  Parcel features: 1482554 rows

Loading OD features (01b reported-location output)...
  12469 plants with OD output

=== Stage 1: reported-location scoring ===
  Plants: 782  |  reported parcel found: 698  |  no parcel: 84 (10.7%)
  Flagged for Stage 2: 572 (84 no_parcel + 488 low_confidence)

=== Stage 2a: candidate scoring ===
    IA: 100/572 plants (0.1 min elapsed)
    IA: 200/572 plants (0.1 min elapsed)
    IA: 300/572 plants (0.2 min elapsed)
    IA: 400/572 plants (0.2 min elapsed)
    IA: 500/572 plants (0.3 min elapsed)
  IA: 572 flagged plants processed
  Raw candidates (post reported-parcel exclusion): 1070991

=== Summary ===
  Plants scored          : 782
  Flagged for Stage 2     : 572
  Plants with >=1 candidate: 572
  Flagged w/ 0 candidates  : 0 (no parcel survived K_RINGS + reported-parcel exclusion)
  Not flagged (Stage 1 ok) : 210 (no candidates by design -- confirm_reported task in 10)

Written: /work/GRDVULN/correction/data/inference_shards/state=IA/plant_summary.parquet
Written: /work/GRDVULN/correction/data/inference_shards/state=IA/stage2_candidates.parquet
Finished: Tue Sep  8 08:35:09 EDT 2026  (exit 0)
