==========================================
Node:    r7n19
Job ID:  7413199
CPUs:    8
Started: Tue Sep  8 08:39:04 EDT 2026
==========================================
Loaded module: python/3.11
Python:  Python 3.11.13  (/work/GRDVULN/correction/.venv/bin/python)
------------------------------------------
Processing state: OR  (array index 34 of 48)
Output: /work/GRDVULN/correction/data/inference_shards/state=OR
Running: python /work/GRDVULN/correction/scripts/05_run_inference.py --states OR --out-dir /work/GRDVULN/correction/data/inference_shards/state=OR
/work/GRDVULN/correction/.venv/lib64/python3.11/site-packages/sklearn/impute/_base.py:647: UserWarning: Skipping features without any observed values: ['od_max_conf_chlorine_contact' 'od_max_conf_drying_bed'
 'od_max_conf_oxidation_pond']. At least one non-missing value is needed for imputation with strategy='median'.
  warnings.warn(
=== 05_run_inference.py ===
States: ['OR']

Loading Stage 1 / Stage 2a models...
  Loaded stage1_rf_model.joblib: 71 feature columns, threshold=0.512
  Loaded stage2_rf_model.joblib: 43 feature columns, threshold=0.409

Loading full-universe plant list...
  Dropped 1 rows with non-numeric/missing coordinates
  200 plants across 1 state(s)

Loading plant/parcel features (from 02_feature_engineering.py --full-universe)...
  Parcel features narrowed to ['OR']: 77686909 -> 953282 rows
  Plant features: 2412 rows  |  Parcel features: 953282 rows

Loading OD features (01b reported-location output)...
  12469 plants with OD output

=== Stage 1: reported-location scoring ===
  Plants: 200  |  reported parcel found: 148  |  no parcel: 52 (26.0%)
  Flagged for Stage 2: 151 (52 no_parcel + 99 low_confidence)

=== Stage 2a: candidate scoring ===
    OR: 100/151 plants (0.1 min elapsed)
  OR: 151 flagged plants processed
  Raw candidates (post reported-parcel exclusion): 891662

=== Summary ===
  Plants scored          : 200
  Flagged for Stage 2     : 151
  Plants with >=1 candidate: 150
  Flagged w/ 0 candidates  : 1 (no parcel survived K_RINGS + reported-parcel exclusion)
  Not flagged (Stage 1 ok) : 49 (no candidates by design -- confirm_reported task in 10)

Written: /work/GRDVULN/correction/data/inference_shards/state=OR/plant_summary.parquet
Written: /work/GRDVULN/correction/data/inference_shards/state=OR/stage2_candidates.parquet
Finished: Tue Sep  8 08:40:12 EDT 2026  (exit 0)
