==========================================
Node:    r7n19
Job ID:  7413182
CPUs:    8
Started: Tue Sep  8 08:36:22 EDT 2026
==========================================
Loaded module: python/3.11
Python:  Python 3.11.13  (/work/GRDVULN/correction/.venv/bin/python)
------------------------------------------
Processing state: MI  (array index 19 of 48)
Output: /work/GRDVULN/correction/data/inference_shards/state=MI
Running: python /work/GRDVULN/correction/scripts/05_run_inference.py --states MI --out-dir /work/GRDVULN/correction/data/inference_shards/state=MI
/work/GRDVULN/correction/.venv/lib64/python3.11/site-packages/sklearn/impute/_base.py:647: UserWarning: Skipping features without any observed values: ['od_max_conf_chlorine_contact' 'od_max_conf_drying_bed'
 'od_max_conf_oxidation_pond']. At least one non-missing value is needed for imputation with strategy='median'.
  warnings.warn(
=== 05_run_inference.py ===
States: ['MI']

Loading Stage 1 / Stage 2a models...
  Loaded stage1_rf_model.joblib: 71 feature columns, threshold=0.512
  Loaded stage2_rf_model.joblib: 43 feature columns, threshold=0.409

Loading full-universe plant list...
  Dropped 1 rows with non-numeric/missing coordinates
  394 plants across 1 state(s)

Loading plant/parcel features (from 02_feature_engineering.py --full-universe)...
  Parcel features narrowed to ['MI']: 77686909 -> 1995300 rows
  Plant features: 2412 rows  |  Parcel features: 1995300 rows

Loading OD features (01b reported-location output)...
  12469 plants with OD output

=== Stage 1: reported-location scoring ===
  Plants: 394  |  reported parcel found: 273  |  no parcel: 121 (30.7%)
  Flagged for Stage 2: 315 (121 no_parcel + 194 low_confidence)

=== Stage 2a: candidate scoring ===
    MI: 100/315 plants (0.1 min elapsed)
    MI: 200/315 plants (0.2 min elapsed)
    MI: 300/315 plants (0.2 min elapsed)
  MI: 315 flagged plants processed
  Raw candidates (post reported-parcel exclusion): 1754957

=== Summary ===
  Plants scored          : 394
  Flagged for Stage 2     : 315
  Plants with >=1 candidate: 315
  Flagged w/ 0 candidates  : 0 (no parcel survived K_RINGS + reported-parcel exclusion)
  Not flagged (Stage 1 ok) : 79 (no candidates by design -- confirm_reported task in 10)

Written: /work/GRDVULN/correction/data/inference_shards/state=MI/plant_summary.parquet
Written: /work/GRDVULN/correction/data/inference_shards/state=MI/stage2_candidates.parquet
Finished: Tue Sep  8 08:38:27 EDT 2026  (exit 0)
