==========================================
Node:    r7n28
Job ID:  7405127
CPUs:    8
Started: Wed Aug 26 14:41:26 EDT 2026
==========================================
Loaded module: python/3.11
Python:  Python 3.11.13  (/work/GRDVULN/correction/.venv/bin/python)
------------------------------------------
Running: python /work/GRDVULN/correction/scripts/05_run_inference.py --states OH,MS,DE
/work/GRDVULN/correction/.venv/lib64/python3.11/site-packages/sklearn/impute/_base.py:647: UserWarning: Skipping features without any observed values: ['od_max_conf_chlorine_contact' 'od_max_conf_drying_bed'
 'od_max_conf_oxidation_pond']. At least one non-missing value is needed for imputation with strategy='median'.
  warnings.warn(
=== 05_run_inference.py ===
States: ['OH', 'MS', 'DE']

Loading Stage 1 / Stage 2a models...
  Loaded stage1_rf_model.joblib: 71 feature columns, threshold=0.623
  Loaded stage2_rf_model.joblib: 43 feature columns, threshold=0.681

Loading full-universe plant list...
  Dropped 1 rows with non-numeric/missing coordinates
  929 plants across 3 state(s)

Loading plant/parcel features (from 02_feature_engineering.py --full-universe)...
  Plant features: 929 rows  |  Parcel features: 4873248 rows

Loading OD features (01b reported-location output)...
  2769 plants with OD output

=== Stage 1: reported-location scoring ===
  Plants: 929  |  reported parcel found: 689  |  no parcel: 240 (25.8%)
  Flagged for Stage 2: 754 (240 no_parcel + 514 low_confidence)

=== Stage 2a: candidate scoring ===
    OH: 100/688 plants (0.1 min elapsed)
    OH: 200/688 plants (0.3 min elapsed)
    OH: 300/688 plants (0.4 min elapsed)
    OH: 400/688 plants (0.6 min elapsed)
    OH: 500/688 plants (0.7 min elapsed)
    OH: 600/688 plants (0.8 min elapsed)
  OH: 688 flagged plants processed
  MS: 53 flagged plants processed
  DE: 13 flagged plants processed
  Raw candidates (post reported-parcel exclusion): 6063237

=== Summary ===
  Plants scored          : 929
  Flagged for Stage 2     : 754
  Plants with >=1 candidate: 754
  Plants with 0 candidates : 175 (flagged but no parcel survived K_RINGS + reported-parcel exclusion)

Written: /work/GRDVULN/correction/data/inference/plant_summary.parquet
Written: /work/GRDVULN/correction/data/inference/stage2_candidates.parquet
Finished: Wed Aug 26 14:49:02 EDT 2026
