==========================================
Node:    r7n25
Job ID:  7405064
CPUs:    8
Started: Wed Aug 26 13:44:37 EDT 2026
==========================================
Loaded module: python/3.11
Python:  Python 3.11.13  (/work/GRDVULN/correction/.venv/bin/python)
------------------------------------------
Running: python /work/GRDVULN/correction/scripts/05_run_inference.py --states OH
=== 05_run_inference.py ===
States: ['OH']

Loading Stage 1 / Stage 2a models...
  Loaded stage1_rf_model.joblib: 71 feature columns, threshold=0.623
  Loaded stage2_rf_model.joblib: 43 feature columns, threshold=0.681

Loading full-universe plant list...
  Dropped 1 rows with non-numeric/missing coordinates
  844 plants across 1 state(s)

Loading plant/parcel features (from 02_feature_engineering.py --full-universe)...
  Plant features: 929 rows  |  Parcel features: 4873248 rows

Loading OD features (01b reported-location output)...
  2769 plants with OD output

=== Stage 1: reported-location scoring ===
  Plants: 844  |  reported parcel found: 620  |  no parcel: 224 (26.5%)
Traceback (most recent call last):
  File "/work/GRDVULN/correction/scripts/05_run_inference.py", line 526, in <module>
    main()
  File "/work/GRDVULN/correction/scripts/05_run_inference.py", line 476, in main
    stage1_out = run_stage1(con, plants, plant_features, parcel_features,
                 ^^^^^^^^^^^^^^^^^^^^^^^^^^^^^^^^^^^^^^^^^^^^^^^^^^^^^^^^
  File "/work/GRDVULN/correction/scripts/05_run_inference.py", line 276, in run_stage1
    probs = score(bundle, scoreable)
            ^^^^^^^^^^^^^^^^^^^^^^^^
  File "/work/GRDVULN/correction/scripts/05_run_inference.py", line 186, in score
    raise KeyError(
KeyError: "Model expects columns not present in the inference frame at all: ['point_location']. Feature engineering has drifted from what the model was trained on."
Finished: Wed Aug 26 13:45:02 EDT 2026
