==========================================
Node:    r7n06
Job ID:  7413011
CPUs:    8
Started: Mon Sep  7 18:26:56 EDT 2026
==========================================
Loaded module: python/3.11
Python:  Python 3.11.13  (/work/GRDVULN/correction/.venv/bin/python)
------------------------------------------
Running: python /work/GRDVULN/correction/scripts/05_run_inference.py --states CA
/work/GRDVULN/correction/.venv/lib64/python3.11/site-packages/sklearn/impute/_base.py:647: UserWarning: Skipping features without any observed values: ['od_max_conf_chlorine_contact' 'od_max_conf_drying_bed'
 'od_max_conf_oxidation_pond']. At least one non-missing value is needed for imputation with strategy='median'.
  warnings.warn(
=== 05_run_inference.py ===
States: ['CA']

Loading Stage 1 / Stage 2a models...
  Loaded stage1_rf_model.joblib: 71 feature columns, threshold=0.512
  Loaded stage2_rf_model.joblib: 43 feature columns, threshold=0.409

Loading full-universe plant list...
  Dropped 1 rows with non-numeric/missing coordinates
  494 plants across 1 state(s)

Loading plant/parcel features (from 02_feature_engineering.py --full-universe)...
  Plant features: 2412 rows  |  Parcel features: 77686909 rows

Loading OD features (01b reported-location output)...
  12469 plants with OD output

=== Stage 1: reported-location scoring ===
  Plants: 494  |  reported parcel found: 376  |  no parcel: 118 (23.9%)
  Flagged for Stage 2: 353 (118 no_parcel + 235 low_confidence)

=== Stage 2a: candidate scoring ===
    CA: 100/353 plants (0.2 min elapsed)
    CA: 200/353 plants (0.4 min elapsed)
    CA: 300/353 plants (0.6 min elapsed)
  CA: 353 flagged plants processed
  Raw candidates (post reported-parcel exclusion): 5642109

=== Summary ===
  Plants scored          : 494
  Flagged for Stage 2     : 353
  Plants with >=1 candidate: 353
  Plants with 0 candidates : 141 (flagged but no parcel survived K_RINGS + reported-parcel exclusion)

Written: /work/GRDVULN/correction/data/inference/plant_summary.parquet
Written: /work/GRDVULN/correction/data/inference/stage2_candidates.parquet
Finished: Mon Sep  7 18:34:06 EDT 2026
