==========================================
Node:    r4n17
Job ID:  7414146
CPUs:    8
Started: Thu Sep 10 13:00:32 EDT 2026
==========================================
Loaded module: python/3.11
Python:  Python 3.11.13  (/work/GRDVULN/tp_qa/correction/.venv/bin/python)
------------------------------------------
Running: python /work/GRDVULN/tp_qa/correction/scripts/05b_rerank_candidates.py --states AL,AZ,CA,CO,CT,DE,FL,GA,IA,ID,IL,IN,KS,KY,LA,MA,MD,ME,MI,MN,MO,MS,MT,NC,ND,NE,NH,NJ,NM,NV,NY,OH,OK,OR,PA,RI,SC,SD,TN,TX,UT,VA,VT,WA,WI,WV,WY
=== 05b_rerank_candidates.py ===

Loading re-ranker...
  Loaded rerank_rf_model.joblib: 72 feature columns

Loading Stage 2a candidates...
  Restricted to ['AL', 'AZ', 'CA', 'CO', 'CT', 'DE', 'FL', 'GA', 'IA', 'ID', 'IL', 'IN', 'KS', 'KY', 'LA', 'MA', 'MD', 'ME', 'MI', 'MN', 'MO', 'MS', 'MT', 'NC', 'ND', 'NE', 'NH', 'NJ', 'NM', 'NV', 'NY', 'OH', 'OK', 'OR', 'PA', 'RI', 'SC', 'SD', 'TN', 'TX', 'UT', 'VA', 'VT', 'WA', 'WI', 'WV', 'WY']
  234246 candidate(s) across 11715 plant(s)

Loading candidate OD features (01e --all)...
  234225 candidate(s) with OD across 11715 plant(s)
  OD coverage: 234225/234246 candidate(s) (100.0%)

Deriving features...
Scoring...

  Fallback to Stage 2a ordering for 4859 plant(s) where no candidate fired

  Candidates whose rank changed : 121379 (51.8%)
  Plants with a NEW top pick    : 3150 (26.9%)
  Median Stage 2a rank of the promoted candidate: 4

Written: /work/GRDVULN/tp_qa/correction/data/inference/stage2_candidates_reranked.parquet
Written: /work/GRDVULN/tp_qa/correction/data/inference/plant_summary_reranked.parquet

Next: point 10_build_review_queue.py at the reranked table. Both scores are
preserved per candidate, so a reviewer can compare Stage 2a against the re-rank.
Finished: Thu Sep 10 13:00:41 EDT 2026  (exit 0)
