==========================================
Node:    a0n16
Job ID:  7406613
CPUs:    8
Started: Thu Aug 27 16:50:00 EDT 2026
==========================================
Loaded module: python/3.11
Python:  Python 3.11.13  (/work/GRDVULN/correction/.venv/bin/python)
------------------------------------------
=== 06_build_stage2b_training.py ===

Corrections-bin plants: 403
Reported-location parcel matches : 235 / 403
Corrected-location parcel matches: 399 / 403

Reported parcels already in 10_parcel_features.parquet: 215 / 235
Corrected parcels already in 10_parcel_features.parquet: 353 / 399
  NOTE: 46 corrected parcels have no precomputed NLCD/Regrid features (outside 01a's original k=18-ring search around the reported point) -- DROPPED from this training set for now. Not building a targeted NLCD top-up until this count is known to matter.

OD (reported) plants available : 2769
OD (corrected) plants available: 399
  Name-match features added; raw 'owner' column consumed and dropped.

=== Stage 2b training table ===
Total rows  : 568
Label=0 (wrong)  : 215
Label=1 (right)  : 353
Plants with BOTH a positive and negative row (usable pairs): 189
  [holdout] stage2b-build: removed 71 rows / 48 plants (568 -> 497)

Written: /work/GRDVULN/correction/data/features/16_stage2b_training.parquet
Finished: Thu Aug 27 16:54:11 EDT 2026
