==========================================
Node:    r5n10
Job ID:  7403881
CPUs:    8
Started: Tue Aug 25 10:03:01 EDT 2026
==========================================
Loaded module: python/3.11
Python:  Python 3.11.13  (/work/GRDVULN/correction/.venv/bin/python)
------------------------------------------
Running: python /work/GRDVULN/correction/scripts/07_train_stage2b.py
=== 07_train_stage2b.py: Stage 2b Model Training (Random Forest) ===

Loading Stage 2b training data...
  [holdout] stage2b: removed 71 rows / 48 plants (428 -> 357)
  Rows: 357
  Label=1 (right): 223
  Label=0 (wrong): 134
  Distinct plants: 244  (113 contribute both a wrong and right row, 131 contribute only one)
  NOTE: this is a MUCH smaller training set than Stage 1/2a (hundreds of rows,
  not thousands) -- expect higher variance in CV scores and test metrics than
  those models. Treat single-run numbers with real caution; consider repeating
  with different --seed values before trusting a specific figure.
  CAUTION: only 113 of 244 plants contribute a within-plant contrast.
  Unpaired rows carry no wrong-vs-right comparison for their own plant, so
  a good AUC here can reflect plant-vs-plant separability rather than the
  candidate-ranking task this model actually performs at inference.
  Dropping 4 all-NaN columns: ['od_max_conf_chlorine_contact', 'od_max_conf_drying_bed', 'od_max_conf_oxidation_pond', 'parcel_cap_reason']
  Model columns: 52
  Class weights -- Right: 0.375 | Wrong: 0.625

Setting up cross-validation folds...
  Spatial fold 1 train -- Right: 156, Wrong: 95
  Spatial fold 2 train -- Right: 175, Wrong: 118
  Spatial fold 3 train -- Right: 213, Wrong: 125
  Spatial fold 4 train -- Right: 185, Wrong: 110
  Spatial fold 5 train -- Right: 163, Wrong: 88
  Spatial folds: 5  |  Standard (grouped) folds: 5

========================================
Tuning with SPATIAL cross-validation...
========================================
  SPATIAL CV complete in 0.4 minutes
  Best SPATIAL ROC AUC: 0.9785
    across 20 configs: mean 0.9562, sd 0.0155, range 0.9277-0.9785
    best config's own fold sd: 0.0213

========================================
Tuning with STANDARD (grouped) cross-validation...
========================================
  STANDARD (grouped) CV complete in 0.3 minutes
  Best STANDARD (grouped) ROC AUC: 0.9807
    across 20 configs: mean 0.9628, sd 0.0142, range 0.9371-0.9807
    best config's own fold sd: 0.0122

CV Comparison:
         cv   roc_auc
1  Standard  0.980679
0   Spatial  0.978501

========================================
Fitting final model on full training data...
========================================
Test set metrics:
  roc_auc     : 0.9263
  accuracy    : 0.9231
  sensitivity : 0.9464
  specificity : 0.8857
  brier_class : 0.0748
  (test set: 91 rows from 61 plants -- small, expect noisy metrics)

Confusion matrix (rows=truth, cols=predicted; 1=Right, 0=Wrong):
[[31  4]
 [ 3 53]]

Computing feature importance...
Top 20 features:
                  Variable  Importance  Importance_std
     parcel_bbox_max_dim_m    0.134413        0.019812
            lbcs_ownership    0.015918        0.018438
        data_quality_score    0.006556        0.001569
             owner_is_govt    0.006199        0.005158
od_max_conf_aeration_basin    0.005179        0.003099
           water_pixel_pct    0.001990        0.000673
              water_pixels    0.001122        0.000445
         od_dominant_class    0.001046        0.002120
                 has_water    0.000714        0.000338
    od_frac_tiles_positive    0.000510        0.000279
       od_n_aeration_basin    0.000485        0.000266
            od_n_clarifier    0.000306        0.000653
             lbcs_activity    0.000255        0.000255
        od_mean_confidence    0.000255        0.000559
              total_pixels    0.000230        0.007127
             od_n_digester    0.000128        0.000171
        owner_has_llc_corp    0.000077        0.000256
     od_max_conf_clarifier    0.000051        0.000897
                     owner    0.000000        0.000000
         owner_is_electric    0.000000        0.000000

Running threshold analysis...
  Optimal Stage 2b threshold (Youden J): 0.373

Saving model...
  stage2b_rf_model.joblib saved: 2.0 MB

=== Stage 2b training complete ===

FINAL RESULTS SUMMARY
  Seed: 42  |  OD features: included
  Test roc_auc: 0.9263
  Optimal threshold: 0.373
  CV comparison:
         cv   roc_auc
1  Standard  0.980679
0   Spatial  0.978501
Finished: Tue Aug 25 10:04:09 EDT 2026
