==========================================
Node:    r7n26
Job ID:  7412859
CPUs:    8
Started: Fri Sep  4 19:26:55 EDT 2026
==========================================
Loaded module: python/3.11
Python:  Python 3.11.13  (/work/GRDVULN/correction/.venv/bin/python)
------------------------------------------
Running: python /work/GRDVULN/correction/scripts/07_train_stage2b.py
=== 07_train_stage2b.py: Stage 2b Model Training (Random Forest) ===

Loading Stage 2b training data...
  [holdout] stage2b: removed 0 rows / 0 plants (526 -> 526)
  Rows: 526
  Label=1 (right): 323
  Label=0 (wrong): 203
  Distinct plants: 343  (183 contribute both a wrong and right row, 160 contribute only one)
  NOTE: this is a MUCH smaller training set than Stage 1/2a (hundreds of rows,
  not thousands) -- expect higher variance in CV scores and test metrics than
  those models. Treat single-run numbers with real caution; consider repeating
  with different --seed values before trusting a specific figure.
  Dropping 3 all-NaN columns: ['od_max_conf_chlorine_contact', 'od_max_conf_drying_bed', 'od_max_conf_oxidation_pond']
  Model columns: 59
  Class weights -- Right: 0.386 | Wrong: 0.614

Setting up cross-validation folds...
  Spatial fold 1 train -- Right: 290, Wrong: 181
  Spatial fold 2 train -- Right: 284, Wrong: 174
  Spatial fold 3 train -- Right: 312, Wrong: 193
  Spatial fold 4 train -- Right: 146, Wrong: 93
  Spatial fold 5 train -- Right: 260, Wrong: 171
  Spatial folds: 5  |  Standard (grouped) folds: 5

========================================
Tuning with SPATIAL cross-validation...
========================================
  SPATIAL CV complete in 0.4 minutes
  Best SPATIAL ROC AUC: 0.9055
    across 20 configs: mean 0.8875, sd 0.0090, range 0.8712-0.9055
    best config's own fold sd: 0.0602

========================================
Tuning with STANDARD (grouped) cross-validation...
========================================
  STANDARD (grouped) CV complete in 0.4 minutes
  Best STANDARD (grouped) ROC AUC: 0.9356
    across 20 configs: mean 0.9295, sd 0.0037, range 0.9208-0.9356
    best config's own fold sd: 0.0239

CV Comparison:
         cv   roc_auc
1  Standard  0.935634
0   Spatial  0.905541

========================================
Fitting final model on full training data...
========================================
Test set metrics:
  roc_auc     : 0.9518
  accuracy    : 0.8837
  sensitivity : 0.9136
  specificity : 0.8333
  brier_class : 0.0878
  (test set: 129 rows from 86 plants -- small, expect noisy metrics)

Confusion matrix (rows=truth, cols=predicted; 1=Right, 0=Wrong):
[[40  8]
 [ 7 74]]

Computing feature importance...
Top 20 features:
             Variable  Importance  Importance_std
         is_municipal    0.046515        0.016063
               osm_ww    0.013670        0.009715
      water_pixel_pct    0.007485        0.002780
 dominant_class_group    0.006494        0.005316
         water_pixels    0.006044        0.002126
       lbcs_ownership    0.004642        0.004157
            has_water    0.003266        0.001644
        any_geo_match    0.002366        0.001307
        bldg_per_acre    0.002096        0.003100
       dominant_count    0.002032        0.001627
        ll_bldg_count    0.001993        0.002899
     od_has_detection    0.001672        0.002598
   data_quality_score    0.001132        0.001739
        parcel_capped    0.000939        0.000780
         od_n_objects    0.000823        0.002105
parcel_bbox_max_dim_m    0.000643        0.003198
 od_max_conf_digester    0.000579        0.000119
       od_n_clarifier    0.000489        0.001407
         od_n_classes    0.000476        0.001456
             is_rural    0.000219        0.001360

Running threshold analysis...
  Optimal Stage 2b threshold (Youden J): 0.480

Saving model...
  stage2b_rf_model.joblib saved: 5.8 MB

=== Stage 2b training complete ===

FINAL RESULTS SUMMARY
  Seed: 42  |  OD features: included
  Test roc_auc: 0.9518
  Optimal threshold: 0.480
  CV comparison:
         cv   roc_auc
1  Standard  0.935634
0   Spatial  0.905541
Finished: Fri Sep  4 19:28:12 EDT 2026
