==========================================
Node:    r4n19
Job ID:  7413486
CPUs:    16
Started: Tue Sep  8 16:56:20 EDT 2026
==========================================
Loaded module: python/3.11
Python:  Python 3.11.13  (/work/GRDVULN/correction/.venv/bin/python)
------------------------------------------
Running: python /work/GRDVULN/correction/scripts/07b_train_rerank.py
/work/GRDVULN/correction/scripts/07b_train_rerank.py:177: UserWarning: you are shuffling a 'ArrowStringArray' object which is not a subclass of 'Sequence'; `shuffle` is not guaranteed to behave correctly. E.g., non-numpy array/tensor objects with view semantics may contain duplicates after shuffling.
  rng.shuffle(plants)
=== 07b_train_rerank.py: Stage 2a Re-ranker ===

Loading re-rank training data...
  [holdout] rerank: removed 0 rows / 0 plants (6475 -> 6475)
  Rows: 6475  |  plants: 324
  Label=1 (true parcel): 263
  Label=0 (competitor) : 6212
  Pools containing the true parcel: 263/324 (81%)

  Split by plant: 243 train / 81 test plant(s)
  Dropping leaking columns: ['true_ll_uuid', 'pool_has_positive']
  Dropping 3 all-NaN columns: ['od_max_conf_chlorine_contact', 'od_max_conf_drying_bed', 'od_max_conf_oxidation_pond']
  Model columns: 72
  Class balance 1:23  |  weights true 0.959 / competitor 0.041

Setting up cross-validation folds...
  Spatial folds: 5  |  Standard (grouped): 5

========================================
Tuning with SPATIAL cross-validation...
========================================
  SPATIAL CV complete in 0.9 minutes
  Best SPATIAL ROC AUC: 0.9679
    across 20 configs: mean 0.9592, sd 0.0048

========================================
Tuning with STANDARD (grouped) cross-validation...
========================================
  STANDARD (grouped) CV complete in 0.9 minutes
  Best STANDARD (grouped) ROC AUC: 0.9692
    across 20 configs: mean 0.9647, sd 0.0028

CV Comparison:
         cv   roc_auc
1  Standard  0.969220
0   Spatial  0.967925

========================================
Fitting final model...
========================================

========================================
Ranking performance on held-out plants
========================================
  recall@1:  Stage 2a 54.8% (34/62)   re-rank 75.8% (47/62)   +21.0%
  recall@3:  Stage 2a 82.3% (51/62)   re-rank 91.9% (57/62)   +9.7%
  recall@5:  Stage 2a 87.1% (54/62)   re-rank 98.4% (61/62)   +11.3%

  Denominator is the 62 test plant(s) whose pool contains
  the true parcel, of 81 total. The other 19 cannot be
  found by ANY ranking -- that gap belongs to candidate generation
  (see 08_diagnose_candidate_coverage.py), not to this model.

Computing feature importance...
             Variable  Importance  Importance_std
  stage2_prob_correct    0.028001        0.002831
         stage2a_rank    0.022887        0.002774
               osm_ww    0.005897        0.000128
           pop_served    0.002307        0.000652
 dominant_class_group    0.002265        0.000667
       lbcs_ownership    0.001414        0.000711
           distance_m    0.001306        0.000386
         log_distance    0.001211        0.000347
 od_any_fired_in_pool    0.001099        0.000291
       dominant_count    0.000975        0.001116
      water_pixel_pct    0.000909        0.000457
      od_pool_n_fired    0.000841        0.000797
         water_pixels    0.000596        0.000356
od_max_conf_clarifier    0.000487        0.000035
    surface_water_pct    0.000480        0.000190
   od_mean_confidence    0.000422        0.000104
        lbcs_activity    0.000416        0.000193
        ll_bldg_count    0.000391        0.000190
        any_geo_match    0.000296        0.000159
           within_1km    0.000290        0.000062

Saved: rerank_rf_model.joblib

Next: 05b_rerank_candidates.py, then score the holdout.
Finished: Tue Sep  8 16:58:21 EDT 2026  (exit 0)
