==========================================
Node:    r7n11
Job ID:  7413497
CPUs:    16
Started: Tue Sep  8 17:20:22 EDT 2026
==========================================
Loaded module: python/3.11
Python:  Python 3.11.13  (/work/GRDVULN/correction/.venv/bin/python)
------------------------------------------
Running: python /work/GRDVULN/correction/scripts/07b_train_rerank.py --seed 7
=== 07b_train_rerank.py: Stage 2a Re-ranker ===

Loading re-rank training data...
  [holdout] rerank: removed 0 rows / 0 plants (6475 -> 6475)
  Rows: 6475  |  plants: 324
  Label=1 (true parcel): 263
  Label=0 (competitor) : 6212
  Pools containing the true parcel: 263/324 (81%)

  Split by plant: 243 train / 81 test plant(s)
  Dropping leaking columns: ['true_ll_uuid', 'pool_has_positive']
  Dropping 3 all-NaN columns: ['od_max_conf_chlorine_contact', 'od_max_conf_drying_bed', 'od_max_conf_oxidation_pond']
  Model columns: 72
  Class balance 1:23  |  weights true 0.959 / competitor 0.041

Setting up cross-validation folds...
  Spatial folds: 5  |  Standard (grouped): 5

========================================
Tuning with SPATIAL cross-validation...
========================================
  SPATIAL CV complete in 1.0 minutes
  Best SPATIAL ROC AUC: 0.9663
    across 20 configs: mean 0.9626, sd 0.0021

========================================
Tuning with STANDARD (grouped) cross-validation...
========================================
  STANDARD (grouped) CV complete in 0.9 minutes
  Best STANDARD (grouped) ROC AUC: 0.9649
    across 20 configs: mean 0.9617, sd 0.0024

CV Comparison:
         cv   roc_auc
0   Spatial  0.966325
1  Standard  0.964925

========================================
Fitting final model...
========================================

========================================
Ranking performance on held-out plants
========================================
  recall@1:  Stage 2a 56.5% (35/62)   re-rank 71.0% (44/62)   +14.5%
  recall@3:  Stage 2a 83.9% (52/62)   re-rank 93.5% (58/62)   +9.7%
  recall@5:  Stage 2a 85.5% (53/62)   re-rank 96.8% (60/62)   +11.3%

  Denominator is the 62 test plant(s) whose pool contains
  the true parcel, of 81 total. The other 19 cannot be
  found by ANY ranking -- that gap belongs to candidate generation
  (see 08_diagnose_candidate_coverage.py), not to this model.

Computing feature importance...
            Variable  Importance  Importance_std
        stage2a_rank    0.008416        0.003610
 stage2_prob_correct    0.007479        0.003008
              osm_ww    0.004845        0.000391
      lbcs_ownership    0.002325        0.001038
dominant_class_group    0.001588        0.000330
          pop_served    0.001443        0.000884
      dominant_count    0.001331        0.000267
   od_max_confidence    0.000894        0.000135
        log_distance    0.000874        0.000086
          distance_m    0.000791        0.000119
od_any_fired_in_pool    0.000692        0.000394
          ll_gisacre    0.000660        0.000205
    od_has_clarifier    0.000648        0.000132
        total_pixels    0.000520        0.000230
     od_pool_n_fired    0.000373        0.000319
         log_gisacre    0.000369        0.000131
        od_n_objects    0.000362        0.000117
  od_mean_confidence    0.000304        0.000082
      od_n_clarifier    0.000288        0.000103
          within_1km    0.000232        0.000130

Saved: rerank_rf_model.joblib

Next: 05b_rerank_candidates.py, then score the holdout.
Finished: Tue Sep  8 17:22:45 EDT 2026  (exit 0)
