==========================================
Node:    r7n11
Job ID:  7413500
CPUs:    16
Started: Tue Sep  8 17:20:38 EDT 2026
==========================================
Loaded module: python/3.11
Python:  Python 3.11.13  (/work/GRDVULN/correction/.venv/bin/python)
------------------------------------------
Running: python /work/GRDVULN/correction/scripts/07b_train_rerank.py --no-od --seed 13
=== 07b_train_rerank.py: Stage 2a Re-ranker ===

*** --no-od: OD ABLATION. Artifacts get a _noOD suffix. ***

Loading re-rank training data...
  [holdout] rerank: removed 0 rows / 0 plants (6475 -> 6475)
  Rows: 6475  |  plants: 324
  Label=1 (true parcel): 263
  Label=0 (competitor) : 6212
  Pools containing the true parcel: 263/324 (81%)

  Split by plant: 243 train / 81 test plant(s)
  Dropping leaking columns: ['true_ll_uuid', 'pool_has_positive']
  Dropping 3 all-NaN columns: ['od_max_conf_chlorine_contact', 'od_max_conf_drying_bed', 'od_max_conf_oxidation_pond']
  --no-od: dropped 27 OD features
  Model columns: 45
  Class balance 1:23  |  weights true 0.959 / competitor 0.041

Setting up cross-validation folds...
  Spatial folds: 5  |  Standard (grouped): 5

========================================
Tuning with SPATIAL cross-validation...
========================================
  SPATIAL CV complete in 0.9 minutes
  Best SPATIAL ROC AUC: 0.9512
    across 20 configs: mean 0.9457, sd 0.0056

========================================
Tuning with STANDARD (grouped) cross-validation...
========================================
  STANDARD (grouped) CV complete in 0.8 minutes
  Best STANDARD (grouped) ROC AUC: 0.9582
    across 20 configs: mean 0.9532, sd 0.0046

CV Comparison:
         cv   roc_auc
1  Standard  0.958216
0   Spatial  0.951210

========================================
Fitting final model...
========================================

========================================
Ranking performance on held-out plants
========================================
  recall@1:  Stage 2a 66.7% (42/63)   re-rank 71.4% (45/63)   +4.8%
  recall@3:  Stage 2a 81.0% (51/63)   re-rank 88.9% (56/63)   +7.9%
  recall@5:  Stage 2a 84.1% (53/63)   re-rank 95.2% (60/63)   +11.1%

  Denominator is the 63 test plant(s) whose pool contains
  the true parcel, of 81 total. The other 18 cannot be
  found by ANY ranking -- that gap belongs to candidate generation
  (see 08_diagnose_candidate_coverage.py), not to this model.

Computing feature importance...
            Variable  Importance  Importance_std
        stage2a_rank    0.050100        0.003838
              osm_ww    0.021286        0.001852
 stage2_prob_correct    0.013930        0.002951
          distance_m    0.003383        0.001210
       bldg_per_acre    0.003124        0.001114
        log_distance    0.003109        0.001017
dominant_class_group    0.002600        0.000275
      lbcs_ownership    0.002534        0.001583
          pop_served    0.002314        0.000310
           has_water    0.001535        0.000374
     water_pixel_pct    0.001509        0.000406
  data_quality_score    0.001038        0.000778
          within_1km    0.000997        0.000403
        water_pixels    0.000728        0.000329
      dominant_count    0.000705        0.000626
     owner_is_person    0.000542        0.000119
        is_municipal    0.000502        0.000832
            is_rural    0.000359        0.000257
       any_geo_match    0.000316        0.000367
   surface_water_pct    0.000241        0.000149

Saved: rerank_rf_model_noOD.joblib

Next: 05b_rerank_candidates.py, then score the holdout.
Finished: Tue Sep  8 17:22:25 EDT 2026  (exit 0)
