==========================================
Node:    r7n11
Job ID:  7413491
CPUs:    16
Started: Tue Sep  8 17:13:22 EDT 2026
==========================================
Loaded module: python/3.11
Python:  Python 3.11.13  (/work/GRDVULN/correction/.venv/bin/python)
------------------------------------------
Running: python /work/GRDVULN/correction/scripts/07b_train_rerank.py --no-od --seed 42
=== 07b_train_rerank.py: Stage 2a Re-ranker ===

*** --no-od: OD ABLATION. Artifacts get a _noOD suffix. ***

Loading re-rank training data...
  [holdout] rerank: removed 0 rows / 0 plants (6475 -> 6475)
  Rows: 6475  |  plants: 324
  Label=1 (true parcel): 263
  Label=0 (competitor) : 6212
  Pools containing the true parcel: 263/324 (81%)

  Split by plant: 243 train / 81 test plant(s)
  Dropping leaking columns: ['true_ll_uuid', 'pool_has_positive']
  Dropping 3 all-NaN columns: ['od_max_conf_chlorine_contact', 'od_max_conf_drying_bed', 'od_max_conf_oxidation_pond']
  --no-od: dropped 27 OD features
  Model columns: 45
  Class balance 1:23  |  weights true 0.959 / competitor 0.041

Setting up cross-validation folds...
  Spatial folds: 5  |  Standard (grouped): 5

========================================
Tuning with SPATIAL cross-validation...
========================================
  SPATIAL CV complete in 0.9 minutes
  Best SPATIAL ROC AUC: 0.9499
    across 20 configs: mean 0.9426, sd 0.0048

========================================
Tuning with STANDARD (grouped) cross-validation...
========================================
  STANDARD (grouped) CV complete in 0.8 minutes
  Best STANDARD (grouped) ROC AUC: 0.9584
    across 20 configs: mean 0.9515, sd 0.0050

CV Comparison:
         cv   roc_auc
1  Standard  0.958448
0   Spatial  0.949877

========================================
Fitting final model...
========================================

========================================
Ranking performance on held-out plants
========================================
  recall@1:  Stage 2a 54.8% (34/62)   re-rank 67.7% (42/62)   +12.9%
  recall@3:  Stage 2a 82.3% (51/62)   re-rank 93.5% (58/62)   +11.3%
  recall@5:  Stage 2a 87.1% (54/62)   re-rank 96.8% (60/62)   +9.7%

  Denominator is the 62 test plant(s) whose pool contains
  the true parcel, of 81 total. The other 19 cannot be
  found by ANY ranking -- that gap belongs to candidate generation
  (see 08_diagnose_candidate_coverage.py), not to this model.

Computing feature importance...
            Variable  Importance  Importance_std
        stage2a_rank    0.043598        0.005778
              osm_ww    0.028734        0.000456
 stage2_prob_correct    0.024438        0.003617
      lbcs_ownership    0.002708        0.001182
          distance_m    0.002236        0.000515
        log_distance    0.002118        0.000517
          pop_served    0.002023        0.001050
dominant_class_group    0.001509        0.000427
     water_pixel_pct    0.001019        0.000252
      dominant_count    0.000836        0.000964
  data_quality_score    0.000774        0.000487
        water_pixels    0.000714        0.000217
           has_water    0.000462        0.000095
      has_ww_keyword    0.000427        0.000076
       bldg_per_acre    0.000346        0.000460
       lbcs_function    0.000217        0.000139
        county_match    0.000178        0.000150
         owner_water    0.000128        0.000041
          within_1km    0.000110        0.000223
         place_match    0.000106        0.000063

Saved: rerank_rf_model_noOD.joblib

Next: 05b_rerank_candidates.py, then score the holdout.
Finished: Tue Sep  8 17:15:24 EDT 2026  (exit 0)
