==========================================
Node:    r4n29
Job ID:  7403210
CPUs:    8
Started: Mon Aug 24 16:53:32 EDT 2026
==========================================
Loaded module: python/3.11
Python:  Python 3.11.13  (/work/GRDVULN/correction/.venv/bin/python)
------------------------------------------
Running: python /work/GRDVULN/correction/scripts/08_diagnose_candidate_coverage.py
=== 08_diagnose_candidate_coverage.py ===
K rings: 18

Corrections with both coordinate pairs: 316

--- Q1: correction distance distribution (km) ---
  n=316  mean=5.27  median=1.27  p90=10.26  p95=17.99  max=331.30
  Observed median meters per H3 ring step: 311 m
  => effective k=18 search RADIUS is about 5.6 km
     (config.py's comment says '~10km' -- if the number above is ~5.4, that comment is describing the diameter.)
  Corrections beyond their own k=18 ring: 53 / 316 (16.8%)

  Dropped 1 rows with non-numeric/missing LATITUDE or LONGITUDE
  Training plant universe: 2494 classes + 316 corrections -> 2494 unique CWNS_IDs
  Restricted to training-labeled plants: 16453 -> 2308
--- AR: 1 corrections ---
--- CA: 4 corrections ---
--- CO: 2 corrections ---
--- DC: 1 corrections ---
--- FL: 14 corrections ---
--- GA: 6 corrections ---
--- HI: 14 corrections ---
--- IA: 5 corrections ---
--- ID: 2 corrections ---
--- IL: 11 corrections ---
--- IN: 9 corrections ---
--- KS: 35 corrections ---
--- KY: 21 corrections ---
--- LA: 2 corrections ---
--- MA: 3 corrections ---
--- MD: 4 corrections ---
--- MI: 7 corrections ---
--- MN: 5 corrections ---
--- MO: 7 corrections ---
--- MT: 3 corrections ---
--- NC: 12 corrections ---
--- ND: 4 corrections ---
--- NE: 4 corrections ---
--- NM: 4 corrections ---
--- NV: 1 corrections ---
--- NY: 23 corrections ---
--- OH: 8 corrections ---
--- OK: 3 corrections ---
--- OR: 27 corrections ---
--- PA: 4 corrections ---
--- PR: 2 corrections ---
--- SC: 1 corrections ---
--- SD: 3 corrections ---
--- TN: 1 corrections ---
--- TX: 15 corrections ---
--- UT: 3 corrections ---
--- VA: 2 corrections ---
--- VT: 1 corrections ---
--- WA: 9 corrections ---
--- WI: 29 corrections ---
--- WV: 2 corrections ---
--- WY: 2 corrections ---

--- Q2/Q3: corrected-parcel coverage ---
  ok_usable                            266  ( 84.2%)
  a_outside_search_window               45  ( 14.2%)
  b_no_parcel_at_corrected_point         4  (  1.3%)
  c_in_window_but_no_nlcd_row            1  (  0.3%)

  CEILING: 266/316 (84.2%) of known corrections can currently contribute a positive Stage 2b row.
  Of the 45 outside the window, ring distances run 20-948; k=220 would capture 95% of them (candidate count scales ~k^2, so k=220 is roughly 149.4x the current pool).

--- Q4: reported-side (negative row) availability ---
  reported point hits NO parcel        : 135  (expected -- these plants legitimately have no negative row)
  reported parcel exists but not in 10_parcel_features: 19  (join loss -- these are FREE hard negatives if recovered)
  usable negative rows                 : 162

Written: /work/GRDVULN/correction/data/diagnostics/correction_coverage.parquet
Written: /work/GRDVULN/correction/data/diagnostics/missing_parcels_topup.csv  (20 parcels for 01d)

NOTE: parcels classified 'a_outside_search_window' are NOT in that file -- a top-up can compute their NLCD stats, but they would still be absent from Stage 2a's candidate pool at inference, so the honest fix is K_RINGS, not a top-up. Decide that from the numbers above.

=== complete ===
Finished: Mon Aug 24 16:58:45 EDT 2026
