==========================================
check_01a_01b_complete.sh
Expected states: 52
==========================================

--- 01a (job 7399927): sacct status ---
  All array tasks COMPLETED.

--- 01b (job 7400036): sacct status ---
  All array tasks COMPLETED.

--- 01a (nlcd_features): output per state ---
  Present: 52 / 52

--- 01b (od_features/plants): output per state ---
  Present: 51 / 52
  MISSING states: DC

--- 01b: fetch failures per state (from logs) ---
  Processing state: AK  (array index 0 of 52) -- NO SUMMARY FOUND IN LOG (job likely crashed before finishing)
  Processing state: GA  (array index 10 of 52) --   Fetch failures        : 12  <-- check for rate-limiting if this is high relative to plants processed  <-- worth a closer look
  Processing state: KY  (array index 17 of 52) --   Fetch failures        : 67  <-- check for rate-limiting if this is high relative to plants processed  <-- worth a closer look
  Processing state: MD  (array index 20 of 52) --   Fetch failures        : 23  <-- check for rate-limiting if this is high relative to plants processed  <-- worth a closer look
  Processing state: MS  (array index 25 of 52) -- NO SUMMARY FOUND IN LOG (job likely crashed before finishing)
  Processing state: NH  (array index 30 of 52) -- NO SUMMARY FOUND IN LOG (job likely crashed before finishing)
  Processing state: TX  (array index 44 of 52) --   Fetch failures        : 8  <-- check for rate-limiting if this is high relative to plants processed  <-- worth a closer look
  Processing state: UT  (array index 45 of 52) -- NO SUMMARY FOUND IN LOG (job likely crashed before finishing)
  Processing state: VT  (array index 47 of 52) -- NO SUMMARY FOUND IN LOG (job likely crashed before finishing)
  Processing state: DE  (array index 8 of 52) -- NO SUMMARY FOUND IN LOG (job likely crashed before finishing)
  Processing state: FL  (array index 9 of 52) --   Fetch failures        : 17  <-- check for rate-limiting if this is high relative to plants processed  <-- worth a closer look
  (states with <=3 fetch failures not listed individually -- normal/expected)

==========================================
RESULT: Issues found above -- resolve before running 02.
==========================================
Finished: Fri Aug 21 08:02:38 EDT 2026
