==========================================
Node:    a0n15
Job ID:  7400210
CPUs:    4
Started: Fri Aug 21 09:25:03 EDT 2026
==========================================
Loaded module: python/3.11
Python:  Python 3.11.13  (/work/GRDVULN/correction/.venv/bin/python)
------------------------------------------
Reading 4 part-file(s) for KY...
Deduplicated: 1002 raw tile rows -> 338 unique tiles (kept most recent attempt per tile_id)

338 total tile rows, 68 fetch_failed

--- fetch_error message distribution ---
fetch_error
Read failed. See previous exception for details.                                                                                                                                                                                                                                                                                                                                                                                                                                                                                                47
CURL error: Recv failure: Connection reset by peer | caused by: CPLE_HttpResponseError: CURL error: Recv failure: Connection reset by peer                                                                                                                                                                                                                                                                                                                                                                                                       1
Read failed. See previous exception for details. | caused by: CPLE_IllegalArgError: m_3708428_nw_16_060_20220629.tif?st=2026-08-20T13%3A20%3A29Z&se=2026-08-21T14%3A05%3A29Z&sp=rl&sv=2025-07-05&sr=c&skoid=9c8ff44a-6a2c-4dfb-b298-1c9212f64d9a&sktid=72f988bf-86f1-41af-91ab-2d7cd011db47&skt=2026-08-21T13%3A10%3A27Z&ske=2026-08-28T13%3A10%3A27Z&sks=b&skv=2025-07-05&sig=7LprqCnuYQn7gMrfWlH27%2BaNreutxGqUqKbNSlpA%2BhQ%3D: Access window out of range in RasterIO().  Requested (10160,5727) of size 1x942 on raster of 10160x12460.     1
Read failed. See previous exception for details. | caused by: CPLE_IllegalArgError: m_3708428_nw_16_060_20220629.tif?st=2026-08-20T13%3A20%3A29Z&se=2026-08-21T14%3A05%3A29Z&sp=rl&sv=2025-07-05&sr=c&skoid=9c8ff44a-6a2c-4dfb-b298-1c9212f64d9a&sktid=72f988bf-86f1-41af-91ab-2d7cd011db47&skt=2026-08-21T13%3A10%3A27Z&ske=2026-08-28T13%3A10%3A27Z&sks=b&skv=2025-07-05&sig=7LprqCnuYQn7gMrfWlH27%2BaNreutxGqUqKbNSlpA%2BhQ%3D: Access window out of range in RasterIO().  Requested (10160,4987) of size 1x942 on raster of 10160x12460.     1
Read failed. See previous exception for details. | caused by: CPLE_IllegalArgError: m_3708428_nw_16_060_20220629.tif?st=2026-08-20T13%3A20%3A29Z&se=2026-08-21T14%3A05%3A29Z&sp=rl&sv=2025-07-05&sr=c&skoid=9c8ff44a-6a2c-4dfb-b298-1c9212f64d9a&sktid=72f988bf-86f1-41af-91ab-2d7cd011db47&skt=2026-08-21T13%3A10%3A27Z&ske=2026-08-28T13%3A10%3A27Z&sks=b&skv=2025-07-05&sig=7LprqCnuYQn7gMrfWlH27%2BaNreutxGqUqKbNSlpA%2BhQ%3D: Access window out of range in RasterIO().  Requested (10160,4918) of size 1x942 on raster of 10160x12460.     1
Read failed. See previous exception for details. | caused by: CPLE_IllegalArgError: m_3708428_nw_16_060_20220629.tif?st=2026-08-20T13%3A20%3A29Z&se=2026-08-21T14%3A05%3A29Z&sp=rl&sv=2025-07-05&sr=c&skoid=9c8ff44a-6a2c-4dfb-b298-1c9212f64d9a&sktid=72f988bf-86f1-41af-91ab-2d7cd011db47&skt=2026-08-21T13%3A10%3A27Z&ske=2026-08-28T13%3A10%3A27Z&sks=b&skv=2025-07-05&sig=7LprqCnuYQn7gMrfWlH27%2BaNreutxGqUqKbNSlpA%2BhQ%3D: Access window out of range in RasterIO().  Requested (10160,4178) of size 1x942 on raster of 10160x12460.     1
Read failed. See previous exception for details. | caused by: CPLE_IllegalArgError: m_3708428_nw_16_060_20220629.tif?st=2026-08-20T13%3A20%3A29Z&se=2026-08-21T14%3A05%3A29Z&sp=rl&sv=2025-07-05&sr=c&skoid=9c8ff44a-6a2c-4dfb-b298-1c9212f64d9a&sktid=72f988bf-86f1-41af-91ab-2d7cd011db47&skt=2026-08-21T13%3A10%3A27Z&ske=2026-08-28T13%3A10%3A27Z&sks=b&skv=2025-07-05&sig=7LprqCnuYQn7gMrfWlH27%2BaNreutxGqUqKbNSlpA%2BhQ%3D: Access window out of range in RasterIO().  Requested (10160,4248) of size 1x942 on raster of 10160x12460.     1
Read failed. See previous exception for details. | caused by: CPLE_IllegalArgError: m_3708428_nw_16_060_20220629.tif?st=2026-08-20T13%3A20%3A29Z&se=2026-08-21T14%3A05%3A29Z&sp=rl&sv=2025-07-05&sr=c&skoid=9c8ff44a-6a2c-4dfb-b298-1c9212f64d9a&sktid=72f988bf-86f1-41af-91ab-2d7cd011db47&skt=2026-08-21T13%3A10%3A27Z&ske=2026-08-28T13%3A10%3A27Z&sks=b&skv=2025-07-05&sig=7LprqCnuYQn7gMrfWlH27%2BaNreutxGqUqKbNSlpA%2BhQ%3D: Access window out of range in RasterIO().  Requested (10160,3438) of size 1x942 on raster of 10160x12460.     1
Read failed. See previous exception for details. | caused by: CPLE_IllegalArgError: m_3708428_nw_16_060_20220629.tif?st=2026-08-20T13%3A20%3A29Z&se=2026-08-21T14%3A05%3A29Z&sp=rl&sv=2025-07-05&sr=c&skoid=9c8ff44a-6a2c-4dfb-b298-1c9212f64d9a&sktid=72f988bf-86f1-41af-91ab-2d7cd011db47&skt=2026-08-21T13%3A10%3A27Z&ske=2026-08-28T13%3A10%3A27Z&sks=b&skv=2025-07-05&sig=7LprqCnuYQn7gMrfWlH27%2BaNreutxGqUqKbNSlpA%2BhQ%3D: Access window out of range in RasterIO().  Requested (10160,3508) of size 1x942 on raster of 10160x12460.     1
Read failed. See previous exception for details. | caused by: CPLE_IllegalArgError: m_3708428_nw_16_060_20220629.tif?st=2026-08-20T13%3A20%3A29Z&se=2026-08-21T14%3A05%3A29Z&sp=rl&sv=2025-07-05&sr=c&skoid=9c8ff44a-6a2c-4dfb-b298-1c9212f64d9a&sktid=72f988bf-86f1-41af-91ab-2d7cd011db47&skt=2026-08-21T13%3A10%3A27Z&ske=2026-08-28T13%3A10%3A27Z&sks=b&skv=2025-07-05&sig=7LprqCnuYQn7gMrfWlH27%2BaNreutxGqUqKbNSlpA%2BhQ%3D: Access window out of range in RasterIO().  Requested (10160,2699) of size 1x942 on raster of 10160x12460.     1
Read failed. See previous exception for details. | caused by: CPLE_IllegalArgError: m_3708428_nw_16_060_20220629.tif?st=2026-08-20T13%3A20%3A29Z&se=2026-08-21T14%3A05%3A29Z&sp=rl&sv=2025-07-05&sr=c&skoid=9c8ff44a-6a2c-4dfb-b298-1c9212f64d9a&sktid=72f988bf-86f1-41af-91ab-2d7cd011db47&skt=2026-08-21T13%3A10%3A27Z&ske=2026-08-28T13%3A10%3A27Z&sks=b&skv=2025-07-05&sig=7LprqCnuYQn7gMrfWlH27%2BaNreutxGqUqKbNSlpA%2BhQ%3D: Access window out of range in RasterIO().  Requested (10160,2768) of size 1x942 on raster of 10160x12460.     1
Read failed. See previous exception for details. | caused by: CPLE_IllegalArgError: m_3708428_nw_16_060_20220629.tif?st=2026-08-20T13%3A20%3A29Z&se=2026-08-21T14%3A05%3A29Z&sp=rl&sv=2025-07-05&sr=c&skoid=9c8ff44a-6a2c-4dfb-b298-1c9212f64d9a&sktid=72f988bf-86f1-41af-91ab-2d7cd011db47&skt=2026-08-21T13%3A10%3A27Z&ske=2026-08-28T13%3A10%3A27Z&sks=b&skv=2025-07-05&sig=7LprqCnuYQn7gMrfWlH27%2BaNreutxGqUqKbNSlpA%2BhQ%3D: Access window out of range in RasterIO().  Requested (10160,2838) of size 1x942 on raster of 10160x12460.     1
Read failed. See previous exception for details. | caused by: CPLE_IllegalArgError: m_3708428_nw_16_060_20220629.tif?st=2026-08-20T13%3A20%3A29Z&se=2026-08-21T14%3A05%3A29Z&sp=rl&sv=2025-07-05&sr=c&skoid=9c8ff44a-6a2c-4dfb-b298-1c9212f64d9a&sktid=72f988bf-86f1-41af-91ab-2d7cd011db47&skt=2026-08-21T13%3A10%3A27Z&ske=2026-08-28T13%3A10%3A27Z&sks=b&skv=2025-07-05&sig=7LprqCnuYQn7gMrfWlH27%2BaNreutxGqUqKbNSlpA%2BhQ%3D: Access window out of range in RasterIO().  Requested (10160,2908) of size 1x943 on raster of 10160x12460.     1
Read failed. See previous exception for details. | caused by: CPLE_IllegalArgError: m_3708428_nw_16_060_20220629.tif?st=2026-08-20T13%3A20%3A29Z&se=2026-08-21T14%3A05%3A29Z&sp=rl&sv=2025-07-05&sr=c&skoid=9c8ff44a-6a2c-4dfb-b298-1c9212f64d9a&sktid=72f988bf-86f1-41af-91ab-2d7cd011db47&skt=2026-08-21T13%3A10%3A27Z&ske=2026-08-28T13%3A10%3A27Z&sks=b&skv=2025-07-05&sig=7LprqCnuYQn7gMrfWlH27%2BaNreutxGqUqKbNSlpA%2BhQ%3D: Access window out of range in RasterIO().  Requested (10160,2977) of size 1x943 on raster of 10160x12460.     1
Read failed. See previous exception for details. | caused by: CPLE_IllegalArgError: m_3708428_nw_16_060_20220629.tif?st=2026-08-20T13%3A20%3A29Z&se=2026-08-21T14%3A05%3A29Z&sp=rl&sv=2025-07-05&sr=c&skoid=9c8ff44a-6a2c-4dfb-b298-1c9212f64d9a&sktid=72f988bf-86f1-41af-91ab-2d7cd011db47&skt=2026-08-21T13%3A10%3A27Z&ske=2026-08-28T13%3A10%3A27Z&sks=b&skv=2025-07-05&sig=7LprqCnuYQn7gMrfWlH27%2BaNreutxGqUqKbNSlpA%2BhQ%3D: Access window out of range in RasterIO().  Requested (10160,1959) of size 1x942 on raster of 10160x12460.     1
Read failed. See previous exception for details. | caused by: CPLE_IllegalArgError: m_3708428_nw_16_060_20220629.tif?st=2026-08-20T13%3A20%3A29Z&se=2026-08-21T14%3A05%3A29Z&sp=rl&sv=2025-07-05&sr=c&skoid=9c8ff44a-6a2c-4dfb-b298-1c9212f64d9a&sktid=72f988bf-86f1-41af-91ab-2d7cd011db47&skt=2026-08-21T13%3A10%3A27Z&ske=2026-08-28T13%3A10%3A27Z&sks=b&skv=2025-07-05&sig=7LprqCnuYQn7gMrfWlH27%2BaNreutxGqUqKbNSlpA%2BhQ%3D: Access window out of range in RasterIO().  Requested (10160,2029) of size 1x942 on raster of 10160x12460.     1
Read failed. See previous exception for details. | caused by: CPLE_IllegalArgError: m_3708428_nw_16_060_20220629.tif?st=2026-08-20T13%3A20%3A29Z&se=2026-08-21T14%3A05%3A29Z&sp=rl&sv=2025-07-05&sr=c&skoid=9c8ff44a-6a2c-4dfb-b298-1c9212f64d9a&sktid=72f988bf-86f1-41af-91ab-2d7cd011db47&skt=2026-08-21T13%3A10%3A27Z&ske=2026-08-28T13%3A10%3A27Z&sks=b&skv=2025-07-05&sig=7LprqCnuYQn7gMrfWlH27%2BaNreutxGqUqKbNSlpA%2BhQ%3D: Access window out of range in RasterIO().  Requested (10160,2098) of size 1x942 on raster of 10160x12460.     1
Read failed. See previous exception for details. | caused by: CPLE_IllegalArgError: m_3708428_nw_16_060_20220629.tif?st=2026-08-20T13%3A20%3A29Z&se=2026-08-21T14%3A05%3A29Z&sp=rl&sv=2025-07-05&sr=c&skoid=9c8ff44a-6a2c-4dfb-b298-1c9212f64d9a&sktid=72f988bf-86f1-41af-91ab-2d7cd011db47&skt=2026-08-21T13%3A10%3A27Z&ske=2026-08-28T13%3A10%3A27Z&sks=b&skv=2025-07-05&sig=7LprqCnuYQn7gMrfWlH27%2BaNreutxGqUqKbNSlpA%2BhQ%3D: Access window out of range in RasterIO().  Requested (10160,2168) of size 1x943 on raster of 10160x12460.     1
Read failed. See previous exception for details. | caused by: CPLE_IllegalArgError: m_3708428_nw_16_060_20220629.tif?st=2026-08-20T13%3A20%3A29Z&se=2026-08-21T14%3A05%3A29Z&sp=rl&sv=2025-07-05&sr=c&skoid=9c8ff44a-6a2c-4dfb-b298-1c9212f64d9a&sktid=72f988bf-86f1-41af-91ab-2d7cd011db47&skt=2026-08-21T13%3A10%3A27Z&ske=2026-08-28T13%3A10%3A27Z&sks=b&skv=2025-07-05&sig=7LprqCnuYQn7gMrfWlH27%2BaNreutxGqUqKbNSlpA%2BhQ%3D: Access window out of range in RasterIO().  Requested (10160,2238) of size 1x943 on raster of 10160x12460.     1
Read failed. See previous exception for details. | caused by: CPLE_IllegalArgError: m_3708428_nw_16_060_20220629.tif?st=2026-08-20T13%3A20%3A29Z&se=2026-08-21T14%3A05%3A29Z&sp=rl&sv=2025-07-05&sr=c&skoid=9c8ff44a-6a2c-4dfb-b298-1c9212f64d9a&sktid=72f988bf-86f1-41af-91ab-2d7cd011db47&skt=2026-08-21T13%3A10%3A27Z&ske=2026-08-28T13%3A10%3A27Z&sks=b&skv=2025-07-05&sig=7LprqCnuYQn7gMrfWlH27%2BaNreutxGqUqKbNSlpA%2BhQ%3D: Access window out of range in RasterIO().  Requested (10160,1220) of size 1x942 on raster of 10160x12460.     1
Read failed. See previous exception for details. | caused by: CPLE_IllegalArgError: m_3708428_nw_16_060_20220629.tif?st=2026-08-20T13%3A20%3A29Z&se=2026-08-21T14%3A05%3A29Z&sp=rl&sv=2025-07-05&sr=c&skoid=9c8ff44a-6a2c-4dfb-b298-1c9212f64d9a&sktid=72f988bf-86f1-41af-91ab-2d7cd011db47&skt=2026-08-21T13%3A10%3A27Z&ske=2026-08-28T13%3A10%3A27Z&sks=b&skv=2025-07-05&sig=7LprqCnuYQn7gMrfWlH27%2BaNreutxGqUqKbNSlpA%2BhQ%3D: Access window out of range in RasterIO().  Requested (10160,1289) of size 1x942 on raster of 10160x12460.     1
Read failed. See previous exception for details. | caused by: CPLE_IllegalArgError: m_3708428_nw_16_060_20220629.tif?st=2026-08-20T13%3A20%3A29Z&se=2026-08-21T14%3A05%3A29Z&sp=rl&sv=2025-07-05&sr=c&skoid=9c8ff44a-6a2c-4dfb-b298-1c9212f64d9a&sktid=72f988bf-86f1-41af-91ab-2d7cd011db47&skt=2026-08-21T13%3A10%3A27Z&ske=2026-08-28T13%3A10%3A27Z&sks=b&skv=2025-07-05&sig=7LprqCnuYQn7gMrfWlH27%2BaNreutxGqUqKbNSlpA%2BhQ%3D: Access window out of range in RasterIO().  Requested (10160,550) of size 1x942 on raster of 10160x12460.      1

--- per-CWNS_ID breakdown ---
CWNS_ID
21000269001    67
21000101001     1

--- affected plants: parcel context ---
  21000269001: 67/234 tiles failed, parcel_area=1.239 km2, parcel_capped=False
  21000101001: 1/1 tiles failed, parcel_area=0.022 km2, parcel_capped=False

--- sample errors (first 3, full detail) ---

  Read failed. See previous exception for details.

  CURL error: Recv failure: Connection reset by peer | caused by: CPLE_HttpResponseError: CURL error: Recv failure: Connection reset by peer

  Read failed. See previous exception for details. | caused by: CPLE_IllegalArgError: m_3708428_nw_16_060_20220629.tif?st=2026-08-20T13%3A20%3A29Z&se=2026-08-21T14%3A05%3A29Z&sp=rl&sv=2025-07-05&sr=c&skoid=9c8ff44a-6a2c-4dfb-b298-1c9212f64d9a&sktid=72f988bf-86f1-41af-91ab-2d7cd011db47&skt=2026-08-21T13%3A10%3A27Z&ske=2026-08-28T13%3A10%3A27Z&sks=b&skv=2025-07-05&sig=7LprqCnuYQn7gMrfWlH27%2BaNreutxGqUqKbNSlpA%2BhQ%3D: Access window out of range in RasterIO().  Requested (10160,5727) of size 1x942 on raster of 10160x12460.
Finished: Fri Aug 21 09:25:03 EDT 2026
